Archive member included because of file (symbol)

/opt/CodeSourcery/Sourcery_CodeBench_Lite_for_ARM_EABI/bin/../lib/gcc/arm-none-eabi/4.7.2/thumb2/libgcc.a(_arm_addsubdf3.o)
                              ./src/project_src/Tasks.o (__aeabi_dsub)
/opt/CodeSourcery/Sourcery_CodeBench_Lite_for_ARM_EABI/bin/../lib/gcc/arm-none-eabi/4.7.2/thumb2/libgcc.a(_arm_fixdfsi.o)
                              ./src/project_src/filter_Lib.o (__aeabi_d2iz)
/opt/CodeSourcery/Sourcery_CodeBench_Lite_for_ARM_EABI/bin/../lib/gcc/arm-none-eabi/4.7.2/thumb2/libgcc.a(_arm_truncdfsf2.o)
                              ./src/project_src/Tasks.o (__aeabi_d2f)
/opt/CodeSourcery/Sourcery_CodeBench_Lite_for_ARM_EABI/bin/../lib/gcc/arm-none-eabi/4.7.2/../../../../arm-none-eabi/lib/thumb2/libc.a(lib_a-memcmp.o)
                              ./src/FreeRTOS/Source/tasks.o (memcmp)
/opt/CodeSourcery/Sourcery_CodeBench_Lite_for_ARM_EABI/bin/../lib/gcc/arm-none-eabi/4.7.2/../../../../arm-none-eabi/lib/thumb2/libc.a(lib_a-memcpy.o)
                              ./src/FreeRTOS/Source/queue.o (memcpy)
/opt/CodeSourcery/Sourcery_CodeBench_Lite_for_ARM_EABI/bin/../lib/gcc/arm-none-eabi/4.7.2/../../../../arm-none-eabi/lib/thumb2/libc.a(lib_a-memset.o)
                              ./src/project_src/Tasks.o (memset)
/opt/CodeSourcery/Sourcery_CodeBench_Lite_for_ARM_EABI/bin/../lib/gcc/arm-none-eabi/4.7.2/../../../../arm-none-eabi/lib/thumb2/libc.a(lib_a-strncpy.o)
                              ./src/FreeRTOS/Source/tasks.o (strncpy)
/opt/CodeSourcery/Sourcery_CodeBench_Lite_for_ARM_EABI/bin/../lib/gcc/arm-none-eabi/4.7.2/../../../../arm-none-eabi/lib/thumb2/libm.a(lib_a-sf_cos.o)
                              ./src/project_src/IMU_algorithm.o (cosf)
/opt/CodeSourcery/Sourcery_CodeBench_Lite_for_ARM_EABI/bin/../lib/gcc/arm-none-eabi/4.7.2/../../../../arm-none-eabi/lib/thumb2/libm.a(lib_a-sf_sin.o)
                              ./src/project_src/IMU_algorithm.o (sinf)
/opt/CodeSourcery/Sourcery_CodeBench_Lite_for_ARM_EABI/bin/../lib/gcc/arm-none-eabi/4.7.2/../../../../arm-none-eabi/lib/thumb2/libm.a(lib_a-w_atan2.o)
                              ./src/project_src/Tasks.o (atan2)
/opt/CodeSourcery/Sourcery_CodeBench_Lite_for_ARM_EABI/bin/../lib/gcc/arm-none-eabi/4.7.2/../../../../arm-none-eabi/lib/thumb2/libm.a(lib_a-w_sqrt.o)
                              ./src/project_src/filter_Lib.o (sqrt)
/opt/CodeSourcery/Sourcery_CodeBench_Lite_for_ARM_EABI/bin/../lib/gcc/arm-none-eabi/4.7.2/../../../../arm-none-eabi/lib/thumb2/libm.a(lib_a-wf_asin.o)
                              ./src/project_src/IMU_algorithm.o (asinf)
/opt/CodeSourcery/Sourcery_CodeBench_Lite_for_ARM_EABI/bin/../lib/gcc/arm-none-eabi/4.7.2/../../../../arm-none-eabi/lib/thumb2/libm.a(lib_a-wf_atan2.o)
                              ./src/project_src/IMU_algorithm.o (atan2f)
/opt/CodeSourcery/Sourcery_CodeBench_Lite_for_ARM_EABI/bin/../lib/gcc/arm-none-eabi/4.7.2/../../../../arm-none-eabi/lib/thumb2/libm.a(lib_a-wf_sqrt.o)
                              ./src/project_src/IMU_algorithm.o (sqrtf)
/opt/CodeSourcery/Sourcery_CodeBench_Lite_for_ARM_EABI/bin/../lib/gcc/arm-none-eabi/4.7.2/../../../../arm-none-eabi/lib/thumb2/libm.a(lib_a-e_atan2.o)
                              /opt/CodeSourcery/Sourcery_CodeBench_Lite_for_ARM_EABI/bin/../lib/gcc/arm-none-eabi/4.7.2/../../../../arm-none-eabi/lib/thumb2/libm.a(lib_a-w_atan2.o) (__ieee754_atan2)
/opt/CodeSourcery/Sourcery_CodeBench_Lite_for_ARM_EABI/bin/../lib/gcc/arm-none-eabi/4.7.2/../../../../arm-none-eabi/lib/thumb2/libm.a(lib_a-e_sqrt.o)
                              /opt/CodeSourcery/Sourcery_CodeBench_Lite_for_ARM_EABI/bin/../lib/gcc/arm-none-eabi/4.7.2/../../../../arm-none-eabi/lib/thumb2/libm.a(lib_a-w_sqrt.o) (__ieee754_sqrt)
/opt/CodeSourcery/Sourcery_CodeBench_Lite_for_ARM_EABI/bin/../lib/gcc/arm-none-eabi/4.7.2/../../../../arm-none-eabi/lib/thumb2/libm.a(lib_a-ef_asin.o)
                              /opt/CodeSourcery/Sourcery_CodeBench_Lite_for_ARM_EABI/bin/../lib/gcc/arm-none-eabi/4.7.2/../../../../arm-none-eabi/lib/thumb2/libm.a(lib_a-wf_asin.o) (__ieee754_asinf)
/opt/CodeSourcery/Sourcery_CodeBench_Lite_for_ARM_EABI/bin/../lib/gcc/arm-none-eabi/4.7.2/../../../../arm-none-eabi/lib/thumb2/libm.a(lib_a-ef_atan2.o)
                              /opt/CodeSourcery/Sourcery_CodeBench_Lite_for_ARM_EABI/bin/../lib/gcc/arm-none-eabi/4.7.2/../../../../arm-none-eabi/lib/thumb2/libm.a(lib_a-wf_atan2.o) (__ieee754_atan2f)
/opt/CodeSourcery/Sourcery_CodeBench_Lite_for_ARM_EABI/bin/../lib/gcc/arm-none-eabi/4.7.2/../../../../arm-none-eabi/lib/thumb2/libm.a(lib_a-ef_rem_pio2.o)
                              /opt/CodeSourcery/Sourcery_CodeBench_Lite_for_ARM_EABI/bin/../lib/gcc/arm-none-eabi/4.7.2/../../../../arm-none-eabi/lib/thumb2/libm.a(lib_a-sf_cos.o) (__ieee754_rem_pio2f)
/opt/CodeSourcery/Sourcery_CodeBench_Lite_for_ARM_EABI/bin/../lib/gcc/arm-none-eabi/4.7.2/../../../../arm-none-eabi/lib/thumb2/libm.a(lib_a-ef_sqrt.o)
[...]
Memory Configuration

Name             Origin             Length             Attributes
FLASH            0x08000000         0x00040000         xr
RAM              0x20000000         0x0000a000         xrw
MEMORY_B1        0x60000000         0x00000000         xr
CCMRAM           0x10000000         0x00002000         rw
*default*        0x00000000         0xffffffff

Linker script and memory map

LOAD ./src/project_src/ADXL345_Lib.o
LOAD ./src/project_src/HMC5883L_Lib.o
LOAD ./src/project_src/IMU_algorithm.o
LOAD ./src/project_src/L3GD20_Lib_SPI.o
LOAD ./src/project_src/LSM303DLHC_Lib_I2C.o
LOAD ./src/project_src/MotorPWM.o
LOAD ./src/project_src/PID_control.o
LOAD ./src/project_src/Tasks.o
LOAD ./src/project_src/Vector_math.o
LOAD ./src/project_src/filter_Lib.o
LOAD ./src/project_src/fuzzy.o
LOAD ./src/project_src/helperFunctions.o
LOAD ./src/project_src/main.o
LOAD ./src/project_src/printf_stdarg.o
LOAD ./src/project_src/remote_control.o
LOAD ./src/project_src/stm32_configuration.o
LOAD ./src/project_src/stm32f30x_it.o
LOAD ./src/project_src/usart.o
LOAD ./src/project_src/vertibot_settings.o
LOAD ./src/project_src/xBee_Lib.o
LOAD ./src/STM32F30x_StdPeriph_Driver/src/stm32f30x_adc.o
LOAD ./src/STM32F30x_StdPeriph_Driver/src/stm32f30x_can.o
LOAD ./src/STM32F30x_StdPeriph_Driver/src/stm32f30x_comp.o
LOAD ./src/STM32F30x_StdPeriph_Driver/src/stm32f30x_crc.o
LOAD ./src/STM32F30x_StdPeriph_Driver/src/stm32f30x_dac.o
LOAD ./src/STM32F30x_StdPeriph_Driver/src/stm32f30x_dbgmcu.o
LOAD ./src/STM32F30x_StdPeriph_Driver/src/stm32f30x_dma.o
LOAD ./src/STM32F30x_StdPeriph_Driver/src/stm32f30x_exti.o
LOAD ./src/STM32F30x_StdPeriph_Driver/src/stm32f30x_flash.o
LOAD ./src/STM32F30x_StdPeriph_Driver/src/stm32f30x_gpio.o
LOAD ./src/STM32F30x_StdPeriph_Driver/src/stm32f30x_i2c.o
LOAD ./src/STM32F30x_StdPeriph_Driver/src/stm32f30x_iwdg.o
LOAD ./src/STM32F30x_StdPeriph_Driver/src/stm32f30x_misc.o
LOAD ./src/STM32F30x_StdPeriph_Driver/src/stm32f30x_opamp.o
LOAD ./src/STM32F30x_StdPeriph_Driver/src/stm32f30x_pwr.o
LOAD ./src/STM32F30x_StdPeriph_Driver/src/stm32f30x_rcc.o
LOAD ./src/STM32F30x_StdPeriph_Driver/src/stm32f30x_rtc.o
LOAD ./src/STM32F30x_StdPeriph_Driver/src/stm32f30x_spi.o
LOAD ./src/STM32F30x_StdPeriph_Driver/src/stm32f30x_syscfg.o
LOAD ./src/STM32F30x_StdPeriph_Driver/src/stm32f30x_tim.o
LOAD ./src/STM32F30x_StdPeriph_Driver/src/stm32f30x_usart.o
LOAD ./src/STM32F30x_StdPeriph_Driver/src/stm32f30x_wwdg.o
LOAD ./src/FreeRTOS/Source/portable/MemMang/heap_1.o
LOAD ./src/FreeRTOS/Source/portable/GCC/ARM_CM4F/port.o
LOAD ./src/FreeRTOS/Source/croutine.o
LOAD ./src/FreeRTOS/Source/list.o
LOAD ./src/FreeRTOS/Source/queue.o
LOAD ./src/FreeRTOS/Source/tasks.o
LOAD ./src/FreeRTOS/Source/timers.o
LOAD ./src/CMSIS/Device/ST/STM32F30x/Source/Templates/gcc_ride7/startup_stm32f30x.o
LOAD ./src/CMSIS/Device/ST/STM32F30x/Source/Templates/system_stm32f30x.o
START GROUP
LOAD /opt/CodeSourcery/Sourcery_CodeBench_Lite_for_ARM_EABI/bin/../lib/gcc/arm-none-eabi/4.7.2/thumb2/libgcc.a
LOAD /opt/CodeSourcery/Sourcery_CodeBench_Lite_for_ARM_EABI/bin/../lib/gcc/arm-none-eabi/4.7.2/../../../../arm-none-eabi/lib/thumb2/libc.a
END GROUP
                0x2000a000                _estack = 0x2000a000
                0x00000000                _Min_Heap_Size = 0x0
                0x00000200                _Min_Stack_Size = 0x200

.isr_vector     0x08000000      0x188
                0x08000000                . = ALIGN (0x4)
 *(.isr_vector)
 .isr_vector    0x08000000      0x188 ./src/CMSIS/Device/ST/STM32F30x/Source/Templates/gcc_ride7/startup_stm32f30x.o
                0x08000000                g_pfnVectors
                0x08000188                . = ALIGN (0x4)

.text           0x08000188     0xa7c8
                0x08000188                . = ALIGN (0x4)
 *(.text)
 .text          0x08000188      0x488 ./src/project_src/IMU_algorithm.o
                0x08000188                IMU_init
                0x080001ac                IMU_init_drift_correction
                0x080001d4                IMU_update
                0x0800026e                IMU_normalize
                0x08000334                IMU_ortho_adjust
                0x08000394                IMU_drift_correction_ACC
                0x0800042a                IMU_drift_correction_MAG
                0x080004ac                IMU_DCM_to_Euler_deg
                0x08000500                IMU_Euler_to_DCM
                0x080005c0                IMU_DCM_to_XYZ
 .text          0x08000610      0x1f8 ./src/project_src/L3GD20_Lib_SPI.o
                0x08000644                L3GD20_Init
                0x080006c0                L3GD20_Read
                0x08000704                Gyro_convert
                0x0800073e                Gyro_readValues
                0x080007aa                Gyro_calibrate
 .text          0x08000808      0x490 ./src/project_src/LSM303DLHC_Lib_I2C.o
                0x08000808                LSM303DLHC_Write
                0x08000898                LSM303DLHC_Read
                0x0800093c                LSM303DLHC_ReadDMA
                0x08000a00                LSM303DLHC_AccInit
                0x08000a3a                LSM303DLHC_ACC_readValues
                0x08000a84                LSM303DLHC_ACC_calibrate
                0x08000b06                LSM303DLHC_ACC_readValuesDMA
                0x08000b4c                Mag_calibrate
                0x08000b84                Mag_readValues
 .text          0x08000c98       0x68 ./src/project_src/MotorPWM.o
                0x08000c98                PWM_Motor
                0x08000cd0                Enable_Motor
                0x08000cf0                Disable_Motor
 .text          0x08000d00      0x334 ./src/project_src/PID_control.o
                0x08000d00                init_PID
                0x08000d16                init_SmithPredictor
                0x08000d30                resetIntegralValues_PID
                0x08000d3c                calc_PID
                0x08000dc0                CalcVirtualPlant
                0x08000e02                CalcVirtualPlant_xxx
                0x08000e48                CalcDirektForm2
                0x08000e92                CalcDelay
                0x08000ec0                calc_PID_SmithPredictor
                0x08000f74                calc_PID_YAW
 *fill*         0x08001034        0x4 
 .text          0x08001038      0x7b8 ./src/project_src/Tasks.o
                0x08001038                Init_PositionController
                0x08001090                Init_IMU
                0x08001380                IMU_Calculation
                0x080016b8                PositionController
 .text          0x080017f0      0x120 ./src/project_src/Vector_math.o
                0x080017f0                VectorDotProduct
                0x08001814                VectorCrossProduct
                0x0800186a                VectorScale
                0x08001890                VectorAdd
                0x080018b2                MatrixMultiply
 .text          0x08001910      0x330 ./src/project_src/filter_Lib.o
                0x08001910                update_intFilter
                0x08001924                initAvgValues
                0x08001934                calcMovingAvg
                0x0800195e                quickSort
                0x080019c6                calcStdDev
                0x080019f8                floatFilterAcc1
                0x08001aa4                floatFilterAcc2
                0x08001b0c                floatFilterAcc
                0x08001b94                floatFilterGyro
 .text          0x08001c40       0x36 ./src/project_src/helperFunctions.o
                0x08001c40                Delay
                0x08001c56                min
                0x08001c66                max
 *fill*         0x08001c76        0x2 
 .text          0x08001c78      0x20c ./src/project_src/main.o
                0x08001d12                LED_TOGGLE_NOT_READY
                0x08001d44                LED_TOGGLE_READY
                0x08001d74                LED_TOGGLE_ALL
                0x08001e78                vApplicationMallocFailedHook
                0x08001e7a                vApplicationStackOverflowHook
                0x08001e7c                vApplicationIdleHook
                0x08001e80                vApplicationTickHook
 .text          0x08001e84      0x2c4 ./src/project_src/printf_stdarg.o
                0x080020f0                printf
                0x0800210a                sprintf
                0x08002128                snprintf
 .text          0x08002148      0x190 ./src/project_src/remote_control.o
                0x08002148                CalcRXValues
 .text          0x080022d8      0x68c ./src/project_src/stm32_configuration.o
                0x080022d8                RCC_Configuration
                0x08002308                NVIC_Configuration
                0x08002370                GPIO_Configuration
                0x08002574                USART_Configuration
                0x080025f8                SPI_Configuration
                0x0800265c                I2C_Configuration
                0x08002698                DMA_Configuration
                0x080026e0                TIM2_PWM_Configuration
                0x080027b0                TIM3_PWM_Configuration
                0x0800284c                TIM4_Configuration
                0x08002894                getEXTI_Config
                0x0800289c                EXTI_Configuration
                0x0800289e                ADC_Configuration
 .text          0x08002964      0x170 ./src/project_src/stm32f30x_it.o
                0x08002964                NMI_Handler
                0x08002966                HardFault_Handler
                0x08002968                MemManage_Handler
                0x0800296a                BusFault_Handler
                0x0800296c                UsageFault_Handler
                0x0800296e                DebugMon_Handler
                0x08002970                USART3_IRQHandler
                0x08002a2c                USART2_IRQHandler
                0x08002a94                disableEXTI
                0x08002ab2                enableEXTI
                0x08002ad0                EXTI15_10_IRQHandler
 .text          0x08002ad4       0xbc ./src/project_src/usart.o
                0x08002ad4                Usart2Put
                0x08002af0                Usart3Put
                0x08002b0c                Usart3Get
                0x08002b28                SendBufferedDataFrame
 .text          0x08002b90       0xb0 ./src/project_src/vertibot_settings.o
                0x08002b90                SETTINGS_init
                0x08002c38                CTRLSTATES_init
 .text          0x08002c40        0x4 ./src/project_src/xBee_Lib.o
                0x08002c40                setup_xBeeS6
 .text          0x08002c44      0x6dc ./src/STM32F30x_StdPeriph_Driver/src/stm32f30x_adc.o
                0x08002c44                ADC_DeInit
                0x08002c94                ADC_Init
                0x08002cd0                ADC_StructInit
                0x08002ce6                ADC_InjectedInit
                0x08002d10                ADC_InjectedStructInit
                0x08002d24                ADC_CommonInit
                0x08002d80                ADC_CommonStructInit
                0x08002d8e                ADC_Cmd
                0x08002da0                ADC_StartCalibration
                0x08002daa                ADC_GetCalibrationValue
                0x08002db0                ADC_SetCalibrationValue
                0x08002db6                ADC_SelectCalibrationMode
                0x08002dc6                ADC_GetCalibrationStatus
                0x08002dcc                ADC_DisableCmd
                0x08002dd6                ADC_GetDisableCmdStatus
                0x08002dde                ADC_VoltageRegulatorCmd
                0x08002df8                ADC_SelectDifferentialMode
                0x08002e1a                ADC_SelectQueueOfContextMode
                0x08002e2c                ADC_AutoDelayCmd
                0x08002e3e                ADC_AnalogWatchdogCmd
                0x08002e4a                ADC_AnalogWatchdog1ThresholdsConfig
                0x08002e72                ADC_AnalogWatchdog2ThresholdsConfig
                0x08002e92                ADC_AnalogWatchdog3ThresholdsConfig
                0x08002eb2                ADC_AnalogWatchdog1SingleChannelConfig
                0x08002ec0                ADC_AnalogWatchdog2SingleChannelConfig
                0x08002ee0                ADC_AnalogWatchdog3SingleChannelConfig
                0x08002f00                ADC_TempSensorCmd
                0x08002f30                ADC_VrefintCmd
                0x08002f60                ADC_VbatCmd
                0x08002f90                ADC_RegularChannelConfig
                0x08003060                ADC_RegularChannelSequencerLengthConfig
                0x08003072                ADC_ExternalTriggerConfig
                0x08003084                ADC_StartConversion
                0x0800308e                ADC_GetStartConversionStatus
                0x08003096                ADC_StopConversion
                0x080030a0                ADC_DiscModeChannelCountConfig
                0x080030b0                ADC_DiscModeCmd
                0x080030c2                ADC_GetConversionValue
                0x080030c8                ADC_GetDualModeConversionValue
                0x080030ec                ADC_SetChannelOffset1
                0x08003110                ADC_SetChannelOffset2
                0x08003134                ADC_SetChannelOffset3
                0x08003158                ADC_SetChannelOffset4
                0x0800317c                ADC_ChannelOffset1Cmd
                0x0800318e                ADC_ChannelOffset2Cmd
                0x080031a0                ADC_ChannelOffset3Cmd
                0x080031b2                ADC_ChannelOffset4Cmd
                0x080031c4                ADC_DMACmd
                0x080031d6                ADC_DMAConfig
                0x080031e6                ADC_InjectedChannelSampleTimeConfig
                0x08003230                ADC_StartInjectedConversion
                0x0800323a                ADC_StopInjectedConversion
                0x08003244                ADC_GetStartInjectedConversionStatus
                0x0800324c                ADC_AutoInjectedConvCmd
                0x0800325e                ADC_InjectedDiscModeCmd
                0x08003270                ADC_GetInjectedConversionValue
                0x0800328e                ADC_ITConfig
                0x0800329e                ADC_GetFlagStatus
                0x080032aa                ADC_ClearFlag
                0x080032ae                ADC_GetCommonFlagStatus
                0x080032d8                ADC_ClearCommonFlag
                0x08003300                ADC_GetITStatus
                0x08003316                ADC_ClearITPendingBit
 .text          0x08003320      0x1e0 ./src/STM32F30x_StdPeriph_Driver/src/stm32f30x_dma.o
                0x08003320                DMA_DeInit
                0x08003418                DMA_Init
                0x08003456                DMA_StructInit
                0x08003470                DMA_Cmd
                0x08003486                DMA_SetCurrDataCounter
                0x0800348a                DMA_GetCurrDataCounter
                0x08003490                DMA_ITConfig
                0x080034a0                DMA_GetFlagStatus
                0x080034bc                DMA_ClearFlag
                0x080034d0                DMA_GetITStatus
                0x080034ec                DMA_ClearITPendingBit
 .text          0x08003500      0x1e4 ./src/STM32F30x_StdPeriph_Driver/src/stm32f30x_exti.o
                0x08003500                EXTI_DeInit
                0x08003530                EXTI_Init
                0x08003638                EXTI_StructInit
                0x08003646                EXTI_GenerateSWInterrupt
                0x08003664                EXTI_GetFlagStatus
                0x08003684                EXTI_ClearFlag
                0x0800369c                EXTI_GetITStatus
                0x080036cc                EXTI_ClearITPendingBit
 .text          0x080036e4      0x1d8 ./src/STM32F30x_StdPeriph_Driver/src/stm32f30x_gpio.o
                0x080036e4                GPIO_DeInit
                0x08003788                GPIO_Init
                0x08003830                GPIO_StructInit
                0x08003844                GPIO_PinLockConfig
                0x08003854                GPIO_ReadInputDataBit
                0x08003860                GPIO_ReadInputData
                0x08003866                GPIO_ReadOutputDataBit
                0x08003872                GPIO_ReadOutputData
                0x08003878                GPIO_SetBits
                0x0800387c                GPIO_ResetBits
                0x08003880                GPIO_WriteBit
                0x0800388a                GPIO_Write
                0x0800388e                GPIO_PinAFConfig
 .text          0x080038bc      0x354 ./src/STM32F30x_StdPeriph_Driver/src/stm32f30x_i2c.o
                0x080038bc                I2C_DeInit
                0x080038f0                I2C_Init
                0x08003950                I2C_StructInit
                0x08003966                I2C_Cmd
                0x08003978                I2C_SoftwareResetCmd
                0x0800398c                I2C_ITConfig
                0x0800399c                I2C_StretchClockCmd
                0x080039ae                I2C_StopModeCmd
                0x080039c0                I2C_DualAddressCmd
                0x080039d2                I2C_OwnAddress2Config
                0x080039ee                I2C_GeneralCallCmd
                0x08003a00                I2C_SlaveByteControlCmd
                0x08003a12                I2C_SlaveAddressConfig
                0x08003a26                I2C_10BitAddressingModeCmd
                0x08003a38                I2C_AutoEndCmd
                0x08003a4a                I2C_ReloadCmd
                0x08003a5c                I2C_NumberOfBytesConfig
                0x08003a6a                I2C_MasterRequestConfig
                0x08003a7c                I2C_GenerateSTART
                0x08003a8e                I2C_GenerateSTOP
                0x08003aa0                I2C_10BitAddressHeaderCmd
                0x08003ab2                I2C_AcknowledgeConfig
                0x08003ac4                I2C_GetAddressMatched
                0x08003ace                I2C_GetTransferDirection
                0x08003ade                I2C_TransferHandling
                0x08003b00                I2C_SMBusAlertCmd
                0x08003b12                I2C_ClockTimeoutCmd
                0x08003b24                I2C_ExtendedClockTimeoutCmd
                0x08003b36                I2C_IdleClockTimeoutCmd
                0x08003b48                I2C_TimeoutAConfig
                0x08003b5c                I2C_TimeoutBConfig
                0x08003b78                I2C_CalculatePEC
                0x08003b8a                I2C_PECRequestCmd
                0x08003b9c                I2C_GetPEC
                0x08003ba2                I2C_ReadRegister
                0x08003bb8                I2C_SendData
                0x08003bbc                I2C_ReceiveData
                0x08003bc2                I2C_DMACmd
                0x08003bd2                I2C_GetFlagStatus
                0x08003bde                I2C_ClearFlag
                0x08003be2                I2C_GetITStatus
                0x08003c0a                I2C_ClearITPendingBit
 .text          0x08003c10       0xc0 ./src/STM32F30x_StdPeriph_Driver/src/stm32f30x_misc.o
                0x08003c10                NVIC_PriorityGroupConfig
                0x08003c24                NVIC_Init
                0x08003c8c                NVIC_SetVectorTable
                0x08003ca0                NVIC_SystemLPConfig
                0x08003cb8                SysTick_CLKSourceConfig
 .text          0x08003cd0      0x5f4 ./src/STM32F30x_StdPeriph_Driver/src/stm32f30x_rcc.o
                0x08003cd0                RCC_DeInit
                0x08003d24                RCC_HSEConfig
                0x08003d34                RCC_AdjustHSICalibrationValue
                0x08003d48                RCC_HSICmd
                0x08003d54                RCC_LSEConfig
                0x08003d74                RCC_LSEDriveConfig
                0x08003d8c                RCC_LSICmd
                0x08003d98                RCC_PLLConfig
                0x08003db0                RCC_PLLCmd
                0x08003dbc                RCC_PREDIV1Config
                0x08003dd0                RCC_ClockSecuritySystemCmd
                0x08003ddc                RCC_MCOConfig
                0x08003de8                RCC_SYSCLKConfig
                0x08003dfc                RCC_GetSYSCLKSource
                0x08003e0c                RCC_HCLKConfig
                0x08003e20                RCC_PCLK1Config
                0x08003e34                RCC_PCLK2Config
                0x08003e48                RCC_GetClocksFreq
                0x080040ac                RCC_ADCCLKConfig
                0x080040cc                RCC_I2CCLKConfig
                0x080040ec                RCC_TIMCLKConfig
                0x0800410c                RCC_USARTCLKConfig
                0x08004154                RCC_USBCLKConfig
                0x08004160                RCC_RTCCLKConfig
                0x08004170                RCC_I2SCLKConfig
                0x0800417c                RCC_RTCCLKCmd
                0x08004188                RCC_BackupResetCmd
                0x08004194                RCC_AHBPeriphClockCmd
                0x080041ac                RCC_APB2PeriphClockCmd
                0x080041c4                RCC_APB1PeriphClockCmd
                0x080041dc                RCC_AHBPeriphResetCmd
                0x080041f4                RCC_APB2PeriphResetCmd
                0x0800420c                RCC_APB1PeriphResetCmd
                0x08004224                RCC_ITConfig
                0x0800423c                RCC_GetFlagStatus
                0x08004268                RCC_WaitForHSEStartUp
                0x08004294                RCC_ClearFlag
                0x080042a4                RCC_GetITStatus
                0x080042b8                RCC_ClearITPendingBit
 .text          0x080042c4      0x3c0 ./src/STM32F30x_StdPeriph_Driver/src/stm32f30x_spi.o
                0x080042c4                SPI_I2S_DeInit
                0x08004328                SPI_StructInit
                0x08004344                SPI_Init
                0x080043c8                I2S_StructInit
                0x080043da                I2S_Init
                0x08004478                SPI_Cmd
                0x08004490                SPI_TIModeCmd
                0x080044a8                I2S_Cmd
                0x080044c0                SPI_DataSizeConfig
                0x080044d0                SPI_RxFIFOThresholdConfig
                0x080044e6                SPI_BiDirectionalLineConfig
                0x08004502                SPI_NSSInternalSoftwareConfig
                0x08004520                I2S_FullDuplexConfig
                0x08004564                SPI_SSOutputCmd
                0x0800457c                SPI_NSSPulseModeCmd
                0x08004594                SPI_SendData8
                0x08004598                SPI_I2S_SendData16
                0x0800459c                SPI_ReceiveData8
                0x080045a0                SPI_I2S_ReceiveData16
                0x080045a6                SPI_CRCLengthConfig
                0x080045bc                SPI_CalculateCRC
                0x080045d4                SPI_TransmitCRC
                0x080045e0                SPI_GetCRC
                0x080045ec                SPI_GetCRCPolynomial
                0x080045f2                SPI_I2S_DMACmd
                0x08004604                SPI_LastDMATransferCmd
                0x0800461a                SPI_I2S_ITConfig
                0x0800463a                SPI_GetTransmissionFIFOStatus
                0x08004642                SPI_GetReceptionFIFOStatus
                0x0800464a                SPI_I2S_GetFlagStatus
                0x08004656                SPI_I2S_ClearFlag
                0x0800465c                SPI_I2S_GetITStatus
 .text          0x08004684      0xb8c ./src/STM32F30x_StdPeriph_Driver/src/stm32f30x_tim.o
                0x080046de                TIM_DeInit
                0x080047e0                TIM_TimeBaseInit
                0x0800486c                TIM_TimeBaseStructInit
                0x0800487e                TIM_PrescalerConfig
                0x08004884                TIM_CounterModeConfig
                0x08004894                TIM_SetCounter
                0x08004898                TIM_SetAutoreload
                0x0800489c                TIM_GetCounter
                0x080048a0                TIM_GetPrescaler
                0x080048a6                TIM_UpdateDisableConfig
                0x080048be                TIM_UpdateRequestConfig
                0x080048d6                TIM_UIFRemap
                0x080048ee                TIM_ARRPreloadConfig
                0x08004906                TIM_SelectOnePulseMode
                0x0800491c                TIM_SetClockDivision
                0x08004932                TIM_Cmd
                0x0800494a                TIM_OC1Init
                0x080049c4                TIM_OC2Init
                0x08004a30                TIM_OC3Init
                0x08004a98                TIM_OC4Init
                0x08004ae8                TIM_OC5Init
                0x08004b38                TIM_OC6Init
                0x08004b84                TIM_SelectGC5C1
                0x08004b96                TIM_SelectGC5C2
                0x08004ba8                TIM_SelectGC5C3
                0x08004bba                TIM_OCStructInit
                0x08004bce                TIM_SelectOCxM
                0x08004c18                TIM_SetCompare1
                0x08004c1c                TIM_SetCompare2
                0x08004c20                TIM_SetCompare3
                0x08004c24                TIM_SetCompare4
                0x08004c28                TIM_SetCompare5
                0x08004c2c                TIM_SetCompare6
                0x08004c30                TIM_ForcedOC1Config
                0x08004c40                TIM_ForcedOC2Config
                0x08004c52                TIM_ForcedOC3Config
                0x08004c5e                TIM_ForcedOC4Config
                0x08004c6c                TIM_ForcedOC5Config
                0x08004c78                TIM_ForcedOC6Config
                0x08004c86                TIM_OC1PreloadConfig
                0x08004c92                TIM_OC2PreloadConfig
                0x08004ca0                TIM_OC3PreloadConfig
                0x08004cac                TIM_OC4PreloadConfig
                0x08004cba                TIM_OC5PreloadConfig
                0x08004cc6                TIM_OC6PreloadConfig
                0x08004cd4                TIM_OC1FastConfig
                0x08004ce0                TIM_OC2FastConfig
                0x08004cee                TIM_OC3FastConfig
                0x08004cfa                TIM_OC4FastConfig
                0x08004d08                TIM_ClearOC1Ref
                0x08004d14                TIM_ClearOC2Ref
                0x08004d22                TIM_ClearOC3Ref
                0x08004d2e                TIM_ClearOC4Ref
                0x08004d3c                TIM_ClearOC5Ref
                0x08004d48                TIM_ClearOC6Ref
                0x08004d56                TIM_SelectOCREFClear
                0x08004d68                TIM_OC1PolarityConfig
                0x08004d74                TIM_OC1NPolarityConfig
                0x08004d80                TIM_OC2PolarityConfig
                0x08004d8e                TIM_OC2NPolarityConfig
                0x08004d9c                TIM_OC3PolarityConfig
                0x08004daa                TIM_OC3NPolarityConfig
                0x08004db8                TIM_OC4PolarityConfig
                0x08004dc6                TIM_OC5PolarityConfig
                0x08004dd4                TIM_OC6PolarityConfig
                0x08004de2                TIM_CCxCmd
                0x08004dfe                TIM_CCxNCmd
                0x08004e1a                TIM_ICStructInit
                0x08004e2a                TIM_GetCapture1
                0x08004e2e                TIM_GetCapture2
                0x08004e32                TIM_GetCapture3
                0x08004e36                TIM_GetCapture4
                0x08004e3a                TIM_SetIC1Prescaler
                0x08004e4a                TIM_SetIC2Prescaler
                0x08004e5c                TIM_PWMIConfig
                0x08004eca                TIM_SetIC3Prescaler
                0x08004edc                TIM_SetIC4Prescaler
                0x08004ef2                TIM_ICInit
                0x08004fa8                TIM_BDTRConfig
                0x08004fc8                TIM_Break1Config
                0x08004fdc                TIM_Break2Config
                0x08004ff0                TIM_Break1Cmd
                0x08005002                TIM_Break2Cmd
                0x08005014                TIM_BDTRStructInit
                0x08005026                TIM_CtrlPWMOutputs
                0x08005038                TIM_SelectCOM
                0x0800504e                TIM_CCPreloadControl
                0x08005064                TIM_ITConfig
                0x08005076                TIM_GenerateEvent
                0x0800507a                TIM_GetFlagStatus
                0x08005086                TIM_ClearFlag
                0x0800508e                TIM_GetITStatus
                0x080050a2                TIM_ClearITPendingBit
                0x080050aa                TIM_DMAConfig
                0x080050b2                TIM_DMACmd
                0x080050c4                TIM_SelectCCDMA
                0x080050da                TIM_InternalClockConfig
                0x080050e6                TIM_ITRxExternalClockConfig
                0x080050fc                TIM_TIxExternalClockConfig
                0x0800512a                TIM_SelectInputTrigger
                0x08005138                TIM_SelectOutputTrigger
                0x0800514a                TIM_SelectOutputTrigger2
                0x0800515a                TIM_SelectSlaveMode
                0x0800516e                TIM_SelectMasterSlaveMode
                0x08005180                TIM_ETRConfig
                0x08005194                TIM_ETRClockMode2Config
                0x080051a6                TIM_ETRClockMode1Config
                0x080051be                TIM_EncoderInterfaceConfig
                0x080051f2                TIM_SelectHallSensor
                0x08005208                TIM_RemapConfig
 .text          0x08005210      0x4a0 ./src/STM32F30x_StdPeriph_Driver/src/stm32f30x_usart.o
                0x08005210                USART_DeInit
                0x080052a8                USART_Init
                0x08005360                USART_StructInit
                0x08005376                USART_ClockInit
                0x08005392                USART_ClockStructInit
                0x0800539e                USART_Cmd
                0x080053b0                USART_DirectionModeCmd
                0x080053c0                USART_OverSampling8Cmd
                0x080053d2                USART_OneBitMethodCmd
                0x080053e4                USART_MSBFirstCmd
                0x080053f6                USART_DataInvCmd
                0x08005408                USART_InvPinCmd
                0x08005418                USART_SWAPPinCmd
                0x0800542a                USART_ReceiverTimeOutCmd
                0x0800543c                USART_SetReceiverTimeOut
                0x0800544c                USART_SetPrescaler
                0x0800545e                USART_STOPModeCmd
                0x08005470                USART_StopModeWakeUpSourceConfig
                0x08005480                USART_AutoBaudRateCmd
                0x08005492                USART_AutoBaudRateConfig
                0x080054a2                USART_SendData
                0x080054aa                USART_ReceiveData
                0x080054b2                USART_SetAddress
                0x080054c4                USART_MuteModeCmd
                0x080054d6                USART_MuteModeWakeUpConfig
                0x080054e6                USART_AddressDetectionConfig
                0x080054f6                USART_LINBreakDetectLengthConfig
                0x08005506                USART_LINCmd
                0x08005518                USART_HalfDuplexCmd
                0x0800552a                USART_SetGuardTime
                0x0800553c                USART_SmartCardCmd
                0x0800554e                USART_SmartCardNACKCmd
                0x08005560                USART_SetAutoRetryCount
                0x08005572                USART_SetBlockLength
                0x08005584                USART_IrDAConfig
                0x08005594                USART_IrDACmd
                0x080055a6                USART_DECmd
                0x080055b8                USART_DEPolarityConfig
                0x080055c8                USART_SetDEAssertionTime
                0x080055da                USART_SetDEDeassertionTime
                0x080055ec                USART_DMACmd
                0x080055fc                USART_DMAReceptionErrorConfig
                0x0800560c                USART_ITConfig
                0x08005638                USART_RequestCmd
                0x0800564a                USART_OverrunDetectionConfig
                0x0800565a                USART_GetFlagStatus
                0x08005666                USART_ClearFlag
                0x0800566a                USART_GetITStatus
                0x080056a4                USART_ClearITPendingBit
 .text          0x080056b0       0x8c ./src/FreeRTOS/Source/portable/MemMang/heap_1.o
                0x080056b0                pvPortMalloc
                0x0800570c                vPortFree
                0x08005718                vPortInitialiseBlocks
                0x08005728                xPortGetFreeHeapSize
 .text          0x0800573c      0x150 ./src/FreeRTOS/Source/portable/GCC/ARM_CM4F/port.o
                0x0800574c                pxPortInitialiseStack
                0x08005762                SVC_Handler
                0x08005784                vPortEndScheduler
                0x08005786                vPortYield
                0x0800579c                ulPortSetInterruptMask
                0x080057ac                vPortEnterCritical
                0x080057c8                vPortClearInterruptMask
                0x080057ce                vPortExitCritical
                0x080057e4                PendSV_Handler
                0x08005820                SysTick_Handler
                0x08005840                vPortSetupTimerInterrupt
                0x08005858                xPortStartScheduler
 .text          0x0800588c      0x22c ./src/FreeRTOS/Source/croutine.o
                0x0800588c                xCoRoutineCreate
                0x0800593c                vCoRoutineAddToDelayedList
                0x08005978                vCoRoutineSchedule
                0x08005a88                xCoRoutineRemoveFromEventList
 .text          0x08005ab8       0x88 ./src/FreeRTOS/Source/list.o
                0x08005ab8                vListInitialise
                0x08005ace                vListInitialiseItem
                0x08005ad4                vListInsertEnd
                0x08005aee                vListInsert
                0x08005b1e                uxListRemove
 .text          0x08005b40      0x702 ./src/FreeRTOS/Source/queue.o
                0x08005c26                xQueueGenericReset
                0x08005c8a                xQueueGenericCreate
                0x08005cca                xQueueGenericSend
                0x08005dc0                xQueueCreateMutex
                0x08005e0e                xQueueGenericSendFromISR
                0x08005e80                xQueueGenericReceive
                0x08005fa8                xQueueReceiveFromISR
                0x08006016                uxQueueMessagesWaiting
                0x08006030                uxQueueMessagesWaitingFromISR
                0x0800603e                vQueueDelete
                0x0800605a                xQueueIsQueueEmptyFromISR
                0x08006070                xQueueIsQueueFullFromISR
                0x08006086                xQueueCRSend
                0x0800610a                xQueueCRReceive
                0x0800618e                xQueueCRSendFromISR
                0x080061ba                xQueueCRReceiveFromISR
                0x08006208                vQueueWaitForMessageRestricted
 *fill*         0x08006242        0x2 
 .text          0x08006244      0xab4 ./src/FreeRTOS/Source/tasks.o
                0x08006280                xTaskGenericCreate
                0x08006408                vTaskDelete
                0x08006470                uxTaskPriorityGet
                0x0800648c                vTaskPrioritySet
                0x08006528                xTaskIsTaskSuspended
                0x08006558                vTaskResume
                0x080065c0                xTaskResumeFromISR
                0x0800663c                vTaskStartScheduler
                0x08006698                vTaskEndScheduler
                0x080066b4                vTaskSuspendAll
                0x080066c8                xTaskGetTickCount
                0x080066e0                xTaskGetTickCountFromISR
                0x080066f8                uxTaskGetNumberOfTasks
                0x08006704                vTaskIncrementTick
                0x080067d4                xTaskResumeAll
                0x08006900                vTaskDelay
                0x08006934                vTaskDelayUntil
                0x080069a0                vTaskSwitchContext
                0x08006a44                vTaskSuspend
                0x08006ab0                vTaskPlaceOnEventList
                0x08006af4                vTaskPlaceOnEventListRestricted
                0x08006b24                xTaskRemoveFromEventList
                0x08006b88                vTaskSetTimeOutState
                0x08006ba4                xTaskCheckForTimeOut
                0x08006c08                vTaskMissedYield
                0x08006c18                xTaskGetCurrentTaskHandle
                0x08006c24                xTaskGetSchedulerState
                0x08006c40                vTaskPriorityInherit
                0x08006cac                vTaskPriorityDisinherit
 .text          0x08006cf8      0x314 ./src/FreeRTOS/Source/timers.o
                0x08006d6c                xTimerCreateTimerTask
                0x08006dac                xTimerCreate
                0x08006de8                xTimerGenericCommand
                0x08006ff0                xTimerIsTimerActive
                0x08007008                pvTimerGetTimerID
 .text          0x0800700c      0x168 ./src/CMSIS/Device/ST/STM32F30x/Source/Templates/system_stm32f30x.o
                0x0800700c                SystemInit
                0x08007110                SystemCoreClockUpdate
 .text          0x08007174      0x370 /opt/CodeSourcery/Sourcery_CodeBench_Lite_for_ARM_EABI/bin/../lib/gcc/arm-none-eabi/4.7.2/thumb2/libgcc.a(_arm_addsubdf3.o)
                0x08007174                __aeabi_drsub
                0x0800717c                __aeabi_dsub
                0x0800717c                __subdf3
                0x08007180                __adddf3
                0x08007180                __aeabi_dadd
                0x080073f8                __aeabi_ui2d
                0x080073f8                __floatunsidf
                0x08007418                __floatsidf
                0x08007418                __aeabi_i2d
                0x0800743c                __extendsfdf2
                0x0800743c                __aeabi_f2d
                0x08007478                __aeabi_ul2d
                0x08007478                __floatundidf
                0x08007488                __floatdidf
                0x08007488                __aeabi_l2d
 .text          0x080074e4       0x50 /opt/CodeSourcery/Sourcery_CodeBench_Lite_for_ARM_EABI/bin/../lib/gcc/arm-none-eabi/4.7.2/thumb2/libgcc.a(_arm_fixdfsi.o)
                0x080074e4                __fixdfsi
                0x080074e4                __aeabi_d2iz
 .text          0x08007534       0xa0 /opt/CodeSourcery/Sourcery_CodeBench_Lite_for_ARM_EABI/bin/../lib/gcc/arm-none-eabi/4.7.2/thumb2/libgcc.a(_arm_truncdfsf2.o)
                0x08007534                __aeabi_d2f
                0x08007534                __truncdfsf2
 .text          0x080075d4       0x64 /opt/CodeSourcery/Sourcery_CodeBench_Lite_for_ARM_EABI/bin/../lib/gcc/arm-none-eabi/4.7.2/../../../../arm-none-eabi/lib/thumb2/libc.a(lib_a-memcmp.o)
                0x080075d4                memcmp
 .text          0x08007638      0x174 /opt/CodeSourcery/Sourcery_CodeBench_Lite_for_ARM_EABI/bin/../lib/gcc/arm-none-eabi/4.7.2/../../../../arm-none-eabi/lib/thumb2/libc.a(lib_a-memcpy.o)
                0x08007638                memcpy
 .text          0x080077ac       0xcc /opt/CodeSourcery/Sourcery_CodeBench_Lite_for_ARM_EABI/bin/../lib/gcc/arm-none-eabi/4.7.2/../../../../arm-none-eabi/lib/thumb2/libc.a(lib_a-memset.o)
                0x080077ac                memset
 .text          0x08007878       0x64 /opt/CodeSourcery/Sourcery_CodeBench_Lite_for_ARM_EABI/bin/../lib/gcc/arm-none-eabi/4.7.2/../../../../arm-none-eabi/lib/thumb2/libc.a(lib_a-strncpy.o)
                0x08007878                strncpy
 .text          0x080078dc       0x6c /opt/CodeSourcery/Sourcery_CodeBench_Lite_for_ARM_EABI/bin/../lib/gcc/arm-none-eabi/4.7.2/../../../../arm-none-eabi/lib/thumb2/libm.a(lib_a-sf_cos.o)
                0x080078dc                cosf
 .text          0x08007948       0x78 /opt/CodeSourcery/Sourcery_CodeBench_Lite_for_ARM_EABI/bin/../lib/gcc/arm-none-eabi/4.7.2/../../../../arm-none-eabi/lib/thumb2/libm.a(lib_a-sf_sin.o)
                0x08007948                sinf
 .text          0x080079c0        0x4 /opt/CodeSourcery/Sourcery_CodeBench_Lite_for_ARM_EABI/bin/../lib/gcc/arm-none-eabi/4.7.2/../../../../arm-none-eabi/lib/thumb2/libm.a(lib_a-w_atan2.o)
                0x080079c0                atan2
 .text          0x080079c4       0xac /opt/CodeSourcery/Sourcery_CodeBench_Lite_for_ARM_EABI/bin/../lib/gcc/arm-none-eabi/4.7.2/../../../../arm-none-eabi/lib/thumb2/libm.a(lib_a-w_sqrt.o)
                0x080079c4                sqrt
 .text          0x08007a70       0xa4 /opt/CodeSourcery/Sourcery_CodeBench_Lite_for_ARM_EABI/bin/../lib/gcc/arm-none-eabi/4.7.2/../../../../arm-none-eabi/lib/thumb2/libm.a(lib_a-wf_asin.o)
                0x08007a70                asinf
 .text          0x08007b14        0x4 /opt/CodeSourcery/Sourcery_CodeBench_Lite_for_ARM_EABI/bin/../lib/gcc/arm-none-eabi/4.7.2/../../../../arm-none-eabi/lib/thumb2/libm.a(lib_a-wf_atan2.o)
                0x08007b14                atan2f
 .text          0x08007b18       0xa0 /opt/CodeSourcery/Sourcery_CodeBench_Lite_for_ARM_EABI/bin/../lib/gcc/arm-none-eabi/4.7.2/../../../../arm-none-eabi/lib/thumb2/libm.a(lib_a-wf_sqrt.o)
                0x08007b18                sqrtf
 .text          0x08007bb8      0x220 /opt/CodeSourcery/Sourcery_CodeBench_Lite_for_ARM_EABI/bin/../lib/gcc/arm-none-eabi/4.7.2/../../../../arm-none-eabi/lib/thumb2/libm.a(lib_a-e_atan2.o)
                0x08007bb8                __ieee754_atan2
 .text          0x08007dd8      0x18c /opt/CodeSourcery/Sourcery_CodeBench_Lite_for_ARM_EABI/bin/../lib/gcc/arm-none-eabi/4.7.2/../../../../arm-none-eabi/lib/thumb2/libm.a(lib_a-e_sqrt.o)
                0x08007dd8                __ieee754_sqrt
 .text          0x08007f64      0x318 /opt/CodeSourcery/Sourcery_CodeBench_Lite_for_ARM_EABI/bin/../lib/gcc/arm-none-eabi/4.7.2/../../../../arm-none-eabi/lib/thumb2/libm.a(lib_a-ef_asin.o)
                0x08007f64                __ieee754_asinf
 .text          0x0800827c      0x14c /opt/CodeSourcery/Sourcery_CodeBench_Lite_for_ARM_EABI/bin/../lib/gcc/arm-none-eabi/4.7.2/../../../../arm-none-eabi/lib/thumb2/libm.a(lib_a-ef_atan2.o)
                0x0800827c                __ieee754_atan2f
 .text          0x080083c8      0x34c /opt/CodeSourcery/Sourcery_CodeBench_Lite_for_ARM_EABI/bin/../lib/gcc/arm-none-eabi/4.7.2/../../../../arm-none-eabi/lib/thumb2/libm.a(lib_a-ef_rem_pio2.o)
                0x080083c8                __ieee754_rem_pio2f
 .text          0x08008714       0xa8 /opt/CodeSourcery/Sourcery_CodeBench_Lite_for_ARM_EABI/bin/../lib/gcc/arm-none-eabi/4.7.2/../../../../arm-none-eabi/lib/thumb2/libm.a(lib_a-ef_sqrt.o)
                0x08008714                __ieee754_sqrtf
 .text          0x080087bc      0x1b8 /opt/CodeSourcery/Sourcery_CodeBench_Lite_for_ARM_EABI/bin/../lib/gcc/arm-none-eabi/4.7.2/../../../../arm-none-eabi/lib/thumb2/libm.a(lib_a-kf_cos.o)
                0x080087bc                __kernel_cosf
 .text          0x08008974      0x658 /opt/CodeSourcery/Sourcery_CodeBench_Lite_for_ARM_EABI/bin/../lib/gcc/arm-none-eabi/4.7.2/../../../../arm-none-eabi/lib/thumb2/libm.a(lib_a-kf_rem_pio2.o)
                0x08008974                __kernel_rem_pio2f
 .text          0x08008fcc      0x100 /opt/CodeSourcery/Sourcery_CodeBench_Lite_for_ARM_EABI/bin/../lib/gcc/arm-none-eabi/4.7.2/../../../../arm-none-eabi/lib/thumb2/libm.a(lib_a-kf_sin.o)
                0x08008fcc                __kernel_sinf
 *fill*         0x080090cc        0x4 
 .text          0x080090d0      0x330 /opt/CodeSourcery/Sourcery_CodeBench_Lite_for_ARM_EABI/bin/../lib/gcc/arm-none-eabi/4.7.2/../../../../arm-none-eabi/lib/thumb2/libm.a(lib_a-s_atan.o)
                0x080090d0                atan
 .text          0x08009400        0x8 /opt/CodeSourcery/Sourcery_CodeBench_Lite_for_ARM_EABI/bin/../lib/gcc/arm-none-eabi/4.7.2/../../../../arm-none-eabi/lib/thumb2/libm.a(lib_a-s_fabs.o)
                0x08009400                fabs
 .text          0x08009408       0x50 /opt/CodeSourcery/Sourcery_CodeBench_Lite_for_ARM_EABI/bin/../lib/gcc/arm-none-eabi/4.7.2/../../../../arm-none-eabi/lib/thumb2/libm.a(lib_a-s_fpclassify.o)
                0x08009408                __fpclassifyd
 .text          0x08009458        0x4 /opt/CodeSourcery/Sourcery_CodeBench_Lite_for_ARM_EABI/bin/../lib/gcc/arm-none-eabi/4.7.2/../../../../arm-none-eabi/lib/thumb2/libm.a(lib_a-s_matherr.o)
                0x08009458                matherr
 .text          0x0800945c        0xc /opt/CodeSourcery/Sourcery_CodeBench_Lite_for_ARM_EABI/bin/../lib/gcc/arm-none-eabi/4.7.2/../../../../arm-none-eabi/lib/thumb2/libm.a(lib_a-s_nan.o)
                0x0800945c                nan
 .text          0x08009468      0x23c /opt/CodeSourcery/Sourcery_CodeBench_Lite_for_ARM_EABI/bin/../lib/gcc/arm-none-eabi/4.7.2/../../../../arm-none-eabi/lib/thumb2/libm.a(lib_a-sf_atan.o)
                0x08009468                atanf
 .text          0x080096a4        0x8 /opt/CodeSourcery/Sourcery_CodeBench_Lite_for_ARM_EABI/bin/../lib/gcc/arm-none-eabi/4.7.2/../../../../arm-none-eabi/lib/thumb2/libm.a(lib_a-sf_fabs.o)
                0x080096a4                fabsf
 .text          0x080096ac       0x90 /opt/CodeSourcery/Sourcery_CodeBench_Lite_for_ARM_EABI/bin/../lib/gcc/arm-none-eabi/4.7.2/../../../../arm-none-eabi/lib/thumb2/libm.a(lib_a-sf_floor.o)
                0x080096ac                floorf
 .text          0x0800973c       0x34 /opt/CodeSourcery/Sourcery_CodeBench_Lite_for_ARM_EABI/bin/../lib/gcc/arm-none-eabi/4.7.2/../../../../arm-none-eabi/lib/thumb2/libm.a(lib_a-sf_fpclassify.o)
                0x0800973c                __fpclassifyf
 .text          0x08009770       0xc4 /opt/CodeSourcery/Sourcery_CodeBench_Lite_for_ARM_EABI/bin/../lib/gcc/arm-none-eabi/4.7.2/../../../../arm-none-eabi/lib/thumb2/libm.a(lib_a-sf_scalbn.o)
                0x08009770                scalbnf
 .text          0x08009834        0xc /opt/CodeSourcery/Sourcery_CodeBench_Lite_for_ARM_EABI/bin/../lib/gcc/arm-none-eabi/4.7.2/../../../../arm-none-eabi/lib/thumb2/libm.a(lib_a-sf_copysign.o)
                0x08009834                copysignf
 .text          0x08009840        0xc /opt/CodeSourcery/Sourcery_CodeBench_Lite_for_ARM_EABI/bin/../lib/gcc/arm-none-eabi/4.7.2/../../../../arm-none-eabi/lib/thumb2/libc.a(lib_a-errno.o)
                0x08009840                __errno
 .text          0x0800984c      0x424 /opt/CodeSourcery/Sourcery_CodeBench_Lite_for_ARM_EABI/bin/../lib/gcc/arm-none-eabi/4.7.2/thumb2/libgcc.a(_arm_muldivdf3.o)
                0x0800984c                __aeabi_dmul
                0x0800984c                __muldf3
                0x08009aa0                __aeabi_ddiv
                0x08009aa0                __divdf3
 .text          0x08009c70      0x110 /opt/CodeSourcery/Sourcery_CodeBench_Lite_for_ARM_EABI/bin/../lib/gcc/arm-none-eabi/4.7.2/thumb2/libgcc.a(_arm_cmpdf2.o)
                0x08009c70                __gtdf2
                0x08009c70                __gedf2
                0x08009c78                __ltdf2
                0x08009c78                __ledf2
                0x08009c80                __cmpdf2
                0x08009c80                __eqdf2
                0x08009c80                __nedf2
                0x08009cfc                __aeabi_cdrcmple
                0x08009d0c                __aeabi_cdcmple
                0x08009d0c                __aeabi_cdcmpeq
                0x08009d1c                __aeabi_dcmpeq
                0x08009d30                __aeabi_dcmplt
                0x08009d44                __aeabi_dcmple
                0x08009d58                __aeabi_dcmpge
                0x08009d6c                __aeabi_dcmpgt
 .text          0x08009d80      0x21c /opt/CodeSourcery/Sourcery_CodeBench_Lite_for_ARM_EABI/bin/../lib/gcc/arm-none-eabi/4.7.2/thumb2/libgcc.a(_arm_addsubsf3.o)
                0x08009d80                __aeabi_frsub
                0x08009d88                __subsf3
                0x08009d88                __aeabi_fsub
                0x08009d8c                __aeabi_fadd
                0x08009d8c                __addsf3
                0x08009eec                __aeabi_ui2f
                0x08009eec                __floatunsisf
                0x08009ef4                __aeabi_i2f
                0x08009ef4                __floatsisf
                0x08009f10                __floatundisf
                0x08009f10                __aeabi_ul2f
                0x08009f20                __floatdisf
                0x08009f20                __aeabi_l2f
 .text          0x08009f9c      0x2a0 /opt/CodeSourcery/Sourcery_CodeBench_Lite_for_ARM_EABI/bin/../lib/gcc/arm-none-eabi/4.7.2/thumb2/libgcc.a(_arm_muldivsf3.o)
                0x08009f9c                __mulsf3
                0x08009f9c                __aeabi_fmul
                0x0800a104                __divsf3
                0x0800a104                __aeabi_fdiv
 .text          0x0800a23c       0xec /opt/CodeSourcery/Sourcery_CodeBench_Lite_for_ARM_EABI/bin/../lib/gcc/arm-none-eabi/4.7.2/thumb2/libgcc.a(_arm_cmpsf2.o)
                0x0800a23c                __gtsf2
                0x0800a23c                __gesf2
                0x0800a244                __lesf2
                0x0800a244                __ltsf2
                0x0800a24c                __nesf2
                0x0800a24c                __eqsf2
                0x0800a24c                __cmpsf2
                0x0800a2ac                __aeabi_cfrcmple
                0x0800a2b4                __aeabi_cfcmple
                0x0800a2b4                __aeabi_cfcmpeq
                0x0800a2c4                __aeabi_fcmpeq
                0x0800a2d8                __aeabi_fcmplt
                0x0800a2ec                __aeabi_fcmple
                0x0800a300                __aeabi_fcmpge
                0x0800a314                __aeabi_fcmpgt
 .text          0x0800a328       0x4c /opt/CodeSourcery/Sourcery_CodeBench_Lite_for_ARM_EABI/bin/../lib/gcc/arm-none-eabi/4.7.2/thumb2/libgcc.a(_arm_fixsfsi.o)
                0x0800a328                __fixsfsi
                0x0800a328                __aeabi_f2iz
 *(.text*)
 .text.startup  0x0800a374       0xd8 ./src/project_src/main.o
                0x0800a374                main
 .text.Reset_Handler
                0x0800a44c       0x4c ./src/CMSIS/Device/ST/STM32F30x/Source/Templates/gcc_ride7/startup_stm32f30x.o
                0x0800a44c                Reset_Handler
 .text.Default_Handler
                0x0800a498        0x4 ./src/CMSIS/Device/ST/STM32F30x/Source/Templates/gcc_ride7/startup_stm32f30x.o
                0x0800a498                RTC_Alarm_IRQHandler
                0x0800a498                TIM8_TRG_COM_IRQHandler
                0x0800a498                TIM8_CC_IRQHandler
                0x0800a498                TIM1_CC_IRQHandler
                0x0800a498                USB_HP_IRQHandler
                0x0800a498                PVD_IRQHandler
                0x0800a498                EXTI3_IRQHandler
                0x0800a498                EXTI0_IRQHandler
                0x0800a498                I2C2_EV_IRQHandler
                0x0800a498                FPU_IRQHandler
                0x0800a498                EXTI2_TS_IRQHandler
                0x0800a498                TIM1_UP_TIM16_IRQHandler
                0x0800a498                ADC1_2_IRQHandler
                0x0800a498                SPI1_IRQHandler
                0x0800a498                TIM6_DAC_IRQHandler
                0x0800a498                TIM8_UP_IRQHandler
                0x0800a498                DMA2_Channel2_IRQHandler
                0x0800a498                DMA1_Channel4_IRQHandler
                0x0800a498                DMA1_Channel7_IRQHandler
                0x0800a498                CAN1_RX1_IRQHandler
                0x0800a498                UART5_IRQHandler
                0x0800a498                ADC3_IRQHandler
                0x0800a498                TIM4_IRQHandler
                0x0800a498                DMA2_Channel1_IRQHandler
                0x0800a498                I2C1_EV_IRQHandler
                0x0800a498                DMA1_Channel6_IRQHandler
                0x0800a498                UART4_IRQHandler
                0x0800a498                DMA2_Channel4_IRQHandler
                0x0800a498                TIM3_IRQHandler
                0x0800a498                RCC_IRQHandler
                0x0800a498                DMA1_Channel1_IRQHandler
                0x0800a498                Default_Handler
                0x0800a498                USBWakeUp_RMP_IRQHandler
                0x0800a498                TIM7_IRQHandler
                0x0800a498                EXTI9_5_IRQHandler
                0x0800a498                TAMPER_STAMP_IRQHandler
                0x0800a498                RTC_WKUP_IRQHandler
                0x0800a498                SPI2_IRQHandler
                0x0800a498                DMA2_Channel5_IRQHandler
                0x0800a498                DMA1_Channel5_IRQHandler
                0x0800a498                USB_LP_IRQHandler
                0x0800a498                EXTI4_IRQHandler
                0x0800a498                USB_LP_CAN1_RX0_IRQHandler
                0x0800a498                TIM1_TRG_COM_TIM17_IRQHandler
                0x0800a498                USB_HP_CAN1_TX_IRQHandler
                0x0800a498                DMA1_Channel3_IRQHandler
                0x0800a498                ADC4_IRQHandler
                0x0800a498                WWDG_IRQHandler
                0x0800a498                TIM2_IRQHandler
                0x0800a498                COMP7_IRQHandler
                0x0800a498                COMP1_2_3_IRQHandler
                0x0800a498                EXTI1_IRQHandler
                0x0800a498                COMP4_5_6_IRQHandler
                0x0800a498                I2C2_ER_IRQHandler
                0x0800a498                DMA1_Channel2_IRQHandler
                0x0800a498                TIM8_BRK_IRQHandler
                0x0800a498                CAN1_SCE_IRQHandler
                0x0800a498                FLASH_IRQHandler
                0x0800a498                USART1_IRQHandler
                0x0800a498                SPI3_IRQHandler
                0x0800a498                I2C1_ER_IRQHandler
                0x0800a498                USBWakeUp_IRQHandler
                0x0800a498                DMA2_Channel3_IRQHandler
                0x0800a498                TIM1_BRK_TIM15_IRQHandler
 *(.rodata)
 .rodata        0x0800a49c       0x14 ./src/FreeRTOS/Source/tasks.o
 .rodata        0x0800a4b0      0x398 /opt/CodeSourcery/Sourcery_CodeBench_Lite_for_ARM_EABI/bin/../lib/gcc/arm-none-eabi/4.7.2/../../../../arm-none-eabi/lib/thumb2/libm.a(lib_a-ef_rem_pio2.o)
 .rodata        0x0800a848       0x38 /opt/CodeSourcery/Sourcery_CodeBench_Lite_for_ARM_EABI/bin/../lib/gcc/arm-none-eabi/4.7.2/../../../../arm-none-eabi/lib/thumb2/libm.a(lib_a-kf_rem_pio2.o)
 .rodata        0x0800a880       0x40 /opt/CodeSourcery/Sourcery_CodeBench_Lite_for_ARM_EABI/bin/../lib/gcc/arm-none-eabi/4.7.2/../../../../arm-none-eabi/lib/thumb2/libm.a(lib_a-s_atan.o)
 .rodata        0x0800a8c0       0x20 /opt/CodeSourcery/Sourcery_CodeBench_Lite_for_ARM_EABI/bin/../lib/gcc/arm-none-eabi/4.7.2/../../../../arm-none-eabi/lib/thumb2/libm.a(lib_a-sf_atan.o)
 *(.rodata*)
 .rodata.str1.1
                0x0800a8e0       0x13 ./src/project_src/Tasks.o
 .rodata.str1.1
                0x0800a8f3       0x2a ./src/project_src/main.o
 .rodata.str1.1
                0x0800a91d        0x7 ./src/project_src/printf_stdarg.o
 .rodata.str1.1
                0x0800a924        0x5 ./src/FreeRTOS/Source/tasks.o
 .rodata.str1.1
                0x0800a929        0x8 ./src/FreeRTOS/Source/timers.o
 *fill*         0x0800a931        0x3 
 .rodata.str1.4
                0x0800a934        0x5 /opt/CodeSourcery/Sourcery_CodeBench_Lite_for_ARM_EABI/bin/../lib/gcc/arm-none-eabi/4.7.2/../../../../arm-none-eabi/lib/thumb2/libm.a(lib_a-w_sqrt.o)
                                  0x8 (size before relaxing)
 *fill*         0x0800a939        0x3 
 .rodata.str1.4
                0x0800a93c        0x6 /opt/CodeSourcery/Sourcery_CodeBench_Lite_for_ARM_EABI/bin/../lib/gcc/arm-none-eabi/4.7.2/../../../../arm-none-eabi/lib/thumb2/libm.a(lib_a-wf_asin.o)
                                  0xc (size before relaxing)
 *fill*         0x0800a942        0x2 
 .rodata.str1.4
                0x0800a944        0x6 /opt/CodeSourcery/Sourcery_CodeBench_Lite_for_ARM_EABI/bin/../lib/gcc/arm-none-eabi/4.7.2/../../../../arm-none-eabi/lib/thumb2/libm.a(lib_a-wf_sqrt.o)
                                  0x8 (size before relaxing)
 *fill*         0x0800a94a        0x2 
 .rodata.str1.4
                0x0800a94c        0x4 /opt/CodeSourcery/Sourcery_CodeBench_Lite_for_ARM_EABI/bin/../lib/gcc/arm-none-eabi/4.7.2/../../../../arm-none-eabi/lib/thumb2/libc.a(lib_a-impure.o)
 *(.glue_7)
 .glue_7        0x00000000        0x0 linker stubs
 *(.glue_7t)
 .glue_7t       0x00000000        0x0 linker stubs
 *(.eh_frame)
 *(.init)
 *(.fini)
                0x0800a950                . = ALIGN (0x4)
                0x0800a950                _etext = .

.vfp11_veneer   0x0800a950        0x0
 .vfp11_veneer  0x00000000        0x0 linker stubs

.v4_bx          0x0800a950        0x0
 .v4_bx         0x00000000        0x0 linker stubs

.iplt           0x0800a950        0x0
 .iplt          0x00000000        0x0 ./src/project_src/ADXL345_Lib.o

.rel.dyn        0x0800a950        0x0
 .rel.iplt      0x00000000        0x0 ./src/project_src/ADXL345_Lib.o

.ARM.extab
 *(.ARM.extab* .gnu.linkonce.armextab.*)

.ARM            0x0800a950        0x0
                0x0800a950                __exidx_start = .
 *(.ARM.exidx*)
                0x0800a950                __exidx_end = .

.preinit_array  0x0800a950        0x0
                0x0800a950                PROVIDE (__preinit_array_start, .)
 *(.preinit_array*)
                0x0800a950                PROVIDE (__preinit_array_end, .)

.init_array     0x0800a950        0x0
                0x0800a950                PROVIDE (__init_array_start, .)
 *(SORT(.init_array.*))
 *(.init_array*)
                0x0800a950                PROVIDE (__init_array_end, .)

.fini_array     0x0800a950        0x0
                0x0800a950                PROVIDE (__fini_array_start, .)
 *(SORT(.fini_array.*))
 *(.fini_array*)
                0x0800a950                PROVIDE (__fini_array_end, .)
                0x0800a950                _sidata = LOADADDR (.data)

.data           0x20000000      0x140 load address 0x0800a950
                0x20000000                . = ALIGN (0x4)
                0x20000000                _sdata = .
 *(.data)
 .data          0x20000000       0x2a ./src/STM32F30x_StdPeriph_Driver/src/stm32f30x_rcc.o
 *fill*         0x2000002a        0x2 
 .data          0x2000002c        0x4 ./src/FreeRTOS/Source/portable/GCC/ARM_CM4F/port.o
 .data          0x20000030        0x4 ./src/FreeRTOS/Source/tasks.o
 .data          0x20000034       0x14 ./src/CMSIS/Device/ST/STM32F30x/Source/Templates/system_stm32f30x.o
                0x20000034                SystemCoreClock
                0x20000038                AHBPrescTable
 .data          0x20000048        0x1 /opt/CodeSourcery/Sourcery_CodeBench_Lite_for_ARM_EABI/bin/../lib/gcc/arm-none-eabi/4.7.2/../../../../arm-none-eabi/lib/thumb2/libm.a(lib_a-s_lib_ver.o)
                0x20000048                __fdlib_version
 *fill*         0x20000049        0x3 
 .data          0x2000004c       0xf4 /opt/CodeSourcery/Sourcery_CodeBench_Lite_for_ARM_EABI/bin/../lib/gcc/arm-none-eabi/4.7.2/../../../../arm-none-eabi/lib/thumb2/libc.a(lib_a-impure.o)
                0x2000004c                _impure_ptr
 *(.data*)
                0x20000140                . = ALIGN (0x4)
                0x20000140                _edata = .
                0x0800aa90                _siccmram = LOADADDR (.ccmram)

.igot.plt       0x20000140        0x0 load address 0x0800aa90
 .igot.plt      0x00000000        0x0 ./src/project_src/ADXL345_Lib.o

.ccmram         0x10000000        0x0 load address 0x0800aa90
                0x10000000                . = ALIGN (0x4)
                0x10000000                _sccmram = .
 *(.ccmram)
 *(.ccmram*)
                0x10000000                . = ALIGN (0x4)
                0x10000000                _eccmram = .
                0x10000000                . = ALIGN (0x4)

.bss            0x20000140     0x2f3c
                0x20000140                _sbss = .
                0x20000140                __bss_start__ = _sbss
 *(.bss)
 .bss           0x20000140        0x6 ./src/project_src/LSM303DLHC_Lib_I2C.o
 *fill*         0x20000146        0x2 
 .bss           0x20000148        0xc ./src/project_src/PID_control.o
 .bss           0x20000154       0x3c ./src/project_src/Tasks.o
                0x20000154                gyroOffset
                0x2000015a                i
                0x2000015c                gyroXYZ
                0x20000164                accXYZ
                0x20000170                magXYZ
                0x20000176                accCount
                0x20000177                magCount
                0x20000178                xMagFiltered
                0x20000180                yMagFiltered
                0x20000188                MOT0
                0x2000018a                MOT1
 .bss           0x20000190       0x24 ./src/project_src/remote_control.o
 .bss           0x200001b4       0x30 ./src/project_src/stm32_configuration.o
 .bss           0x200001e4        0x6 ./src/project_src/stm32f30x_it.o
 *fill*         0x200001ea        0x2 
 .bss           0x200001ec        0x4 ./src/project_src/usart.o
 .bss           0x200001f0     0x2808 ./src/FreeRTOS/Source/portable/MemMang/heap_1.o
 .bss           0x200029f8       0x80 ./src/FreeRTOS/Source/croutine.o
                0x200029f8                pxCurrentCoRoutine
 .bss           0x20002a78      0x100 ./src/FreeRTOS/Source/tasks.o
                0x20002a78                pxCurrentTCB
 .bss           0x20002b78       0x38 ./src/FreeRTOS/Source/timers.o
 *(.bss*)
 *(COMMON)
 COMMON         0x20002bb0       0x78 ./src/project_src/ADXL345_Lib.o
                0x20002bb0                XYZ
                0x20002bbc                GlobalSettings
                0x20002c1c                CtrlStates
 COMMON         0x20002c28      0x454 ./src/project_src/Tasks.o
                0x20002c28                yGyroFiltered_float
                0x20002c54                eulerTemp
                0x20002c60                zAccFiltered_float
                0x20002c8c                yTemp
                0x20002c90                accBuffer
                0x20002c98                It_Com
                0x20002eac                xTemp
                0x20002eb0                IMU
                0x20002f28                PID_Position
                0x20002f50                zGyroFiltered_float
                0x20002f7c                xAccFiltered_float
                0x20002fa8                xGyroFiltered_float
                0x20002fd4                loopcnt
                0x20002fd8                yAccFiltered_float
                0x20003004                Smith_Position
                0x20003068                zTemp
                0x2000306c                InPut
                0x2000307c                . = ALIGN (0x4)
                0x2000307c                _ebss = .
                0x2000307c                __bss_end__ = _ebss

._user_heap_stack
                0x2000307c      0x200
                0x2000307c                . = ALIGN (0x4)
                0x2000307c                PROVIDE (end, .)
                0x2000307c                PROVIDE (_end, .)
                0x2000307c                . = (. + _Min_Heap_Size)
                0x2000327c                . = (. + _Min_Stack_Size)
 *fill*         0x2000307c      0x200 
                0x2000327c                . = ALIGN (0x4)

.memory_b1_text
 *(.mb1text)
 *(.mb1text*)
 *(.mb1rodata)
 *(.mb1rodata*)

/DISCARD/
 libm.a(*)
 libc.a(*)
 libgcc.a(*)

.ARM.attributes
                0x00000000       0x37
 *(.ARM.attributes)
 .ARM.attributes
                0x00000000       0x39 ./src/project_src/ADXL345_Lib.o
 .ARM.attributes
                0x00000039       0x39 ./src/project_src/IMU_algorithm.o
 .ARM.attributes
                0x00000072       0x39 ./src/project_src/L3GD20_Lib_SPI.o
 .ARM.attributes
                0x000000ab       0x39 ./src/project_src/LSM303DLHC_Lib_I2C.o
 .ARM.attributes
                0x000000e4       0x39 ./src/project_src/MotorPWM.o
 .ARM.attributes
                0x0000011d       0x39 ./src/project_src/PID_control.o
 .ARM.attributes
                0x00000156       0x39 ./src/project_src/Tasks.o
 .ARM.attributes
                0x0000018f       0x39 ./src/project_src/Vector_math.o
 .ARM.attributes
                0x000001c8       0x39 ./src/project_src/filter_Lib.o
 .ARM.attributes
                0x00000201       0x39 ./src/project_src/helperFunctions.o
 .ARM.attributes
                0x0000023a       0x39 ./src/project_src/main.o
 .ARM.attributes
                0x00000273       0x39 ./src/project_src/printf_stdarg.o
 .ARM.attributes
                0x000002ac       0x39 ./src/project_src/remote_control.o
 .ARM.attributes
                0x000002e5       0x39 ./src/project_src/stm32_configuration.o
 .ARM.attributes
                0x0000031e       0x39 ./src/project_src/stm32f30x_it.o
 .ARM.attributes
                0x00000357       0x39 ./src/project_src/usart.o
 .ARM.attributes
                0x00000390       0x39 ./src/project_src/vertibot_settings.o
 .ARM.attributes
                0x000003c9       0x39 ./src/project_src/xBee_Lib.o
 .ARM.attributes
                0x00000402       0x39 ./src/STM32F30x_StdPeriph_Driver/src/stm32f30x_adc.o
 .ARM.attributes
                0x0000043b       0x39 ./src/STM32F30x_StdPeriph_Driver/src/stm32f30x_dma.o
 .ARM.attributes
                0x00000474       0x39 ./src/STM32F30x_StdPeriph_Driver/src/stm32f30x_exti.o
 .ARM.attributes
                0x000004ad       0x39 ./src/STM32F30x_StdPeriph_Driver/src/stm32f30x_gpio.o
 .ARM.attributes
                0x000004e6       0x39 ./src/STM32F30x_StdPeriph_Driver/src/stm32f30x_i2c.o
 .ARM.attributes
                0x0000051f       0x39 ./src/STM32F30x_StdPeriph_Driver/src/stm32f30x_misc.o
 .ARM.attributes
                0x00000558       0x39 ./src/STM32F30x_StdPeriph_Driver/src/stm32f30x_rcc.o
 .ARM.attributes
                0x00000591       0x39 ./src/STM32F30x_StdPeriph_Driver/src/stm32f30x_spi.o
 .ARM.attributes
                0x000005ca       0x39 ./src/STM32F30x_StdPeriph_Driver/src/stm32f30x_tim.o
 .ARM.attributes
                0x00000603       0x39 ./src/STM32F30x_StdPeriph_Driver/src/stm32f30x_usart.o
 .ARM.attributes
                0x0000063c       0x39 ./src/FreeRTOS/Source/portable/MemMang/heap_1.o
 .ARM.attributes
                0x00000675       0x39 ./src/FreeRTOS/Source/portable/GCC/ARM_CM4F/port.o
 .ARM.attributes
                0x000006ae       0x39 ./src/FreeRTOS/Source/croutine.o
 .ARM.attributes
                0x000006e7       0x39 ./src/FreeRTOS/Source/list.o
 .ARM.attributes
                0x00000720       0x39 ./src/FreeRTOS/Source/queue.o
 .ARM.attributes
                0x00000759       0x39 ./src/FreeRTOS/Source/tasks.o
 .ARM.attributes
                0x00000792       0x39 ./src/FreeRTOS/Source/timers.o
 .ARM.attributes
                0x000007cb       0x21 ./src/CMSIS/Device/ST/STM32F30x/Source/Templates/gcc_ride7/startup_stm32f30x.o
 .ARM.attributes
                0x000007ec       0x39 ./src/CMSIS/Device/ST/STM32F30x/Source/Templates/system_stm32f30x.o
 .ARM.attributes
                0x00000825       0x19 /opt/CodeSourcery/Sourcery_CodeBench_Lite_for_ARM_EABI/bin/../lib/gcc/arm-none-eabi/4.7.2/thumb2/libgcc.a(_arm_addsubdf3.o)
 .ARM.attributes
                0x0000083e       0x19 /opt/CodeSourcery/Sourcery_CodeBench_Lite_for_ARM_EABI/bin/../lib/gcc/arm-none-eabi/4.7.2/thumb2/libgcc.a(_arm_fixdfsi.o)
 .ARM.attributes
                0x00000857       0x19 /opt/CodeSourcery/Sourcery_CodeBench_Lite_for_ARM_EABI/bin/../lib/gcc/arm-none-eabi/4.7.2/thumb2/libgcc.a(_arm_truncdfsf2.o)
 .ARM.attributes
                0x00000870       0x29 /opt/CodeSourcery/Sourcery_CodeBench_Lite_for_ARM_EABI/bin/../lib/gcc/arm-none-eabi/4.7.2/../../../../arm-none-eabi/lib/thumb2/libc.a(lib_a-memcmp.o)
 .ARM.attributes
                0x00000899       0x29 /opt/CodeSourcery/Sourcery_CodeBench_Lite_for_ARM_EABI/bin/../lib/gcc/arm-none-eabi/4.7.2/../../../../arm-none-eabi/lib/thumb2/libc.a(lib_a-memcpy.o)
 .ARM.attributes
                0x000008c2       0x29 /opt/CodeSourcery/Sourcery_CodeBench_Lite_for_ARM_EABI/bin/../lib/gcc/arm-none-eabi/4.7.2/../../../../arm-none-eabi/lib/thumb2/libc.a(lib_a-memset.o)
 .ARM.attributes
                0x000008eb       0x29 /opt/CodeSourcery/Sourcery_CodeBench_Lite_for_ARM_EABI/bin/../lib/gcc/arm-none-eabi/4.7.2/../../../../arm-none-eabi/lib/thumb2/libc.a(lib_a-strncpy.o)
OUTPUT(STM32F3_Vertibot.elf elf32-littlearm)

.debug_info     0x00000000    0x16ce4
 .debug_info    0x00000000      0x384 ./src/project_src/ADXL345_Lib.o
 .debug_info    0x00000384      0x7d6 ./src/project_src/IMU_algorithm.o
 .debug_info    0x00000b5a      0x913 ./src/project_src/L3GD20_Lib_SPI.o
 .debug_info    0x0000146d      0xcb7 ./src/project_src/LSM303DLHC_Lib_I2C.o
 .debug_info    0x00002124      0x539 ./src/project_src/MotorPWM.o
 .debug_info    0x0000265d      0x54e ./src/project_src/PID_control.o
 .debug_info    0x00002bab     0x1318 ./src/project_src/Tasks.o
 .debug_info    0x00003ec3      0x1fd ./src/project_src/Vector_math.o
 .debug_info    0x000040c0      0x47d ./src/project_src/filter_Lib.o
 .debug_info    0x0000453d      0x159 ./src/project_src/helperFunctions.o
 .debug_info    0x00004696     0x108a ./src/project_src/main.o
 .debug_info    0x00005720      0x610 ./src/project_src/printf_stdarg.o
 .debug_info    0x00005d30      0x4df ./src/project_src/remote_control.o
 .debug_info    0x0000620f     0x2232 ./src/project_src/stm32_configuration.o
 .debug_info    0x00008441      0x77e ./src/project_src/stm32f30x_it.o
 .debug_info    0x00008bbf      0x53b ./src/project_src/usart.o
 .debug_info    0x000090fa      0x424 ./src/project_src/vertibot_settings.o
 .debug_info    0x0000951e       0x45 ./src/project_src/xBee_Lib.o
 .debug_info    0x00009563     0x14cb ./src/STM32F30x_StdPeriph_Driver/src/stm32f30x_adc.o
 .debug_info    0x0000aa2e      0x4a4 ./src/STM32F30x_StdPeriph_Driver/src/stm32f30x_dma.o
 .debug_info    0x0000aed2      0x3f3 ./src/STM32F30x_StdPeriph_Driver/src/stm32f30x_exti.o
 .debug_info    0x0000b2c5      0x6fd ./src/STM32F30x_StdPeriph_Driver/src/stm32f30x_gpio.o
 .debug_info    0x0000b9c2      0xcc6 ./src/STM32F30x_StdPeriph_Driver/src/stm32f30x_i2c.o
 .debug_info    0x0000c688      0x592 ./src/STM32F30x_StdPeriph_Driver/src/stm32f30x_misc.o
 .debug_info    0x0000cc1a      0xb9c ./src/STM32F30x_StdPeriph_Driver/src/stm32f30x_rcc.o
 .debug_info    0x0000d7b6      0xd09 ./src/STM32F30x_StdPeriph_Driver/src/stm32f30x_spi.o
 .debug_info    0x0000e4bf     0x275f ./src/STM32F30x_StdPeriph_Driver/src/stm32f30x_tim.o
 .debug_info    0x00010c1e     0x10a8 ./src/STM32F30x_StdPeriph_Driver/src/stm32f30x_usart.o
 .debug_info    0x00011cc6      0x1d3 ./src/FreeRTOS/Source/portable/MemMang/heap_1.o
 .debug_info    0x00011e99      0x27f ./src/FreeRTOS/Source/portable/GCC/ARM_CM4F/port.o
 .debug_info    0x00012118      0x790 ./src/FreeRTOS/Source/croutine.o
 .debug_info    0x000128a8      0x2af ./src/FreeRTOS/Source/list.o
 .debug_info    0x00012b57     0x1434 ./src/FreeRTOS/Source/queue.o
 .debug_info    0x00013f8b     0x18c1 ./src/FreeRTOS/Source/tasks.o
 .debug_info    0x0001584c      0xebe ./src/FreeRTOS/Source/timers.o
 .debug_info    0x0001670a       0xe3 ./src/CMSIS/Device/ST/STM32F30x/Source/Templates/gcc_ride7/startup_stm32f30x.o
 .debug_info    0x000167ed      0x4f7 ./src/CMSIS/Device/ST/STM32F30x/Source/Templates/system_stm32f30x.o

.debug_abbrev   0x00000000     0x42f3
 .debug_abbrev  0x00000000       0xaf ./src/project_src/ADXL345_Lib.o
 .debug_abbrev  0x000000af      0x188 ./src/project_src/IMU_algorithm.o
 .debug_abbrev  0x00000237      0x261 ./src/project_src/L3GD20_Lib_SPI.o
 .debug_abbrev  0x00000498      0x21e ./src/project_src/LSM303DLHC_Lib_I2C.o
 .debug_abbrev  0x000006b6      0x171 ./src/project_src/MotorPWM.o
 .debug_abbrev  0x00000827      0x159 ./src/project_src/PID_control.o
 .debug_abbrev  0x00000980      0x27e ./src/project_src/Tasks.o
 .debug_abbrev  0x00000bfe       0xf0 ./src/project_src/Vector_math.o
 .debug_abbrev  0x00000cee      0x191 ./src/project_src/filter_Lib.o
 .debug_abbrev  0x00000e7f       0xb5 ./src/project_src/helperFunctions.o
 .debug_abbrev  0x00000f34      0x345 ./src/project_src/main.o
 .debug_abbrev  0x00001279      0x207 ./src/project_src/printf_stdarg.o
 .debug_abbrev  0x00001480      0x130 ./src/project_src/remote_control.o
 .debug_abbrev  0x000015b0      0x236 ./src/project_src/stm32_configuration.o
 .debug_abbrev  0x000017e6      0x24d ./src/project_src/stm32f30x_it.o
 .debug_abbrev  0x00001a33      0x228 ./src/project_src/usart.o
 .debug_abbrev  0x00001c5b      0x147 ./src/project_src/vertibot_settings.o
 .debug_abbrev  0x00001da2       0x38 ./src/project_src/xBee_Lib.o
 .debug_abbrev  0x00001dda      0x235 ./src/STM32F30x_StdPeriph_Driver/src/stm32f30x_adc.o
 .debug_abbrev  0x0000200f      0x181 ./src/STM32F30x_StdPeriph_Driver/src/stm32f30x_dma.o
 .debug_abbrev  0x00002190      0x1a6 ./src/STM32F30x_StdPeriph_Driver/src/stm32f30x_exti.o
 .debug_abbrev  0x00002336      0x20e ./src/STM32F30x_StdPeriph_Driver/src/stm32f30x_gpio.o
 .debug_abbrev  0x00002544      0x214 ./src/STM32F30x_StdPeriph_Driver/src/stm32f30x_i2c.o
 .debug_abbrev  0x00002758      0x153 ./src/STM32F30x_StdPeriph_Driver/src/stm32f30x_misc.o
 .debug_abbrev  0x000028ab      0x233 ./src/STM32F30x_StdPeriph_Driver/src/stm32f30x_rcc.o
 .debug_abbrev  0x00002ade      0x23e ./src/STM32F30x_StdPeriph_Driver/src/stm32f30x_spi.o
 .debug_abbrev  0x00002d1c      0x2ca ./src/STM32F30x_StdPeriph_Driver/src/stm32f30x_tim.o
 .debug_abbrev  0x00002fe6      0x217 ./src/STM32F30x_StdPeriph_Driver/src/stm32f30x_usart.o
 .debug_abbrev  0x000031fd      0x15c ./src/FreeRTOS/Source/portable/MemMang/heap_1.o
 .debug_abbrev  0x00003359      0x1bc ./src/FreeRTOS/Source/portable/GCC/ARM_CM4F/port.o
 .debug_abbrev  0x00003515      0x2a3 ./src/FreeRTOS/Source/croutine.o
 .debug_abbrev  0x000037b8       0xf7 ./src/FreeRTOS/Source/list.o
 .debug_abbrev  0x000038af      0x289 ./src/FreeRTOS/Source/queue.o
 .debug_abbrev  0x00003b38      0x358 ./src/FreeRTOS/Source/tasks.o
 .debug_abbrev  0x00003e90      0x2f1 ./src/FreeRTOS/Source/timers.o
 .debug_abbrev  0x00004181       0x12 ./src/CMSIS/Device/ST/STM32F30x/Source/Templates/gcc_ride7/startup_stm32f30x.o
 .debug_abbrev  0x00004193      0x160 ./src/CMSIS/Device/ST/STM32F30x/Source/Templates/system_stm32f30x.o

.debug_aranges  0x00000000      0x4a8
 .debug_aranges
                0x00000000       0x18 ./src/project_src/ADXL345_Lib.o
 .debug_aranges
                0x00000018       0x20 ./src/project_src/IMU_algorithm.o
 .debug_aranges
                0x00000038       0x20 ./src/project_src/L3GD20_Lib_SPI.o
 .debug_aranges
                0x00000058       0x20 ./src/project_src/LSM303DLHC_Lib_I2C.o
 .debug_aranges
                0x00000078       0x20 ./src/project_src/MotorPWM.o
 .debug_aranges
                0x00000098       0x20 ./src/project_src/PID_control.o
 .debug_aranges
                0x000000b8       0x20 ./src/project_src/Tasks.o
 .debug_aranges
                0x000000d8       0x20 ./src/project_src/Vector_math.o
 .debug_aranges
                0x000000f8       0x20 ./src/project_src/filter_Lib.o
 .debug_aranges
                0x00000118       0x20 ./src/project_src/helperFunctions.o
 .debug_aranges
                0x00000138       0x28 ./src/project_src/main.o
 .debug_aranges
                0x00000160       0x20 ./src/project_src/printf_stdarg.o
 .debug_aranges
                0x00000180       0x20 ./src/project_src/remote_control.o
 .debug_aranges
                0x000001a0       0x20 ./src/project_src/stm32_configuration.o
 .debug_aranges
                0x000001c0       0x20 ./src/project_src/stm32f30x_it.o
 .debug_aranges
                0x000001e0       0x20 ./src/project_src/usart.o
 .debug_aranges
                0x00000200       0x20 ./src/project_src/vertibot_settings.o
 .debug_aranges
                0x00000220       0x20 ./src/project_src/xBee_Lib.o
 .debug_aranges
                0x00000240       0x20 ./src/STM32F30x_StdPeriph_Driver/src/stm32f30x_adc.o
 .debug_aranges
                0x00000260       0x20 ./src/STM32F30x_StdPeriph_Driver/src/stm32f30x_dma.o
 .debug_aranges
                0x00000280       0x20 ./src/STM32F30x_StdPeriph_Driver/src/stm32f30x_exti.o
 .debug_aranges
                0x000002a0       0x20 ./src/STM32F30x_StdPeriph_Driver/src/stm32f30x_gpio.o
 .debug_aranges
                0x000002c0       0x20 ./src/STM32F30x_StdPeriph_Driver/src/stm32f30x_i2c.o
 .debug_aranges
                0x000002e0       0x20 ./src/STM32F30x_StdPeriph_Driver/src/stm32f30x_misc.o
 .debug_aranges
                0x00000300       0x20 ./src/STM32F30x_StdPeriph_Driver/src/stm32f30x_rcc.o
 .debug_aranges
                0x00000320       0x20 ./src/STM32F30x_StdPeriph_Driver/src/stm32f30x_spi.o
 .debug_aranges
                0x00000340       0x20 ./src/STM32F30x_StdPeriph_Driver/src/stm32f30x_tim.o
 .debug_aranges
                0x00000360       0x20 ./src/STM32F30x_StdPeriph_Driver/src/stm32f30x_usart.o
 .debug_aranges
                0x00000380       0x20 ./src/FreeRTOS/Source/portable/MemMang/heap_1.o
 .debug_aranges
                0x000003a0       0x20 ./src/FreeRTOS/Source/portable/GCC/ARM_CM4F/port.o
 .debug_aranges
                0x000003c0       0x20 ./src/FreeRTOS/Source/croutine.o
 .debug_aranges
                0x000003e0       0x20 ./src/FreeRTOS/Source/list.o
 .debug_aranges
                0x00000400       0x20 ./src/FreeRTOS/Source/queue.o
 .debug_aranges
                0x00000420       0x20 ./src/FreeRTOS/Source/tasks.o
 .debug_aranges
                0x00000440       0x20 ./src/FreeRTOS/Source/timers.o
 .debug_aranges
                0x00000460       0x28 ./src/CMSIS/Device/ST/STM32F30x/Source/Templates/gcc_ride7/startup_stm32f30x.o
 .debug_aranges
                0x00000488       0x20 ./src/CMSIS/Device/ST/STM32F30x/Source/Templates/system_stm32f30x.o

.debug_macro    0x00000000    0x13009
 .debug_macro   0x00000000      0x264 ./src/project_src/ADXL345_Lib.o
 .debug_macro   0x00000264      0x820 ./src/project_src/ADXL345_Lib.o
 .debug_macro   0x00000a84       0x6e ./src/project_src/ADXL345_Lib.o
 .debug_macro   0x00000af2       0x3b ./src/project_src/ADXL345_Lib.o
 .debug_macro   0x00000b2d      0x214 ./src/project_src/ADXL345_Lib.o
 .debug_macro   0x00000d41       0x18 ./src/project_src/ADXL345_Lib.o
 .debug_macro   0x00000d59       0x42 ./src/project_src/ADXL345_Lib.o
 .debug_macro   0x00000d9b      0xc91 ./src/project_src/ADXL345_Lib.o
 .debug_macro   0x00001a2c     0x769b ./src/project_src/ADXL345_Lib.o
 .debug_macro   0x000090c7      0x5a6 ./src/project_src/ADXL345_Lib.o
 .debug_macro   0x0000966d      0x231 ./src/project_src/ADXL345_Lib.o
 .debug_macro   0x0000989e      0x3a8 ./src/project_src/ADXL345_Lib.o
 .debug_macro   0x00009c46      0x114 ./src/project_src/ADXL345_Lib.o
 .debug_macro   0x00009d5a      0x1e4 ./src/project_src/ADXL345_Lib.o
 .debug_macro   0x00009f3e      0x1b6 ./src/project_src/ADXL345_Lib.o
 .debug_macro   0x0000a0f4      0x1df ./src/project_src/ADXL345_Lib.o
 .debug_macro   0x0000a2d3      0x29a ./src/project_src/ADXL345_Lib.o
 .debug_macro   0x0000a56d       0xb8 ./src/project_src/ADXL345_Lib.o
 .debug_macro   0x0000a625      0x5c6 ./src/project_src/ADXL345_Lib.o
 .debug_macro   0x0000abeb      0x3ab ./src/project_src/ADXL345_Lib.o
 .debug_macro   0x0000af96      0x8d8 ./src/project_src/ADXL345_Lib.o
 .debug_macro   0x0000b86e      0x364 ./src/project_src/ADXL345_Lib.o
 .debug_macro   0x0000bbd2       0x89 ./src/project_src/ADXL345_Lib.o
 .debug_macro   0x0000bc5b       0x35 ./src/project_src/ADXL345_Lib.o
 .debug_macro   0x0000bc90       0x58 ./src/project_src/ADXL345_Lib.o
 .debug_macro   0x0000bce8       0x2e ./src/project_src/ADXL345_Lib.o
 .debug_macro   0x0000bd16       0x3a ./src/project_src/ADXL345_Lib.o
 .debug_macro   0x0000bd50       0x35 ./src/project_src/ADXL345_Lib.o
 .debug_macro   0x0000bd85       0x94 ./src/project_src/ADXL345_Lib.o
 .debug_macro   0x0000be19       0x10 ./src/project_src/ADXL345_Lib.o
 .debug_macro   0x0000be29       0x89 ./src/project_src/ADXL345_Lib.o
 .debug_macro   0x0000beb2       0x10 ./src/project_src/ADXL345_Lib.o
 .debug_macro   0x0000bec2       0x3a ./src/project_src/ADXL345_Lib.o
 .debug_macro   0x0000befc       0x52 ./src/project_src/ADXL345_Lib.o
 .debug_macro   0x0000bf4e       0x19 ./src/project_src/ADXL345_Lib.o
 .debug_macro   0x0000bf67      0x189 ./src/project_src/ADXL345_Lib.o
 .debug_macro   0x0000c0f0       0x10 ./src/project_src/ADXL345_Lib.o
 .debug_macro   0x0000c100       0xf5 ./src/project_src/ADXL345_Lib.o
 .debug_macro   0x0000c1f5       0x22 ./src/project_src/ADXL345_Lib.o
 .debug_macro   0x0000c217       0x91 ./src/project_src/ADXL345_Lib.o
 .debug_macro   0x0000c2a8       0x16 ./src/project_src/ADXL345_Lib.o
 .debug_macro   0x0000c2be      0x15c ./src/project_src/ADXL345_Lib.o
 .debug_macro   0x0000c41a       0x10 ./src/project_src/ADXL345_Lib.o
 .debug_macro   0x0000c42a       0x35 ./src/project_src/ADXL345_Lib.o
 .debug_macro   0x0000c45f       0x16 ./src/project_src/ADXL345_Lib.o
 .debug_macro   0x0000c475       0x23 ./src/project_src/ADXL345_Lib.o
 .debug_macro   0x0000c498       0xae ./src/project_src/ADXL345_Lib.o
 .debug_macro   0x0000c546      0x1da ./src/project_src/ADXL345_Lib.o
 .debug_macro   0x0000c720      0x110 ./src/project_src/IMU_algorithm.o
 .debug_macro   0x0000c830      0x251 ./src/project_src/L3GD20_Lib_SPI.o
 .debug_macro   0x0000ca81      0x112 ./src/project_src/L3GD20_Lib_SPI.o
 .debug_macro   0x0000cb93      0x251 ./src/project_src/LSM303DLHC_Lib_I2C.o
 .debug_macro   0x0000cde4      0x3a9 ./src/project_src/LSM303DLHC_Lib_I2C.o
 .debug_macro   0x0000d18d      0x114 ./src/project_src/MotorPWM.o
 .debug_macro   0x0000d2a1       0x26 ./src/project_src/PID_control.o
 .debug_macro   0x0000d2c7       0x10 ./src/project_src/PID_control.o
 .debug_macro   0x0000d2d7      0x380 ./src/project_src/Tasks.o
 .debug_macro   0x0000d657       0x10 ./src/project_src/Tasks.o
 .debug_macro   0x0000d667       0x1c ./src/project_src/Tasks.o
 .debug_macro   0x0000d683       0x16 ./src/project_src/Tasks.o
 .debug_macro   0x0000d699       0x46 ./src/project_src/Tasks.o
 .debug_macro   0x0000d6df      0x114 ./src/project_src/Tasks.o
 .debug_macro   0x0000d7f3       0xaa ./src/project_src/Tasks.o
 .debug_macro   0x0000d89d       0x12 ./src/project_src/Tasks.o
 .debug_macro   0x0000d8af       0x1f ./src/project_src/Tasks.o
 .debug_macro   0x0000d8ce      0x203 ./src/project_src/Tasks.o
 .debug_macro   0x0000dad1       0x5e ./src/project_src/Tasks.o
 .debug_macro   0x0000db2f       0x57 ./src/project_src/Tasks.o
 .debug_macro   0x0000db86       0x9c ./src/project_src/Tasks.o
 .debug_macro   0x0000dc22       0x5b ./src/project_src/Tasks.o
 .debug_macro   0x0000dc7d       0x78 ./src/project_src/Tasks.o
 .debug_macro   0x0000dcf5       0x49 ./src/project_src/Tasks.o
 .debug_macro   0x0000dd3e       0x1c ./src/project_src/Tasks.o
 .debug_macro   0x0000dd5a       0x5e ./src/project_src/Tasks.o
 .debug_macro   0x0000ddb8       0x58 ./src/project_src/Tasks.o
 .debug_macro   0x0000de10      0x118 ./src/project_src/Tasks.o
 .debug_macro   0x0000df28      0x3af ./src/project_src/Tasks.o
 .debug_macro   0x0000e2d7       0x1c ./src/project_src/Tasks.o
 .debug_macro   0x0000e2f3       0x1b ./src/project_src/Vector_math.o
 .debug_macro   0x0000e30e       0xac ./src/project_src/filter_Lib.o
 .debug_macro   0x0000e3ba      0x242 ./src/project_src/helperFunctions.o
 .debug_macro   0x0000e5fc      0x39b ./src/project_src/main.o
 .debug_macro   0x0000e997      0x134 ./src/project_src/printf_stdarg.o
 .debug_macro   0x0000eacb       0x58 ./src/project_src/printf_stdarg.o
 .debug_macro   0x0000eb23      0x136 ./src/project_src/remote_control.o
 .debug_macro   0x0000ec59      0x258 ./src/project_src/stm32_configuration.o
 .debug_macro   0x0000eeb1      0x26f ./src/project_src/stm32f30x_it.o
 .debug_macro   0x0000f120      0x113 ./src/project_src/usart.o
 .debug_macro   0x0000f233      0x286 ./src/project_src/vertibot_settings.o
 .debug_macro   0x0000f4b9       0x11 ./src/project_src/xBee_Lib.o
 .debug_macro   0x0000f4ca      0x12c ./src/STM32F30x_StdPeriph_Driver/src/stm32f30x_adc.o
 .debug_macro   0x0000f5f6      0x22b ./src/STM32F30x_StdPeriph_Driver/src/stm32f30x_adc.o
 .debug_macro   0x0000f821      0x168 ./src/STM32F30x_StdPeriph_Driver/src/stm32f30x_dma.o
 .debug_macro   0x0000f989      0x3a2 ./src/STM32F30x_StdPeriph_Driver/src/stm32f30x_dma.o
 .debug_macro   0x0000fd2b      0x11a ./src/STM32F30x_StdPeriph_Driver/src/stm32f30x_exti.o
 .debug_macro   0x0000fe45      0x10e ./src/STM32F30x_StdPeriph_Driver/src/stm32f30x_exti.o
 .debug_macro   0x0000ff53      0x114 ./src/STM32F30x_StdPeriph_Driver/src/stm32f30x_gpio.o
 .debug_macro   0x00010067      0x1b0 ./src/STM32F30x_StdPeriph_Driver/src/stm32f30x_gpio.o
 .debug_macro   0x00010217      0x132 ./src/STM32F30x_StdPeriph_Driver/src/stm32f30x_i2c.o
 .debug_macro   0x00010349      0x294 ./src/STM32F30x_StdPeriph_Driver/src/stm32f30x_i2c.o
 .debug_macro   0x000105dd      0x11a ./src/STM32F30x_StdPeriph_Driver/src/stm32f30x_misc.o
 .debug_macro   0x000106f7       0x83 ./src/STM32F30x_StdPeriph_Driver/src/stm32f30x_misc.o
 .debug_macro   0x0001077a      0x1b1 ./src/STM32F30x_StdPeriph_Driver/src/stm32f30x_rcc.o
 .debug_macro   0x0001092b      0x5c0 ./src/STM32F30x_StdPeriph_Driver/src/stm32f30x_rcc.o
 .debug_macro   0x00010eeb      0x129 ./src/STM32F30x_StdPeriph_Driver/src/stm32f30x_spi.o
 .debug_macro   0x00011014      0x3a5 ./src/STM32F30x_StdPeriph_Driver/src/stm32f30x_spi.o
 .debug_macro   0x000113b9      0x13e ./src/STM32F30x_StdPeriph_Driver/src/stm32f30x_tim.o
 .debug_macro   0x000114f7      0x8d2 ./src/STM32F30x_StdPeriph_Driver/src/stm32f30x_tim.o
 .debug_macro   0x00011dc9      0x12c ./src/STM32F30x_StdPeriph_Driver/src/stm32f30x_usart.o
 .debug_macro   0x00011ef5      0x35e ./src/STM32F30x_StdPeriph_Driver/src/stm32f30x_usart.o
 .debug_macro   0x00012253      0x145 ./src/FreeRTOS/Source/portable/MemMang/heap_1.o
 .debug_macro   0x00012398      0x100 ./src/FreeRTOS/Source/portable/MemMang/heap_1.o
 .debug_macro   0x00012498       0x29 ./src/FreeRTOS/Source/portable/MemMang/heap_1.o
 .debug_macro   0x000124c1       0x85 ./src/FreeRTOS/Source/portable/MemMang/heap_1.o
 .debug_macro   0x00012546      0x114 ./src/FreeRTOS/Source/portable/MemMang/heap_1.o
 .debug_macro   0x0001265a       0xdc ./src/FreeRTOS/Source/portable/GCC/ARM_CM4F/port.o
 .debug_macro   0x00012736      0x16c ./src/FreeRTOS/Source/portable/GCC/ARM_CM4F/port.o
 .debug_macro   0x000128a2       0x91 ./src/FreeRTOS/Source/croutine.o
 .debug_macro   0x00012933      0x124 ./src/FreeRTOS/Source/list.o
 .debug_macro   0x00012a57      0x1af ./src/FreeRTOS/Source/queue.o
 .debug_macro   0x00012c06       0x12 ./src/FreeRTOS/Source/queue.o
 .debug_macro   0x00012c18      0x220 ./src/FreeRTOS/Source/tasks.o
 .debug_macro   0x00012e38       0x17 ./src/FreeRTOS/Source/tasks.o
 .debug_macro   0x00012e4f       0xaa ./src/FreeRTOS/Source/timers.o
 .debug_macro   0x00012ef9      0x110 ./src/CMSIS/Device/ST/STM32F30x/Source/Templates/system_stm32f30x.o

.debug_line     0x00000000     0xc79f
 .debug_line    0x00000000      0x6ce ./src/project_src/ADXL345_Lib.o
 .debug_line    0x000006ce      0x4a5 ./src/project_src/IMU_algorithm.o
 .debug_line    0x00000b73      0x75d ./src/project_src/L3GD20_Lib_SPI.o
 .debug_line    0x000012d0      0x7de ./src/project_src/LSM303DLHC_Lib_I2C.o
 .debug_line    0x00001aae      0x451 ./src/project_src/MotorPWM.o
 .debug_line    0x00001eff      0x1a2 ./src/project_src/PID_control.o
 .debug_line    0x000020a1      0xab1 ./src/project_src/Tasks.o
 .debug_line    0x00002b52      0x153 ./src/project_src/Vector_math.o
 .debug_line    0x00002ca5      0x45c ./src/project_src/filter_Lib.o
 .debug_line    0x00003101      0x6b3 ./src/project_src/helperFunctions.o
 .debug_line    0x000037b4      0x98e ./src/project_src/main.o
 .debug_line    0x00004142      0x555 ./src/project_src/printf_stdarg.o
 .debug_line    0x00004697      0x4b1 ./src/project_src/remote_control.o
 .debug_line    0x00004b48      0x888 ./src/project_src/stm32_configuration.o
 .debug_line    0x000053d0      0x74e ./src/project_src/stm32f30x_it.o
 .debug_line    0x00005b1e      0x465 ./src/project_src/usart.o
 .debug_line    0x00005f83      0x75f ./src/project_src/vertibot_settings.o
 .debug_line    0x000066e2       0x79 ./src/project_src/xBee_Lib.o
 .debug_line    0x0000675b      0x6ae ./src/STM32F30x_StdPeriph_Driver/src/stm32f30x_adc.o
 .debug_line    0x00006e09      0x4bf ./src/STM32F30x_StdPeriph_Driver/src/stm32f30x_dma.o
 .debug_line    0x000072c8      0x494 ./src/STM32F30x_StdPeriph_Driver/src/stm32f30x_exti.o
 .debug_line    0x0000775c      0x4bc ./src/STM32F30x_StdPeriph_Driver/src/stm32f30x_gpio.o
 .debug_line    0x00007c18      0x59b ./src/STM32F30x_StdPeriph_Driver/src/stm32f30x_i2c.o
 .debug_line    0x000081b3      0x470 ./src/STM32F30x_StdPeriph_Driver/src/stm32f30x_misc.o
 .debug_line    0x00008623      0x5c1 ./src/STM32F30x_StdPeriph_Driver/src/stm32f30x_rcc.o
 .debug_line    0x00008be4      0x5d5 ./src/STM32F30x_StdPeriph_Driver/src/stm32f30x_spi.o
 .debug_line    0x000091b9      0x91a ./src/STM32F30x_StdPeriph_Driver/src/stm32f30x_tim.o
 .debug_line    0x00009ad3      0x610 ./src/STM32F30x_StdPeriph_Driver/src/stm32f30x_usart.o
 .debug_line    0x0000a0e3      0x49b ./src/FreeRTOS/Source/portable/MemMang/heap_1.o
 .debug_line    0x0000a57e      0x254 ./src/FreeRTOS/Source/portable/GCC/ARM_CM4F/port.o
 .debug_line    0x0000a7d2      0x300 ./src/FreeRTOS/Source/croutine.o
 .debug_line    0x0000aad2      0x494 ./src/FreeRTOS/Source/list.o
 .debug_line    0x0000af66      0x727 ./src/FreeRTOS/Source/queue.o
 .debug_line    0x0000b68d      0x865 ./src/FreeRTOS/Source/tasks.o
 .debug_line    0x0000bef2      0x347 ./src/FreeRTOS/Source/timers.o
 .debug_line    0x0000c239       0xd6 ./src/CMSIS/Device/ST/STM32F30x/Source/Templates/gcc_ride7/startup_stm32f30x.o
 .debug_line    0x0000c30f      0x490 ./src/CMSIS/Device/ST/STM32F30x/Source/Templates/system_stm32f30x.o

.debug_str      0x00000000    0x5cca9
 .debug_str     0x00000000    0x4f404 ./src/project_src/ADXL345_Lib.o
                              0x4f5e6 (size before relaxing)
 .debug_str     0x0004f404      0x249 ./src/project_src/IMU_algorithm.o
                               0x5798 (size before relaxing)
 .debug_str     0x0004f64d      0x825 ./src/project_src/L3GD20_Lib_SPI.o
                              0x4fa55 (size before relaxing)
 .debug_str     0x0004fe72     0x1444 ./src/project_src/LSM303DLHC_Lib_I2C.o
                              0x506ce (size before relaxing)
 .debug_str     0x000512b6      0x166 ./src/project_src/MotorPWM.o
                              0x4bc32 (size before relaxing)
 .debug_str     0x0005141c      0x1ce ./src/project_src/PID_control.o
                               0x2433 (size before relaxing)
 .debug_str     0x000515ea     0x3e5f ./src/project_src/Tasks.o
                              0x54ee6 (size before relaxing)
 .debug_str     0x00055449       0x99 ./src/project_src/Vector_math.o