   1              		.syntax unified
   2              		.cpu cortex-m4
   3              		.eabi_attribute 27, 3
   4              		.eabi_attribute 28, 1
   5              		.fpu fpv4-sp-d16
   6              		.eabi_attribute 20, 1
   7              		.eabi_attribute 21, 1
   8              		.eabi_attribute 23, 3
   9              		.eabi_attribute 24, 1
  10              		.eabi_attribute 25, 1
  11              		.eabi_attribute 26, 1
  12              		.eabi_attribute 30, 4
  13              		.eabi_attribute 34, 1
  14              		.eabi_attribute 18, 4
  15              		.thumb
  16              		.file	"MotorPWM.c"
  17              		.text
  18              	.Ltext0:
  19              		.cfi_sections	.debug_frame
  20              		.align	1
  21              		.global	PWM_Motor
  22              		.thumb
  23              		.thumb_func
  25              	PWM_Motor:
  26              	.LFB111:
  27              		.file 1 "/home/user/Desktop/STM32-Projekte/FH-Vertibot/src/project_src/MotorPWM.c"
   1:/home/user/Desktop/STM32-Projekte/FH-Vertibot/src/project_src/MotorPWM.c **** #include <MotorPWM.h>
   2:/home/user/Desktop/STM32-Projekte/FH-Vertibot/src/project_src/MotorPWM.c **** 
   3:/home/user/Desktop/STM32-Projekte/FH-Vertibot/src/project_src/MotorPWM.c **** 
   4:/home/user/Desktop/STM32-Projekte/FH-Vertibot/src/project_src/MotorPWM.c **** 
   5:/home/user/Desktop/STM32-Projekte/FH-Vertibot/src/project_src/MotorPWM.c **** void PWM_Motor(uint8_t Motor, uint16_t value)
   6:/home/user/Desktop/STM32-Projekte/FH-Vertibot/src/project_src/MotorPWM.c **** {
  28              		.loc 1 6 0
  29              		.cfi_startproc
  30              		@ args = 0, pretend = 0, frame = 0
  31              		@ frame_needed = 0, uses_anonymous_args = 0
  32              		@ link register save eliminated.
  33              	.LVL0:
   7:/home/user/Desktop/STM32-Projekte/FH-Vertibot/src/project_src/MotorPWM.c **** 	switch (Motor)
  34              		.loc 1 7 0
  35 0000 0528     		cmp	r0, #5
  36 0002 16D8     		bhi	.L1
  37 0004 DFE800F0 		tbb	[pc, r0]
  38              	.L4:
  39 0008 03       		.byte	(.L3-.L4)/2
  40 0009 05       		.byte	(.L5-.L4)/2
  41 000a 07       		.byte	(.L6-.L4)/2
  42 000b 0A       		.byte	(.L7-.L4)/2
  43 000c 0D       		.byte	(.L8-.L4)/2
  44 000d 11       		.byte	(.L9-.L4)/2
  45              		.align	1
  46              	.L3:
   8:/home/user/Desktop/STM32-Projekte/FH-Vertibot/src/project_src/MotorPWM.c **** 	{
   9:/home/user/Desktop/STM32-Projekte/FH-Vertibot/src/project_src/MotorPWM.c **** 	case 0:
  10:/home/user/Desktop/STM32-Projekte/FH-Vertibot/src/project_src/MotorPWM.c **** 		TIM_SetCompare1(TIM3, value);
  47              		.loc 1 10 0
  48 000e 0948     		ldr	r0, .L13
  49              	.LVL1:
  50 0010 09E0     		b	.L10
  51              	.LVL2:
  52              	.L5:
  11:/home/user/Desktop/STM32-Projekte/FH-Vertibot/src/project_src/MotorPWM.c **** 		break;
  12:/home/user/Desktop/STM32-Projekte/FH-Vertibot/src/project_src/MotorPWM.c **** 	case 1:
  13:/home/user/Desktop/STM32-Projekte/FH-Vertibot/src/project_src/MotorPWM.c **** 		TIM_SetCompare2(TIM3, value);
  53              		.loc 1 13 0
  54 0012 0848     		ldr	r0, .L13
  55              	.LVL3:
  56 0014 0BE0     		b	.L11
  57              	.LVL4:
  58              	.L6:
  14:/home/user/Desktop/STM32-Projekte/FH-Vertibot/src/project_src/MotorPWM.c **** 		break;
  15:/home/user/Desktop/STM32-Projekte/FH-Vertibot/src/project_src/MotorPWM.c **** 	case 2:
  16:/home/user/Desktop/STM32-Projekte/FH-Vertibot/src/project_src/MotorPWM.c **** 		TIM_SetCompare3(TIM3, value);
  59              		.loc 1 16 0
  60 0016 0748     		ldr	r0, .L13
  61              	.LVL5:
  62 0018 FFF7FEBF 		b	TIM_SetCompare3
  63              	.LVL6:
  64              	.L7:
  17:/home/user/Desktop/STM32-Projekte/FH-Vertibot/src/project_src/MotorPWM.c **** 		break;
  18:/home/user/Desktop/STM32-Projekte/FH-Vertibot/src/project_src/MotorPWM.c **** 	case 3:
  19:/home/user/Desktop/STM32-Projekte/FH-Vertibot/src/project_src/MotorPWM.c **** 		TIM_SetCompare4(TIM3, value);
  65              		.loc 1 19 0
  66 001c 0548     		ldr	r0, .L13
  67              	.LVL7:
  68 001e FFF7FEBF 		b	TIM_SetCompare4
  69              	.LVL8:
  70              	.L8:
  20:/home/user/Desktop/STM32-Projekte/FH-Vertibot/src/project_src/MotorPWM.c **** 		break;
  21:/home/user/Desktop/STM32-Projekte/FH-Vertibot/src/project_src/MotorPWM.c **** 	case 4:
  22:/home/user/Desktop/STM32-Projekte/FH-Vertibot/src/project_src/MotorPWM.c **** 		TIM_SetCompare1(TIM2, value);
  71              		.loc 1 22 0
  72 0022 4FF08040 		mov	r0, #1073741824
  73              	.LVL9:
  74              	.L10:
  75 0026 FFF7FEBF 		b	TIM_SetCompare1
  76              	.LVL10:
  77              	.L9:
  23:/home/user/Desktop/STM32-Projekte/FH-Vertibot/src/project_src/MotorPWM.c **** 		break;
  24:/home/user/Desktop/STM32-Projekte/FH-Vertibot/src/project_src/MotorPWM.c **** 	case 5:
  25:/home/user/Desktop/STM32-Projekte/FH-Vertibot/src/project_src/MotorPWM.c **** 		TIM_SetCompare2(TIM2, value);
  78              		.loc 1 25 0
  79 002a 4FF08040 		mov	r0, #1073741824
  80              	.LVL11:
  81              	.L11:
  82 002e FFF7FEBF 		b	TIM_SetCompare2
  83              	.LVL12:
  84              	.L1:
  85 0032 7047     		bx	lr
  86              	.L14:
  87              		.align	2
  88              	.L13:
  89 0034 00040040 		.word	1073742848
  90              		.cfi_endproc
  91              	.LFE111:
  93              		.align	1
  94              		.global	Enable_Motor
  95              		.thumb
  96              		.thumb_func
  98              	Enable_Motor:
  99              	.LFB112:
  26:/home/user/Desktop/STM32-Projekte/FH-Vertibot/src/project_src/MotorPWM.c **** 		break;
  27:/home/user/Desktop/STM32-Projekte/FH-Vertibot/src/project_src/MotorPWM.c **** 	}
  28:/home/user/Desktop/STM32-Projekte/FH-Vertibot/src/project_src/MotorPWM.c **** }
  29:/home/user/Desktop/STM32-Projekte/FH-Vertibot/src/project_src/MotorPWM.c **** 
  30:/home/user/Desktop/STM32-Projekte/FH-Vertibot/src/project_src/MotorPWM.c **** void Enable_Motor(){
 100              		.loc 1 30 0
 101              		.cfi_startproc
 102              		@ args = 0, pretend = 0, frame = 0
 103              		@ frame_needed = 0, uses_anonymous_args = 0
 104 0038 10B5     		push	{r4, lr}
 105              	.LCFI0:
 106              		.cfi_def_cfa_offset 8
 107              		.cfi_offset 4, -8
 108              		.cfi_offset 14, -4
  31:/home/user/Desktop/STM32-Projekte/FH-Vertibot/src/project_src/MotorPWM.c **** 	//GPIO_WriteBit(GPIOB, GPIO_Pin_0 | GPIO_Pin_1 , Bit_SET);
  32:/home/user/Desktop/STM32-Projekte/FH-Vertibot/src/project_src/MotorPWM.c **** 	GPIO_WriteBit(GPIOB, GPIO_Pin_0 , Bit_RESET);
 109              		.loc 1 32 0
 110 003a 064C     		ldr	r4, .L16
 111 003c 0121     		movs	r1, #1
 112 003e 2046     		mov	r0, r4
 113 0040 0022     		movs	r2, #0
 114 0042 FFF7FEFF 		bl	GPIO_WriteBit
 115              	.LVL13:
  33:/home/user/Desktop/STM32-Projekte/FH-Vertibot/src/project_src/MotorPWM.c **** 	GPIO_WriteBit(GPIOB, GPIO_Pin_1 , Bit_RESET);
 116              		.loc 1 33 0
 117 0046 2046     		mov	r0, r4
 118 0048 0221     		movs	r1, #2
 119 004a 0022     		movs	r2, #0
  34:/home/user/Desktop/STM32-Projekte/FH-Vertibot/src/project_src/MotorPWM.c **** }
 120              		.loc 1 34 0
 121 004c BDE81040 		pop	{r4, lr}
  33:/home/user/Desktop/STM32-Projekte/FH-Vertibot/src/project_src/MotorPWM.c **** 	GPIO_WriteBit(GPIOB, GPIO_Pin_1 , Bit_RESET);
 122              		.loc 1 33 0
 123 0050 FFF7FEBF 		b	GPIO_WriteBit
 124              	.LVL14:
 125              	.L17:
 126              		.align	2
 127              	.L16:
 128 0054 00040048 		.word	1207960576
 129              		.cfi_endproc
 130              	.LFE112:
 132              		.align	1
 133              		.global	Disable_Motor
 134              		.thumb
 135              		.thumb_func
 137              	Disable_Motor:
 138              	.LFB113:
  35:/home/user/Desktop/STM32-Projekte/FH-Vertibot/src/project_src/MotorPWM.c **** 
  36:/home/user/Desktop/STM32-Projekte/FH-Vertibot/src/project_src/MotorPWM.c **** void Disable_Motor(){
 139              		.loc 1 36 0
 140              		.cfi_startproc
 141              		@ args = 0, pretend = 0, frame = 0
 142              		@ frame_needed = 0, uses_anonymous_args = 0
 143              		@ link register save eliminated.
  37:/home/user/Desktop/STM32-Projekte/FH-Vertibot/src/project_src/MotorPWM.c **** 	//GPIO_WriteBit(GPIOB, GPIO_Pin_0 | GPIO_Pin_1 , Bit_RESET);
  38:/home/user/Desktop/STM32-Projekte/FH-Vertibot/src/project_src/MotorPWM.c **** 	GPIO_WriteBit(GPIOB, GPIO_Pin_0 | GPIO_Pin_1 , Bit_SET);
 144              		.loc 1 38 0
 145 0058 0248     		ldr	r0, .L19
 146 005a 0321     		movs	r1, #3
 147 005c 0122     		movs	r2, #1
 148 005e FFF7FEBF 		b	GPIO_WriteBit
 149              	.LVL15:
 150              	.L20:
 151 0062 00BF     		.align	2
 152              	.L19:
 153 0064 00040048 		.word	1207960576
 154              		.cfi_endproc
 155              	.LFE113:
 157              	.Letext0:
 158              		.file 2 "/home/user/gcc-arm-none-eabi-4_8-2013q4/arm-none-eabi/include/stdint.h"
 159              		.file 3 "/home/user/Desktop/STM32-Projekte/FH-Vertibot/src/CMSIS/Device/ST/STM32F30x/Include/stm32
 160              		.file 4 "/home/user/Desktop/STM32-Projekte/FH-Vertibot/src/STM32F30x_StdPeriph_Driver/inc/stm32f30
 161              		.file 5 "/home/user/Desktop/STM32-Projekte/FH-Vertibot/src/STM32F30x_StdPeriph_Driver/inc/stm32f30
 162              		.file 6 "/home/user/Desktop/STM32-Projekte/FH-Vertibot/src/CMSIS/Include/core_cm4.h"
DEFINED SYMBOLS
                            *ABS*:00000000 MotorPWM.c
     /tmp/cceO5vA1.s:20     .text:00000000 $t
     /tmp/cceO5vA1.s:25     .text:00000000 PWM_Motor
     /tmp/cceO5vA1.s:39     .text:00000008 $d
     /tmp/cceO5vA1.s:45     .text:0000000e $t
     /tmp/cceO5vA1.s:89     .text:00000034 $d
     /tmp/cceO5vA1.s:93     .text:00000038 $t
     /tmp/cceO5vA1.s:98     .text:00000038 Enable_Motor
     /tmp/cceO5vA1.s:128    .text:00000054 $d
     /tmp/cceO5vA1.s:132    .text:00000058 $t
     /tmp/cceO5vA1.s:137    .text:00000058 Disable_Motor
     /tmp/cceO5vA1.s:153    .text:00000064 $d
                     .debug_frame:00000010 $d
                           .group:00000000 wm4.1.e41257821655b1beb88e1ee583b76eae
                           .group:00000000 wm4.stm32f30x.h.54.c7b24f715ee55ef38656f44540ae3be6
                           .group:00000000 wm4.core_cm4.h.32.1434cd257ff5806b1b03cd32ab0641e9
                           .group:00000000 wm4.newlib.h.8.384a112feabb3bef7b573ae48cde2e3b
                           .group:00000000 wm4.features.h.22.6a4ca7cd053637cc1d0db6c16f39b2d7
                           .group:00000000 wm4.config.h.212.4163ef2871a828c674038d036b081cfd
                           .group:00000000 wm4._ansi.h.23.5644b60c990a4800b02a6e654e88f93a
                           .group:00000000 wm4.stdint.h.20.54ad762faa59e3c05491630641c8d8bf
                           .group:00000000 wm4.core_cmInstr.h.25.d8165482ef3061013a2fc83e2d85f3d9
                           .group:00000000 wm4.core_cm4_simd.h.29.013e5bcf58dba2d27c60184174208e07
                           .group:00000000 wm4.core_cm4.h.155.cf7c793e178943e1bbf613f1b21cd51a
                           .group:00000000 wm4.stm32f30x.h.292.5f9271075d54fc48f1e25ff79df85cb2
                           .group:00000000 wm4.stm32f30x_adc.h.130.cbebad91f78fb87381fe0860eea6104e
                           .group:00000000 wm4.stm32f30x_comp.h.31.9bbc5f5f1a849069ea9062fbe7b81435
                           .group:00000000 wm4.stm32f30x_dma.h.31.73d173fa6d60026d432f3cf1d2fc4407
                           .group:00000000 wm4.stm32f30x_exti.h.31.22e280aa6e095108654ac8d3c74a2409
                           .group:00000000 wm4.stm32f30x_flash.h.31.bee86dc3079b7049419bdbeec073e2cd
                           .group:00000000 wm4.stm32f30x_gpio.h.31.3745297fee3728b346ad4d2a2467e40f
                           .group:00000000 wm4.stm32f30x_syscfg.h.31.96b023b7dbc3641f358604478433eb5c
                           .group:00000000 wm4.stm32f30x_i2c.h.31.52025acd7f154308042bf46a2835e9d3
                           .group:00000000 wm4.stm32f30x_pwr.h.31.cdef322c6e7f25cfc29954045d24e9b8
                           .group:00000000 wm4.stm32f30x_rcc.h.31.3b94c1144b21d1e4fe780e4d1a02d257
                           .group:00000000 wm4.stm32f30x_spi.h.31.c1ebebab897d23cecc617ec8ad9fd534
                           .group:00000000 wm4.stm32f30x_tim.h.31.336f9cd855fb4e2cd819ac260ded6518
                           .group:00000000 wm4.stm32f30x_usart.h.31.cd85313e29c0a128555b4a7b8ec0f487
                           .group:00000000 wm4.stm32f30x_misc.h.31.f08b0e9f53f0471613b5131bb95f8725
                           .group:00000000 wm4.stm32f30x.h.6173.8b641ba1d9b0040eda9120fe8a414b2d

UNDEFINED SYMBOLS
TIM_SetCompare3
TIM_SetCompare4
TIM_SetCompare1
TIM_SetCompare2
GPIO_WriteBit
