Archive member included because of file (symbol)

/home/user/gcc-arm-none-eabi-4_8-2013q4/bin/../lib/gcc/arm-none-eabi/4.8.3/armv7e-m/fpu/libgcc.a(_arm_addsubdf3.o)
                              ./src/project_src/Tasks.o (__aeabi_dsub)
/home/user/gcc-arm-none-eabi-4_8-2013q4/bin/../lib/gcc/arm-none-eabi/4.8.3/armv7e-m/fpu/libgcc.a(_arm_fixdfsi.o)
                              ./src/project_src/filter_Lib.o (__aeabi_d2iz)
/home/user/gcc-arm-none-eabi-4_8-2013q4/bin/../lib/gcc/arm-none-eabi/4.8.3/armv7e-m/fpu/libgcc.a(_arm_truncdfsf2.o)
                              ./src/project_src/Tasks.o (__aeabi_d2f)
/home/user/gcc-arm-none-eabi-4_8-2013q4/bin/../lib/gcc/arm-none-eabi/4.8.3/../../../../arm-none-eabi/lib/armv7e-m/fpu/libg.a(lib_a-memcmp.o)
                              ./src/FreeRTOS/Source/tasks.o (memcmp)
/home/user/gcc-arm-none-eabi-4_8-2013q4/bin/../lib/gcc/arm-none-eabi/4.8.3/../../../../arm-none-eabi/lib/armv7e-m/fpu/libg.a(lib_a-memcpy.o)
                              ./src/FreeRTOS/Source/queue.o (memcpy)
/home/user/gcc-arm-none-eabi-4_8-2013q4/bin/../lib/gcc/arm-none-eabi/4.8.3/../../../../arm-none-eabi/lib/armv7e-m/fpu/libg.a(lib_a-memset.o)
                              ./src/project_src/Tasks.o (memset)
/home/user/gcc-arm-none-eabi-4_8-2013q4/bin/../lib/gcc/arm-none-eabi/4.8.3/../../../../arm-none-eabi/lib/armv7e-m/fpu/libm.a(lib_a-sf_cos.o)
                              ./src/project_src/IMU_algorithm.o (cosf)
/home/user/gcc-arm-none-eabi-4_8-2013q4/bin/../lib/gcc/arm-none-eabi/4.8.3/../../../../arm-none-eabi/lib/armv7e-m/fpu/libm.a(lib_a-sf_sin.o)
                              ./src/project_src/IMU_algorithm.o (sinf)
/home/user/gcc-arm-none-eabi-4_8-2013q4/bin/../lib/gcc/arm-none-eabi/4.8.3/../../../../arm-none-eabi/lib/armv7e-m/fpu/libm.a(lib_a-w_atan2.o)
                              ./src/project_src/Tasks.o (atan2)
/home/user/gcc-arm-none-eabi-4_8-2013q4/bin/../lib/gcc/arm-none-eabi/4.8.3/../../../../arm-none-eabi/lib/armv7e-m/fpu/libm.a(lib_a-w_sqrt.o)
                              ./src/project_src/filter_Lib.o (sqrt)
/home/user/gcc-arm-none-eabi-4_8-2013q4/bin/../lib/gcc/arm-none-eabi/4.8.3/../../../../arm-none-eabi/lib/armv7e-m/fpu/libm.a(lib_a-wf_asin.o)
                              ./src/project_src/IMU_algorithm.o (asinf)
/home/user/gcc-arm-none-eabi-4_8-2013q4/bin/../lib/gcc/arm-none-eabi/4.8.3/../../../../arm-none-eabi/lib/armv7e-m/fpu/libm.a(lib_a-wf_atan2.o)
                              ./src/project_src/IMU_algorithm.o (atan2f)
/home/user/gcc-arm-none-eabi-4_8-2013q4/bin/../lib/gcc/arm-none-eabi/4.8.3/../../../../arm-none-eabi/lib/armv7e-m/fpu/libm.a(lib_a-wf_sqrt.o)
                              ./src/project_src/IMU_algorithm.o (sqrtf)
/home/user/gcc-arm-none-eabi-4_8-2013q4/bin/../lib/gcc/arm-none-eabi/4.8.3/../../../../arm-none-eabi/lib/armv7e-m/fpu/libm.a(lib_a-e_atan2.o)
                              /home/user/gcc-arm-none-eabi-4_8-2013q4/bin/../lib/gcc/arm-none-eabi/4.8.3/../../../../arm-none-eabi/lib/armv7e-m/fpu/libm.a(lib_a-w_atan2.o) (__ieee754_atan2)
/home/user/gcc-arm-none-eabi-4_8-2013q4/bin/../lib/gcc/arm-none-eabi/4.8.3/../../../../arm-none-eabi/lib/armv7e-m/fpu/libm.a(lib_a-e_sqrt.o)
                              /home/user/gcc-arm-none-eabi-4_8-2013q4/bin/../lib/gcc/arm-none-eabi/4.8.3/../../../../arm-none-eabi/lib/armv7e-m/fpu/libm.a(lib_a-w_sqrt.o) (__ieee754_sqrt)
/home/user/gcc-arm-none-eabi-4_8-2013q4/bin/../lib/gcc/arm-none-eabi/4.8.3/../../../../arm-none-eabi/lib/armv7e-m/fpu/libm.a(lib_a-ef_asin.o)
                              /home/user/gcc-arm-none-eabi-4_8-2013q4/bin/../lib/gcc/arm-none-eabi/4.8.3/../../../../arm-none-eabi/lib/armv7e-m/fpu/libm.a(lib_a-wf_asin.o) (__ieee754_asinf)
/home/user/gcc-arm-none-eabi-4_8-2013q4/bin/../lib/gcc/arm-none-eabi/4.8.3/../../../../arm-none-eabi/lib/armv7e-m/fpu/libm.a(lib_a-ef_atan2.o)
                              /home/user/gcc-arm-none-eabi-4_8-2013q4/bin/../lib/gcc/arm-none-eabi/4.8.3/../../../../arm-none-eabi/lib/armv7e-m/fpu/libm.a(lib_a-wf_atan2.o) (__ieee754_atan2f)
/home/user/gcc-arm-none-eabi-4_8-2013q4/bin/../lib/gcc/arm-none-eabi/4.8.3/../../../../arm-none-eabi/lib/armv7e-m/fpu/libm.a(lib_a-ef_rem_pio2.o)
                              /home/user/gcc-arm-none-eabi-4_8-2013q4/bin/../lib/gcc/arm-none-eabi/4.8.3/../../../../arm-none-eabi/lib/armv7e-m/fpu/libm.a(lib_a-sf_cos.o) (__ieee754_rem_pio2f)
/home/user/gcc-arm-none-eabi-4_8-2013q4/bin/../lib/gcc/arm-none-eabi/4.8.3/../../../../arm-none-eabi/lib/armv7e-m/fpu/libm.a(lib_a-ef_sqrt.o)
                              /home/user/gcc-arm-none-eabi-4_8-2013q4/bin/../lib/gcc/arm-none-eabi/4.8.3/../../../../arm-none-eabi/lib/armv7e-m/fpu/libm.a(lib_a-wf_sqrt.o) (__ieee754_sqrtf)
/home/user/gcc-arm-none-eabi-4_8-2013q4/bin/../lib/gcc/arm-none-eabi/4.8.3/../../../../arm-none-eabi/lib/armv7e-m/fpu/libm.a(lib_a-kf_cos.o)
[...]
Memory Configuration

Name             Origin             Length             Attributes
FLASH            0x08000000         0x00040000         xr
RAM              0x20000000         0x0000a000         xrw
MEMORY_B1        0x60000000         0x00000000         xr
CCMRAM           0x10000000         0x00002000         rw
*default*        0x00000000         0xffffffff

Linker script and memory map

LOAD ./src/project_src/ADXL345_Lib.o
LOAD ./src/project_src/HMC5883L_Lib.o
LOAD ./src/project_src/IMU_algorithm.o
LOAD ./src/project_src/L3GD20_Lib_SPI.o
LOAD ./src/project_src/LSM303DLHC_Lib_I2C.o
LOAD ./src/project_src/MotorPWM.o
LOAD ./src/project_src/PID_control.o
LOAD ./src/project_src/Tasks.o
LOAD ./src/project_src/Vector_math.o
LOAD ./src/project_src/filter_Lib.o
LOAD ./src/project_src/fuzzy.o
LOAD ./src/project_src/helperFunctions.o
LOAD ./src/project_src/main.o
LOAD ./src/project_src/printf_stdarg.o
LOAD ./src/project_src/remote_control.o
LOAD ./src/project_src/stm32_configuration.o
LOAD ./src/project_src/stm32f30x_it.o
LOAD ./src/project_src/usart.o
LOAD ./src/project_src/vertibot_settings.o
LOAD ./src/project_src/xBee_Lib.o
LOAD ./src/STM32F30x_StdPeriph_Driver/src/stm32f30x_adc.o
LOAD ./src/STM32F30x_StdPeriph_Driver/src/stm32f30x_can.o
LOAD ./src/STM32F30x_StdPeriph_Driver/src/stm32f30x_comp.o
LOAD ./src/STM32F30x_StdPeriph_Driver/src/stm32f30x_crc.o
LOAD ./src/STM32F30x_StdPeriph_Driver/src/stm32f30x_dac.o
LOAD ./src/STM32F30x_StdPeriph_Driver/src/stm32f30x_dbgmcu.o
LOAD ./src/STM32F30x_StdPeriph_Driver/src/stm32f30x_dma.o
LOAD ./src/STM32F30x_StdPeriph_Driver/src/stm32f30x_exti.o
LOAD ./src/STM32F30x_StdPeriph_Driver/src/stm32f30x_flash.o
LOAD ./src/STM32F30x_StdPeriph_Driver/src/stm32f30x_gpio.o
LOAD ./src/STM32F30x_StdPeriph_Driver/src/stm32f30x_i2c.o
LOAD ./src/STM32F30x_StdPeriph_Driver/src/stm32f30x_iwdg.o
LOAD ./src/STM32F30x_StdPeriph_Driver/src/stm32f30x_misc.o
LOAD ./src/STM32F30x_StdPeriph_Driver/src/stm32f30x_opamp.o
LOAD ./src/STM32F30x_StdPeriph_Driver/src/stm32f30x_pwr.o
LOAD ./src/STM32F30x_StdPeriph_Driver/src/stm32f30x_rcc.o
LOAD ./src/STM32F30x_StdPeriph_Driver/src/stm32f30x_rtc.o
LOAD ./src/STM32F30x_StdPeriph_Driver/src/stm32f30x_spi.o
LOAD ./src/STM32F30x_StdPeriph_Driver/src/stm32f30x_syscfg.o
LOAD ./src/STM32F30x_StdPeriph_Driver/src/stm32f30x_tim.o
LOAD ./src/STM32F30x_StdPeriph_Driver/src/stm32f30x_usart.o
LOAD ./src/STM32F30x_StdPeriph_Driver/src/stm32f30x_wwdg.o
LOAD ./src/FreeRTOS/Source/portable/MemMang/heap_1.o
LOAD ./src/FreeRTOS/Source/portable/GCC/ARM_CM4F/port.o
LOAD ./src/FreeRTOS/Source/croutine.o
LOAD ./src/FreeRTOS/Source/list.o
LOAD ./src/FreeRTOS/Source/queue.o
LOAD ./src/FreeRTOS/Source/tasks.o
LOAD ./src/FreeRTOS/Source/timers.o
LOAD ./src/CMSIS/Device/ST/STM32F30x/Source/Templates/gcc_ride7/startup_stm32f30x.o
LOAD ./src/CMSIS/Device/ST/STM32F30x/Source/Templates/system_stm32f30x.o
START GROUP
LOAD /home/user/gcc-arm-none-eabi-4_8-2013q4/bin/../lib/gcc/arm-none-eabi/4.8.3/armv7e-m/fpu/libgcc.a
LOAD /home/user/gcc-arm-none-eabi-4_8-2013q4/bin/../lib/gcc/arm-none-eabi/4.8.3/../../../../arm-none-eabi/lib/armv7e-m/fpu/libg.a
LOAD /home/user/gcc-arm-none-eabi-4_8-2013q4/bin/../lib/gcc/arm-none-eabi/4.8.3/../../../../arm-none-eabi/lib/armv7e-m/fpu/libc.a
END GROUP
                0x2000a000                _estack = 0x2000a000
                0x00000000                _Min_Heap_Size = 0x0
                0x00000200                _Min_Stack_Size = 0x200

.isr_vector     0x08000000      0x188
                0x08000000                . = ALIGN (0x4)
 *(.isr_vector)
 .isr_vector    0x08000000      0x188 ./src/CMSIS/Device/ST/STM32F30x/Source/Templates/gcc_ride7/startup_stm32f30x.o
                0x08000000                g_pfnVectors
                0x08000188                . = ALIGN (0x4)

.text           0x08000188     0xa014
                0x08000188                . = ALIGN (0x4)
 *(.text)
 .text          0x08000188      0x48c ./src/project_src/IMU_algorithm.o
                0x08000188                IMU_init
                0x080001ac                IMU_init_drift_correction
                0x080001d4                IMU_update
                0x08000270                IMU_normalize
                0x08000336                IMU_ortho_adjust
                0x08000396                IMU_drift_correction_ACC
                0x0800042c                IMU_drift_correction_MAG
                0x080004ae                IMU_DCM_to_Euler_deg
                0x08000504                IMU_Euler_to_DCM
                0x080005c4                IMU_DCM_to_XYZ
 .text          0x08000614      0x1f4 ./src/project_src/L3GD20_Lib_SPI.o
                0x08000648                L3GD20_Init
                0x080006c4                L3GD20_Read
                0x08000708                Gyro_convert
                0x08000742                Gyro_readValues
                0x080007aa                Gyro_calibrate
 .text          0x08000808      0x4a8 ./src/project_src/LSM303DLHC_Lib_I2C.o
                0x08000808                LSM303DLHC_Write
                0x08000898                LSM303DLHC_Read
                0x0800093c                LSM303DLHC_ReadDMA
                0x08000a00                LSM303DLHC_AccInit
                0x08000a3e                LSM303DLHC_ACC_readValues
                0x08000a8a                LSM303DLHC_ACC_calibrate
                0x08000b12                LSM303DLHC_ACC_readValuesDMA
                0x08000b58                Mag_calibrate
                0x08000b94                Mag_readValues
 .text          0x08000cb0       0x68 ./src/project_src/MotorPWM.o
                0x08000cb0                PWM_Motor
                0x08000ce8                Enable_Motor
                0x08000d08                Disable_Motor
 .text          0x08000d18      0x358 ./src/project_src/PID_control.o
                0x08000d18                init_PID
                0x08000d2e                init_SmithPredictor
                0x08000d48                resetIntegralValues_PID
                0x08000d54                calc_PID
                0x08000dd8                CalcVirtualPlant
                0x08000e1a                CalcVirtualPlant_xxx
                0x08000e60                CalcDirektForm2
                0x08000eaa                CalcDelay
                0x08000ed8                calc_PID_SmithPredictor
                0x08000f8c                calc_PID_YAW
 .text          0x08001070      0x928 ./src/project_src/Tasks.o
                0x08001070                Init_PositionController
                0x080010f4                Init_IMU
                0x080013d4                IMU_Calculation
                0x08001708                PositionController
 .text          0x08001998      0x11c ./src/project_src/Vector_math.o
                0x08001998                VectorDotProduct
                0x080019bc                VectorCrossProduct
                0x08001a12                VectorScale
                0x08001a2e                VectorAdd
                0x08001a50                MatrixMultiply
 .text          0x08001ab4      0x330 ./src/project_src/filter_Lib.o
                0x08001ab4                update_intFilter
                0x08001ac8                initAvgValues
                0x08001ad8                calcMovingAvg
                0x08001b02                quickSort
                0x08001b6c                calcStdDev
                0x08001b9e                floatFilterAcc1
                0x08001c48                floatFilterAcc2
                0x08001cb0                floatFilterAcc
                0x08001d38                floatFilterGyro
 .text          0x08001de4       0x34 ./src/project_src/helperFunctions.o
                0x08001de4                Delay
                0x08001df8                min
                0x08001e08                max
 .text          0x08001e18      0x1e8 ./src/project_src/main.o
                0x08001e70                LED_TOGGLE_NOT_READY
                0x08001ea0                LED_TOGGLE_READY
                0x08001ed0                LED_TOGGLE_ALL
                0x08001fd0                vApplicationMallocFailedHook
                0x08001fe4                vApplicationStackOverflowHook
                0x08001ff8                vApplicationIdleHook
                0x08001ffc                vApplicationTickHook
 .text          0x08002000      0x2a8 ./src/project_src/printf_stdarg.o
                0x08002250                printf
                0x0800226c                sprintf
                0x0800228a                snprintf
 .text          0x080022a8      0x194 ./src/project_src/remote_control.o
                0x080022a8                CalcRXValues
 .text          0x0800243c      0x698 ./src/project_src/stm32_configuration.o
                0x0800243c                RCC_Configuration
                0x0800246c                NVIC_Configuration
                0x080024d6                GPIO_Configuration
                0x080026d8                USART_Configuration
                0x0800275c                SPI_Configuration
                0x080027c0                I2C_Configuration
                0x080027fc                DMA_Configuration
                0x08002844                TIM2_PWM_Configuration
                0x08002918                TIM3_PWM_Configuration
                0x080029b8                TIM4_Configuration
                0x08002a04                getEXTI_Config
                0x08002a0c                EXTI_Configuration
                0x08002a0e                ADC_Configuration
 .text          0x08002ad4      0x178 ./src/project_src/stm32f30x_it.o
                0x08002ad4                NMI_Handler
                0x08002ad6                HardFault_Handler
                0x08002ad8                MemManage_Handler
                0x08002ada                BusFault_Handler
                0x08002adc                UsageFault_Handler
                0x08002ade                DebugMon_Handler
                0x08002ae0                USART3_IRQHandler
                0x08002ba4                USART2_IRQHandler
                0x08002c0c                disableEXTI
                0x08002c2a                enableEXTI
                0x08002c48                EXTI15_10_IRQHandler
 .text          0x08002c4c       0xd8 ./src/project_src/usart.o
                0x08002c4c                Usart2Put
                0x08002c68                Usart3Put
                0x08002c84                Usart3Get
                0x08002ca0                SendBufferedDataFrame
 .text          0x08002d24       0xa8 ./src/project_src/vertibot_settings.o
                0x08002d24                SETTINGS_init
                0x08002dc4                CTRLSTATES_init
 .text          0x08002dcc        0x4 ./src/project_src/xBee_Lib.o
                0x08002dcc                setup_xBeeS6
 .text          0x08002dd0      0x6b8 ./src/STM32F30x_StdPeriph_Driver/src/stm32f30x_adc.o
                0x08002dd0                ADC_DeInit
                0x08002e20                ADC_Init
                0x08002e5c                ADC_StructInit
                0x08002e72                ADC_InjectedInit
                0x08002e9c                ADC_InjectedStructInit
                0x08002eb0                ADC_CommonInit
                0x08002f0c                ADC_CommonStructInit
                0x08002f1a                ADC_Cmd
                0x08002f2c                ADC_StartCalibration
                0x08002f36                ADC_GetCalibrationValue
                0x08002f3c                ADC_SetCalibrationValue
                0x08002f42                ADC_SelectCalibrationMode
                0x08002f52                ADC_GetCalibrationStatus
                0x08002f58                ADC_DisableCmd
                0x08002f62                ADC_GetDisableCmdStatus
                0x08002f6a                ADC_VoltageRegulatorCmd
                0x08002f84                ADC_SelectDifferentialMode
                0x08002fa2                ADC_SelectQueueOfContextMode
                0x08002fb4                ADC_AutoDelayCmd
                0x08002fc6                ADC_AnalogWatchdogCmd
                0x08002fd2                ADC_AnalogWatchdog1ThresholdsConfig
                0x08002ffa                ADC_AnalogWatchdog2ThresholdsConfig
                0x0800301a                ADC_AnalogWatchdog3ThresholdsConfig
                0x0800303a                ADC_AnalogWatchdog1SingleChannelConfig
                0x08003048                ADC_AnalogWatchdog2SingleChannelConfig
                0x08003068                ADC_AnalogWatchdog3SingleChannelConfig
                0x08003088                ADC_TempSensorCmd
                0x080030b8                ADC_VrefintCmd
                0x080030e8                ADC_VbatCmd
                0x08003118                ADC_RegularChannelConfig
                0x080031d0                ADC_RegularChannelSequencerLengthConfig
                0x080031e2                ADC_ExternalTriggerConfig
                0x080031f4                ADC_StartConversion
                0x080031fe                ADC_GetStartConversionStatus
                0x08003206                ADC_StopConversion
                0x08003210                ADC_DiscModeChannelCountConfig
                0x08003220                ADC_DiscModeCmd
                0x08003232                ADC_GetConversionValue
                0x08003238                ADC_GetDualModeConversionValue
                0x0800325c                ADC_SetChannelOffset1
                0x08003280                ADC_SetChannelOffset2
                0x080032a4                ADC_SetChannelOffset3
                0x080032c8                ADC_SetChannelOffset4
                0x080032ec                ADC_ChannelOffset1Cmd
                0x080032fe                ADC_ChannelOffset2Cmd
                0x08003310                ADC_ChannelOffset3Cmd
                0x08003322                ADC_ChannelOffset4Cmd
                0x08003334                ADC_DMACmd
                0x08003346                ADC_DMAConfig
                0x08003356                ADC_InjectedChannelSampleTimeConfig
                0x08003398                ADC_StartInjectedConversion
                0x080033a2                ADC_StopInjectedConversion
                0x080033ac                ADC_GetStartInjectedConversionStatus
                0x080033b4                ADC_AutoInjectedConvCmd
                0x080033c6                ADC_InjectedDiscModeCmd
                0x080033d8                ADC_GetInjectedConversionValue
                0x080033f6                ADC_ITConfig
                0x08003406                ADC_GetFlagStatus
                0x08003412                ADC_ClearFlag
                0x08003416                ADC_GetCommonFlagStatus
                0x08003440                ADC_ClearCommonFlag
                0x08003468                ADC_GetITStatus
                0x0800347e                ADC_ClearITPendingBit
 .text          0x08003488      0x1d8 ./src/STM32F30x_StdPeriph_Driver/src/stm32f30x_dma.o
                0x08003488                DMA_DeInit
                0x08003578                DMA_Init
                0x080035b4                DMA_StructInit
                0x080035ce                DMA_Cmd
                0x080035e4                DMA_SetCurrDataCounter
                0x080035e8                DMA_GetCurrDataCounter
                0x080035ee                DMA_ITConfig
                0x080035fe                DMA_GetFlagStatus
                0x0800361c                DMA_ClearFlag
                0x08003630                DMA_GetITStatus
                0x0800364c                DMA_ClearITPendingBit
 .text          0x08003660      0x1d8 ./src/STM32F30x_StdPeriph_Driver/src/stm32f30x_exti.o
                0x08003660                EXTI_DeInit
                0x08003690                EXTI_Init
                0x08003794                EXTI_StructInit
                0x080037a2                EXTI_GenerateSWInterrupt
                0x080037c0                EXTI_GetFlagStatus
                0x080037e0                EXTI_ClearFlag
                0x080037f8                EXTI_GetITStatus
                0x0800381e                EXTI_ClearITPendingBit
 .text          0x08003838      0x1ac ./src/STM32F30x_StdPeriph_Driver/src/stm32f30x_gpio.o
                0x08003838                GPIO_DeInit
                0x080038dc                GPIO_Init
                0x08003960                GPIO_StructInit
                0x08003974                GPIO_PinLockConfig
                0x08003984                GPIO_ReadInputDataBit
                0x08003990                GPIO_ReadInputData
                0x08003996                GPIO_ReadOutputDataBit
                0x080039a2                GPIO_ReadOutputData
                0x080039a8                GPIO_SetBits
                0x080039ac                GPIO_ResetBits
                0x080039b0                GPIO_WriteBit
                0x080039ba                GPIO_Write
                0x080039be                GPIO_PinAFConfig
 .text          0x080039e4      0x35c ./src/STM32F30x_StdPeriph_Driver/src/stm32f30x_i2c.o
                0x080039e4                I2C_DeInit
                0x08003a18                I2C_Init
                0x08003a78                I2C_StructInit
                0x08003a8e                I2C_Cmd
                0x08003aa0                I2C_SoftwareResetCmd
                0x08003ab4                I2C_ITConfig
                0x08003ac4                I2C_StretchClockCmd
                0x08003ad6                I2C_StopModeCmd
                0x08003ae8                I2C_DualAddressCmd
                0x08003afa                I2C_OwnAddress2Config
                0x08003b16                I2C_GeneralCallCmd
                0x08003b28                I2C_SlaveByteControlCmd
                0x08003b3a                I2C_SlaveAddressConfig
                0x08003b4e                I2C_10BitAddressingModeCmd
                0x08003b60                I2C_AutoEndCmd
                0x08003b72                I2C_ReloadCmd
                0x08003b84                I2C_NumberOfBytesConfig
                0x08003b92                I2C_MasterRequestConfig
                0x08003ba4                I2C_GenerateSTART
                0x08003bb6                I2C_GenerateSTOP
                0x08003bc8                I2C_10BitAddressHeaderCmd
                0x08003bda                I2C_AcknowledgeConfig
                0x08003bec                I2C_GetAddressMatched
                0x08003bf6                I2C_GetTransferDirection
                0x08003c06                I2C_TransferHandling
                0x08003c30                I2C_SMBusAlertCmd
                0x08003c42                I2C_ClockTimeoutCmd
                0x08003c54                I2C_ExtendedClockTimeoutCmd
                0x08003c66                I2C_IdleClockTimeoutCmd
                0x08003c78                I2C_TimeoutAConfig
                0x08003c8c                I2C_TimeoutBConfig
                0x08003ca8                I2C_CalculatePEC
                0x08003cba                I2C_PECRequestCmd
                0x08003ccc                I2C_GetPEC
                0x08003cd2                I2C_ReadRegister
                0x08003ce8                I2C_SendData
                0x08003cec                I2C_ReceiveData
                0x08003cf2                I2C_DMACmd
                0x08003d02                I2C_GetFlagStatus
                0x08003d0e                I2C_ClearFlag
                0x08003d12                I2C_GetITStatus
                0x08003d3a                I2C_ClearITPendingBit
 .text          0x08003d40       0xc0 ./src/STM32F30x_StdPeriph_Driver/src/stm32f30x_misc.o
                0x08003d40                NVIC_PriorityGroupConfig
                0x08003d54                NVIC_Init
                0x08003dbc                NVIC_SetVectorTable
                0x08003dd0                NVIC_SystemLPConfig
                0x08003de8                SysTick_CLKSourceConfig
 .text          0x08003e00      0x5f0 ./src/STM32F30x_StdPeriph_Driver/src/stm32f30x_rcc.o
                0x08003e00                RCC_DeInit
                0x08003e54                RCC_HSEConfig
                0x08003e64                RCC_AdjustHSICalibrationValue
                0x08003e78                RCC_HSICmd
                0x08003e84                RCC_LSEConfig
                0x08003ea4                RCC_LSEDriveConfig
                0x08003ebc                RCC_LSICmd
                0x08003ec8                RCC_PLLConfig
                0x08003ee0                RCC_PLLCmd
                0x08003eec                RCC_PREDIV1Config
                0x08003f00                RCC_ClockSecuritySystemCmd
                0x08003f0c                RCC_MCOConfig
                0x08003f18                RCC_SYSCLKConfig
                0x08003f2c                RCC_GetSYSCLKSource
                0x08003f3c                RCC_HCLKConfig
                0x08003f50                RCC_PCLK1Config
                0x08003f64                RCC_PCLK2Config
                0x08003f78                RCC_GetClocksFreq
                0x080041d4                RCC_ADCCLKConfig
                0x080041f4                RCC_I2CCLKConfig
                0x08004214                RCC_TIMCLKConfig
                0x08004234                RCC_USARTCLKConfig
                0x0800427c                RCC_USBCLKConfig
                0x08004288                RCC_RTCCLKConfig
                0x08004298                RCC_I2SCLKConfig
                0x080042a4                RCC_RTCCLKCmd
                0x080042b0                RCC_BackupResetCmd
                0x080042bc                RCC_AHBPeriphClockCmd
                0x080042d4                RCC_APB2PeriphClockCmd
                0x080042ec                RCC_APB1PeriphClockCmd
                0x08004304                RCC_AHBPeriphResetCmd
                0x0800431c                RCC_APB2PeriphResetCmd
                0x08004334                RCC_APB1PeriphResetCmd
                0x0800434c                RCC_ITConfig
                0x08004364                RCC_GetFlagStatus
                0x08004390                RCC_WaitForHSEStartUp
                0x080043c0                RCC_ClearFlag
                0x080043d0                RCC_GetITStatus
                0x080043e4                RCC_ClearITPendingBit
 .text          0x080043f0      0x3dc ./src/STM32F30x_StdPeriph_Driver/src/stm32f30x_spi.o
                0x080043f0                SPI_I2S_DeInit
                0x08004454                SPI_StructInit
                0x08004470                SPI_Init
                0x08004508                I2S_StructInit
                0x0800451a                I2S_Init
                0x080045be                SPI_Cmd
                0x080045d6                SPI_TIModeCmd
                0x080045ee                I2S_Cmd
                0x08004606                SPI_DataSizeConfig
                0x08004616                SPI_RxFIFOThresholdConfig
                0x0800462c                SPI_BiDirectionalLineConfig
                0x08004648                SPI_NSSInternalSoftwareConfig
                0x08004666                I2S_FullDuplexConfig
                0x080046ac                SPI_SSOutputCmd
                0x080046c4                SPI_NSSPulseModeCmd
                0x080046dc                SPI_SendData8
                0x080046e0                SPI_I2S_SendData16
                0x080046e4                SPI_ReceiveData8
                0x080046e8                SPI_I2S_ReceiveData16
                0x080046ee                SPI_CRCLengthConfig
                0x08004704                SPI_CalculateCRC
                0x0800471c                SPI_TransmitCRC
                0x08004728                SPI_GetCRC
                0x08004734                SPI_GetCRCPolynomial
                0x0800473a                SPI_I2S_DMACmd
                0x0800474c                SPI_LastDMATransferCmd
                0x08004762                SPI_I2S_ITConfig
                0x08004780                SPI_GetTransmissionFIFOStatus
                0x08004788                SPI_GetReceptionFIFOStatus
                0x08004790                SPI_I2S_GetFlagStatus
                0x0800479c                SPI_I2S_ClearFlag
                0x080047a4                SPI_I2S_GetITStatus
 .text          0x080047cc      0xb94 ./src/STM32F30x_StdPeriph_Driver/src/stm32f30x_tim.o
                0x0800482a                TIM_DeInit
                0x0800492c                TIM_TimeBaseInit
                0x080049b8                TIM_TimeBaseStructInit
                0x080049ca                TIM_PrescalerConfig
                0x080049d0                TIM_CounterModeConfig
                0x080049e0                TIM_SetCounter
                0x080049e4                TIM_SetAutoreload
                0x080049e8                TIM_GetCounter
                0x080049ec                TIM_GetPrescaler
                0x080049f2                TIM_UpdateDisableConfig
                0x08004a0a                TIM_UpdateRequestConfig
                0x08004a22                TIM_UIFRemap
                0x08004a3a                TIM_ARRPreloadConfig
                0x08004a52                TIM_SelectOnePulseMode
                0x08004a68                TIM_SetClockDivision
                0x08004a7e                TIM_Cmd
                0x08004a96                TIM_OC1Init
                0x08004b10                TIM_OC2Init
                0x08004b7c                TIM_OC3Init
                0x08004be4                TIM_OC4Init
                0x08004c34                TIM_OC5Init
                0x08004c84                TIM_OC6Init
                0x08004cd0                TIM_SelectGC5C1
                0x08004ce2                TIM_SelectGC5C2
                0x08004cf4                TIM_SelectGC5C3
                0x08004d06                TIM_OCStructInit
                0x08004d1a                TIM_SelectOCxM
                0x08004d62                TIM_SetCompare1
                0x08004d66                TIM_SetCompare2
                0x08004d6a                TIM_SetCompare3
                0x08004d6e                TIM_SetCompare4
                0x08004d72                TIM_SetCompare5
                0x08004d76                TIM_SetCompare6
                0x08004d7a                TIM_ForcedOC1Config
                0x08004d8a                TIM_ForcedOC2Config
                0x08004d9c                TIM_ForcedOC3Config
                0x08004da8                TIM_ForcedOC4Config
                0x08004db6                TIM_ForcedOC5Config
                0x08004dc2                TIM_ForcedOC6Config
                0x08004dd0                TIM_OC1PreloadConfig
                0x08004ddc                TIM_OC2PreloadConfig
                0x08004dea                TIM_OC3PreloadConfig
                0x08004df6                TIM_OC4PreloadConfig
                0x08004e04                TIM_OC5PreloadConfig
                0x08004e10                TIM_OC6PreloadConfig
                0x08004e1e                TIM_OC1FastConfig
                0x08004e2a                TIM_OC2FastConfig
                0x08004e38                TIM_OC3FastConfig
                0x08004e44                TIM_OC4FastConfig
                0x08004e52                TIM_ClearOC1Ref
                0x08004e5e                TIM_ClearOC2Ref
                0x08004e6c                TIM_ClearOC3Ref
                0x08004e78                TIM_ClearOC4Ref
                0x08004e86                TIM_ClearOC5Ref
                0x08004e92                TIM_ClearOC6Ref
                0x08004ea0                TIM_SelectOCREFClear
                0x08004eb4                TIM_OC1PolarityConfig
                0x08004ec0                TIM_OC1NPolarityConfig
                0x08004ecc                TIM_OC2PolarityConfig
                0x08004eda                TIM_OC2NPolarityConfig
                0x08004ee8                TIM_OC3PolarityConfig
                0x08004ef6                TIM_OC3NPolarityConfig
                0x08004f04                TIM_OC4PolarityConfig
                0x08004f12                TIM_OC5PolarityConfig
                0x08004f20                TIM_OC6PolarityConfig
                0x08004f2e                TIM_CCxCmd
                0x08004f46                TIM_CCxNCmd
                0x08004f5e                TIM_ICStructInit
                0x08004f6e                TIM_GetCapture1
                0x08004f72                TIM_GetCapture2
                0x08004f76                TIM_GetCapture3
                0x08004f7a                TIM_GetCapture4
                0x08004f7e                TIM_SetIC1Prescaler
                0x08004f8e                TIM_SetIC2Prescaler
                0x08004fa0                TIM_PWMIConfig
                0x0800500e                TIM_SetIC3Prescaler
                0x08005022                TIM_SetIC4Prescaler
                0x0800503a                TIM_ICInit
                0x080050f0                TIM_BDTRConfig
                0x08005110                TIM_Break1Config
                0x08005124                TIM_Break2Config
                0x08005138                TIM_Break1Cmd
                0x0800514a                TIM_Break2Cmd
                0x0800515c                TIM_BDTRStructInit
                0x0800516e                TIM_CtrlPWMOutputs
                0x08005180                TIM_SelectCOM
                0x08005196                TIM_CCPreloadControl
                0x080051ac                TIM_ITConfig
                0x080051be                TIM_GenerateEvent
                0x080051c2                TIM_GetFlagStatus
                0x080051ce                TIM_ClearFlag
                0x080051d6                TIM_GetITStatus
                0x080051ea                TIM_ClearITPendingBit
                0x080051f2                TIM_DMAConfig
                0x080051fa                TIM_DMACmd
                0x0800520c                TIM_SelectCCDMA
                0x08005222                TIM_InternalClockConfig
                0x08005230                TIM_ITRxExternalClockConfig
                0x08005246                TIM_TIxExternalClockConfig
                0x08005276                TIM_SelectInputTrigger
                0x08005284                TIM_SelectOutputTrigger
                0x08005298                TIM_SelectOutputTrigger2
                0x080052a8                TIM_SelectSlaveMode
                0x080052bc                TIM_SelectMasterSlaveMode
                0x080052d0                TIM_ETRConfig
                0x080052e4                TIM_ETRClockMode1Config
                0x080052fc                TIM_ETRClockMode2Config
                0x0800530e                TIM_EncoderInterfaceConfig
                0x08005342                TIM_SelectHallSensor
                0x08005358                TIM_RemapConfig
 .text          0x08005360      0x4a4 ./src/STM32F30x_StdPeriph_Driver/src/stm32f30x_usart.o
                0x08005360                USART_DeInit
                0x080053f8                USART_Init
                0x080054b0                USART_StructInit
                0x080054c6                USART_ClockInit
                0x080054e2                USART_ClockStructInit
                0x080054ee                USART_Cmd
                0x08005500                USART_DirectionModeCmd
                0x08005510                USART_OverSampling8Cmd
                0x08005522                USART_OneBitMethodCmd
                0x08005534                USART_MSBFirstCmd
                0x08005546                USART_DataInvCmd
                0x08005558                USART_InvPinCmd
                0x08005568                USART_SWAPPinCmd
                0x0800557a                USART_ReceiverTimeOutCmd
                0x0800558c                USART_SetReceiverTimeOut
                0x0800559c                USART_SetPrescaler
                0x080055ae                USART_STOPModeCmd
                0x080055c0                USART_StopModeWakeUpSourceConfig
                0x080055d0                USART_AutoBaudRateCmd
                0x080055e2                USART_AutoBaudRateConfig
                0x080055f2                USART_SendData
                0x080055fa                USART_ReceiveData
                0x08005602                USART_SetAddress
                0x08005614                USART_MuteModeCmd
                0x08005626                USART_MuteModeWakeUpConfig
                0x08005636                USART_AddressDetectionConfig
                0x08005646                USART_LINBreakDetectLengthConfig
                0x08005656                USART_LINCmd
                0x08005668                USART_HalfDuplexCmd
                0x0800567a                USART_SetGuardTime
                0x0800568c                USART_SmartCardCmd
                0x0800569e                USART_SmartCardNACKCmd
                0x080056b0                USART_SetAutoRetryCount
                0x080056c2                USART_SetBlockLength
                0x080056d4                USART_IrDAConfig
                0x080056e4                USART_IrDACmd
                0x080056f6                USART_DECmd
                0x08005708                USART_DEPolarityConfig
                0x08005718                USART_SetDEAssertionTime
                0x0800572a                USART_SetDEDeassertionTime
                0x0800573c                USART_DMACmd
                0x0800574c                USART_DMAReceptionErrorConfig
                0x0800575c                USART_ITConfig
                0x08005788                USART_RequestCmd
                0x0800579c                USART_OverrunDetectionConfig
                0x080057ac                USART_GetFlagStatus
                0x080057b8                USART_ClearFlag
                0x080057bc                USART_GetITStatus
                0x080057f6                USART_ClearITPendingBit
 .text          0x08005804       0x88 ./src/FreeRTOS/Source/portable/MemMang/heap_1.o
                0x08005804                pvPortMalloc
                0x0800585c                vPortFree
                0x08005868                vPortInitialiseBlocks
                0x08005878                xPortGetFreeHeapSize
 .text          0x0800588c      0x248 ./src/FreeRTOS/Source/portable/GCC/ARM_CM4F/port.o
                0x080058aa                pxPortInitialiseStack
                0x080058cc                SVC_Handler
                0x080058e8                vPortEndScheduler
                0x080058ea                vPortYield
                0x08005900                ulPortSetInterruptMask
                0x0800592c                vPortEnterCritical
                0x08005948                vPortClearInterruptMask
                0x0800594e                vPortExitCritical
                0x08005964                PendSV_Handler
                0x080059b4                SysTick_Handler
                0x080059d8                vPortSetupTimerInterrupt
                0x080059f0                xPortStartScheduler
                0x08005a8c                vPortValidateInterruptPriority
 .text          0x08005ad4      0x22c ./src/FreeRTOS/Source/croutine.o
                0x08005ad4                xCoRoutineCreate
                0x08005b88                vCoRoutineAddToDelayedList
                0x08005bc4                vCoRoutineSchedule
                0x08005cd0                xCoRoutineRemoveFromEventList
 .text          0x08005d00       0x84 ./src/FreeRTOS/Source/list.o
                0x08005d00                vListInitialise
                0x08005d16                vListInitialiseItem
                0x08005d1c                vListInsertEnd
                0x08005d34                vListInsert
                0x08005d64                uxListRemove
 .text          0x08005d84      0x760 ./src/FreeRTOS/Source/queue.o
                0x08005e74                xQueueGenericReset
                0x08005ed6                xQueueGenericCreate
                0x08005f12                xQueueGenericSend
                0x08006012                xQueueCreateMutex
                0x0800605c                xQueueGenericSendFromISR
                0x080060e0                xQueueGenericReceive
                0x080061fa                xQueueReceiveFromISR
                0x08006264                xQueuePeekFromISR
                0x080062a8                uxQueueMessagesWaiting
                0x080062c2                uxQueueSpacesAvailable
                0x080062e0                uxQueueMessagesWaitingFromISR
                0x080062ee                vQueueDelete
                0x0800630a                xQueueIsQueueEmptyFromISR
                0x08006320                xQueueIsQueueFullFromISR
                0x08006336                xQueueCRSend
                0x080063b4                xQueueCRReceive
                0x0800642c                xQueueCRSendFromISR
                0x0800645c                xQueueCRReceiveFromISR
                0x080064aa                vQueueWaitForMessageRestricted
 .text          0x080064e4      0xaac ./src/FreeRTOS/Source/tasks.o
                0x08006520                xTaskGenericCreate
                0x0800669c                vTaskDelete
                0x080066fc                uxTaskPriorityGet
                0x08006718                vTaskPrioritySet
                0x080067b8                xTaskIsTaskSuspended
                0x080067e4                vTaskResume
                0x0800684c                xTaskResumeFromISR
                0x080068cc                vTaskStartScheduler
                0x08006928                vTaskEndScheduler
                0x08006944                vTaskSuspendAll
                0x08006958                xTaskGetTickCount
                0x08006970                xTaskGetTickCountFromISR
                0x0800698c                uxTaskGetNumberOfTasks
                0x08006998                xTaskIncrementTick
                0x08006a94                xTaskResumeAll
                0x08006b54                vTaskDelayUntil
                0x08006bbc                vTaskDelay
                0x08006c50                vTaskSwitchContext
                0x08006cf0                vTaskSuspend
                0x08006d54                vTaskPlaceOnEventList
                0x08006d98                vTaskPlaceOnEventListRestricted
                0x08006dc8                xTaskRemoveFromEventList
                0x08006e34                vTaskSetTimeOutState
                0x08006e50                xTaskCheckForTimeOut
                0x08006ea8                vTaskMissedYield
                0x08006eb8                xTaskGetCurrentTaskHandle
                0x08006ec4                xTaskGetSchedulerState
                0x08006ee0                vTaskPriorityInherit
                0x08006f44                vTaskPriorityDisinherit
 .text          0x08006f90      0x308 ./src/FreeRTOS/Source/timers.o
                0x08007004                xTimerCreateTimerTask
                0x08007048                xTimerCreate
                0x08007086                xTimerGenericCommand
                0x0800727c                xTimerIsTimerActive
                0x08007294                pvTimerGetTimerID
 .text          0x08007298      0x15c ./src/CMSIS/Device/ST/STM32F30x/Source/Templates/system_stm32f30x.o
                0x08007298                SystemInit
                0x08007394                SystemCoreClockUpdate
 .text          0x080073f4      0x370 /home/user/gcc-arm-none-eabi-4_8-2013q4/bin/../lib/gcc/arm-none-eabi/4.8.3/armv7e-m/fpu/libgcc.a(_arm_addsubdf3.o)
                0x080073f4                __aeabi_drsub
                0x080073fc                __aeabi_dsub
                0x080073fc                __subdf3
                0x08007400                __adddf3
                0x08007400                __aeabi_dadd
                0x08007678                __aeabi_ui2d
                0x08007678                __floatunsidf
                0x08007698                __floatsidf
                0x08007698                __aeabi_i2d
                0x080076bc                __extendsfdf2
                0x080076bc                __aeabi_f2d
                0x080076f8                __aeabi_ul2d
                0x080076f8                __floatundidf
                0x08007708                __floatdidf
                0x08007708                __aeabi_l2d
 .text          0x08007764       0x50 /home/user/gcc-arm-none-eabi-4_8-2013q4/bin/../lib/gcc/arm-none-eabi/4.8.3/armv7e-m/fpu/libgcc.a(_arm_fixdfsi.o)
                0x08007764                __fixdfsi
                0x08007764                __aeabi_d2iz
 .text          0x080077b4       0xa0 /home/user/gcc-arm-none-eabi-4_8-2013q4/bin/../lib/gcc/arm-none-eabi/4.8.3/armv7e-m/fpu/libgcc.a(_arm_truncdfsf2.o)
                0x080077b4                __aeabi_d2f
                0x080077b4                __truncdfsf2
 .text          0x08007854      0x134 /home/user/gcc-arm-none-eabi-4_8-2013q4/bin/../lib/gcc/arm-none-eabi/4.8.3/../../../../arm-none-eabi/lib/armv7e-m/fpu/libg.a(lib_a-memcpy.o)
                0x08007854                memcpy
 .text          0x08007988      0x424 /home/user/gcc-arm-none-eabi-4_8-2013q4/bin/../lib/gcc/arm-none-eabi/4.8.3/armv7e-m/fpu/libgcc.a(_arm_muldivdf3.o)
                0x08007988                __aeabi_dmul
                0x08007988                __muldf3
                0x08007bdc                __aeabi_ddiv
                0x08007bdc                __divdf3
 .text          0x08007dac      0x110 /home/user/gcc-arm-none-eabi-4_8-2013q4/bin/../lib/gcc/arm-none-eabi/4.8.3/armv7e-m/fpu/libgcc.a(_arm_cmpdf2.o)
                0x08007dac                __gtdf2
                0x08007dac                __gedf2
                0x08007db4                __ltdf2
                0x08007db4                __ledf2
                0x08007dbc                __cmpdf2
                0x08007dbc                __eqdf2
                0x08007dbc                __nedf2
                0x08007e38                __aeabi_cdrcmple
                0x08007e48                __aeabi_cdcmple
                0x08007e48                __aeabi_cdcmpeq
                0x08007e58                __aeabi_dcmpeq
                0x08007e6c                __aeabi_dcmplt
                0x08007e80                __aeabi_dcmple
                0x08007e94                __aeabi_dcmpge
                0x08007ea8                __aeabi_dcmpgt
 *(.text*)
 .text.startup  0x08007ebc       0xb8 ./src/project_src/main.o
                0x08007ebc                main
 .text.Reset_Handler
                0x08007f74       0x4c ./src/CMSIS/Device/ST/STM32F30x/Source/Templates/gcc_ride7/startup_stm32f30x.o
                0x08007f74                Reset_Handler
 .text.Default_Handler
                0x08007fc0        0x4 ./src/CMSIS/Device/ST/STM32F30x/Source/Templates/gcc_ride7/startup_stm32f30x.o
                0x08007fc0                RTC_Alarm_IRQHandler
                0x08007fc0                TIM8_TRG_COM_IRQHandler
                0x08007fc0                TIM8_CC_IRQHandler
                0x08007fc0                TIM1_CC_IRQHandler
                0x08007fc0                USB_HP_IRQHandler
                0x08007fc0                PVD_IRQHandler
                0x08007fc0                EXTI3_IRQHandler
                0x08007fc0                EXTI0_IRQHandler
                0x08007fc0                I2C2_EV_IRQHandler
                0x08007fc0                FPU_IRQHandler
                0x08007fc0                EXTI2_TS_IRQHandler
                0x08007fc0                TIM1_UP_TIM16_IRQHandler
                0x08007fc0                ADC1_2_IRQHandler
                0x08007fc0                SPI1_IRQHandler
                0x08007fc0                TIM6_DAC_IRQHandler
                0x08007fc0                TIM8_UP_IRQHandler
                0x08007fc0                DMA2_Channel2_IRQHandler
                0x08007fc0                DMA1_Channel4_IRQHandler
                0x08007fc0                DMA1_Channel7_IRQHandler
                0x08007fc0                CAN1_RX1_IRQHandler
                0x08007fc0                UART5_IRQHandler
                0x08007fc0                ADC3_IRQHandler
                0x08007fc0                TIM4_IRQHandler
                0x08007fc0                DMA2_Channel1_IRQHandler
                0x08007fc0                I2C1_EV_IRQHandler
                0x08007fc0                DMA1_Channel6_IRQHandler
                0x08007fc0                UART4_IRQHandler
                0x08007fc0                DMA2_Channel4_IRQHandler
                0x08007fc0                TIM3_IRQHandler
                0x08007fc0                RCC_IRQHandler
                0x08007fc0                DMA1_Channel1_IRQHandler
                0x08007fc0                Default_Handler
                0x08007fc0                USBWakeUp_RMP_IRQHandler
                0x08007fc0                TIM7_IRQHandler
                0x08007fc0                EXTI9_5_IRQHandler
                0x08007fc0                TAMPER_STAMP_IRQHandler
                0x08007fc0                RTC_WKUP_IRQHandler
                0x08007fc0                SPI2_IRQHandler
                0x08007fc0                DMA2_Channel5_IRQHandler
                0x08007fc0                DMA1_Channel5_IRQHandler
                0x08007fc0                USB_LP_IRQHandler
                0x08007fc0                EXTI4_IRQHandler
                0x08007fc0                USB_LP_CAN1_RX0_IRQHandler
                0x08007fc0                TIM1_TRG_COM_TIM17_IRQHandler
                0x08007fc0                USB_HP_CAN1_TX_IRQHandler
                0x08007fc0                DMA1_Channel3_IRQHandler
                0x08007fc0                ADC4_IRQHandler
                0x08007fc0                WWDG_IRQHandler
                0x08007fc0                TIM2_IRQHandler
                0x08007fc0                COMP7_IRQHandler
                0x08007fc0                COMP1_2_3_IRQHandler
                0x08007fc0                EXTI1_IRQHandler
                0x08007fc0                COMP4_5_6_IRQHandler
                0x08007fc0                I2C2_ER_IRQHandler
                0x08007fc0                DMA1_Channel2_IRQHandler
                0x08007fc0                TIM8_BRK_IRQHandler
                0x08007fc0                CAN1_SCE_IRQHandler
                0x08007fc0                FLASH_IRQHandler
                0x08007fc0                USART1_IRQHandler
                0x08007fc0                SPI3_IRQHandler
                0x08007fc0                I2C1_ER_IRQHandler
                0x08007fc0                USBWakeUp_IRQHandler
                0x08007fc0                DMA2_Channel3_IRQHandler
                0x08007fc0                TIM1_BRK_TIM15_IRQHandler
 .text.memcmp   0x08007fc4       0x68 /home/user/gcc-arm-none-eabi-4_8-2013q4/bin/../lib/gcc/arm-none-eabi/4.8.3/../../../../arm-none-eabi/lib/armv7e-m/fpu/libg.a(lib_a-memcmp.o)
                0x08007fc4                memcmp
 .text.memset   0x0800802c       0x94 /home/user/gcc-arm-none-eabi-4_8-2013q4/bin/../lib/gcc/arm-none-eabi/4.8.3/../../../../arm-none-eabi/lib/armv7e-m/fpu/libg.a(lib_a-memset.o)
                0x0800802c                memset
 .text.cosf     0x080080c0       0x78 /home/user/gcc-arm-none-eabi-4_8-2013q4/bin/../lib/gcc/arm-none-eabi/4.8.3/../../../../arm-none-eabi/lib/armv7e-m/fpu/libm.a(lib_a-sf_cos.o)
                0x080080c0                cosf
 .text.sinf     0x08008138       0x7c /home/user/gcc-arm-none-eabi-4_8-2013q4/bin/../lib/gcc/arm-none-eabi/4.8.3/../../../../arm-none-eabi/lib/armv7e-m/fpu/libm.a(lib_a-sf_sin.o)
                0x08008138                sinf
 .text.atan2    0x080081b4        0x4 /home/user/gcc-arm-none-eabi-4_8-2013q4/bin/../lib/gcc/arm-none-eabi/4.8.3/../../../../arm-none-eabi/lib/armv7e-m/fpu/libm.a(lib_a-w_atan2.o)
                0x080081b4                atan2
 .text.sqrt     0x080081b8       0xbc /home/user/gcc-arm-none-eabi-4_8-2013q4/bin/../lib/gcc/arm-none-eabi/4.8.3/../../../../arm-none-eabi/lib/armv7e-m/fpu/libm.a(lib_a-w_sqrt.o)
                0x080081b8                sqrt
 .text.asinf    0x08008274       0xbc /home/user/gcc-arm-none-eabi-4_8-2013q4/bin/../lib/gcc/arm-none-eabi/4.8.3/../../../../arm-none-eabi/lib/armv7e-m/fpu/libm.a(lib_a-wf_asin.o)
                0x08008274                asinf
 .text.atan2f   0x08008330        0x4 /home/user/gcc-arm-none-eabi-4_8-2013q4/bin/../lib/gcc/arm-none-eabi/4.8.3/../../../../arm-none-eabi/lib/armv7e-m/fpu/libm.a(lib_a-wf_atan2.o)
                0x08008330                atan2f
 .text.sqrtf    0x08008334       0xb8 /home/user/gcc-arm-none-eabi-4_8-2013q4/bin/../lib/gcc/arm-none-eabi/4.8.3/../../../../arm-none-eabi/lib/armv7e-m/fpu/libm.a(lib_a-wf_sqrt.o)
                0x08008334                sqrtf
 *fill*         0x080083ec        0x4 
 .text.__ieee754_atan2
                0x080083f0      0x1e8 /home/user/gcc-arm-none-eabi-4_8-2013q4/bin/../lib/gcc/arm-none-eabi/4.8.3/../../../../arm-none-eabi/lib/armv7e-m/fpu/libm.a(lib_a-e_atan2.o)
                0x080083f0                __ieee754_atan2
 .text.__ieee754_sqrt
                0x080085d8      0x198 /home/user/gcc-arm-none-eabi-4_8-2013q4/bin/../lib/gcc/arm-none-eabi/4.8.3/../../../../arm-none-eabi/lib/armv7e-m/fpu/libm.a(lib_a-e_sqrt.o)
                0x080085d8                __ieee754_sqrt
 .text.__ieee754_asinf
                0x08008770      0x210 /home/user/gcc-arm-none-eabi-4_8-2013q4/bin/../lib/gcc/arm-none-eabi/4.8.3/../../../../arm-none-eabi/lib/armv7e-m/fpu/libm.a(lib_a-ef_asin.o)
                0x08008770                __ieee754_asinf
 .text.__ieee754_atan2f
                0x08008980      0x160 /home/user/gcc-arm-none-eabi-4_8-2013q4/bin/../lib/gcc/arm-none-eabi/4.8.3/../../../../arm-none-eabi/lib/armv7e-m/fpu/libm.a(lib_a-ef_atan2.o)
                0x08008980                __ieee754_atan2f
 .text.__ieee754_rem_pio2f
                0x08008ae0      0x28c /home/user/gcc-arm-none-eabi-4_8-2013q4/bin/../lib/gcc/arm-none-eabi/4.8.3/../../../../arm-none-eabi/lib/armv7e-m/fpu/libm.a(lib_a-ef_rem_pio2.o)
                0x08008ae0                __ieee754_rem_pio2f
 .text.__ieee754_sqrtf
                0x08008d6c       0xa4 /home/user/gcc-arm-none-eabi-4_8-2013q4/bin/../lib/gcc/arm-none-eabi/4.8.3/../../../../arm-none-eabi/lib/armv7e-m/fpu/libm.a(lib_a-ef_sqrt.o)
                0x08008d6c                __ieee754_sqrtf
 .text.__kernel_cosf
                0x08008e10      0x104 /home/user/gcc-arm-none-eabi-4_8-2013q4/bin/../lib/gcc/arm-none-eabi/4.8.3/../../../../arm-none-eabi/lib/armv7e-m/fpu/libm.a(lib_a-kf_cos.o)
                0x08008e10                __kernel_cosf
 .text.__kernel_rem_pio2f
                0x08008f14      0x5cc /home/user/gcc-arm-none-eabi-4_8-2013q4/bin/../lib/gcc/arm-none-eabi/4.8.3/../../../../arm-none-eabi/lib/armv7e-m/fpu/libm.a(lib_a-kf_rem_pio2.o)
                0x08008f14                __kernel_rem_pio2f
 .text.__kernel_sinf
                0x080094e0       0x90 /home/user/gcc-arm-none-eabi-4_8-2013q4/bin/../lib/gcc/arm-none-eabi/4.8.3/../../../../arm-none-eabi/lib/armv7e-m/fpu/libm.a(lib_a-kf_sin.o)
                0x080094e0                __kernel_sinf
 .text.atan     0x08009570      0x378 /home/user/gcc-arm-none-eabi-4_8-2013q4/bin/../lib/gcc/arm-none-eabi/4.8.3/../../../../arm-none-eabi/lib/armv7e-m/fpu/libm.a(lib_a-s_atan.o)
                0x08009570                atan
 .text.fabs     0x080098e8       0x14 /home/user/gcc-arm-none-eabi-4_8-2013q4/bin/../lib/gcc/arm-none-eabi/4.8.3/../../../../arm-none-eabi/lib/armv7e-m/fpu/libm.a(lib_a-s_fabs.o)
                0x080098e8                fabs
 .text.__fpclassifyd
                0x080098fc       0x54 /home/user/gcc-arm-none-eabi-4_8-2013q4/bin/../lib/gcc/arm-none-eabi/4.8.3/../../../../arm-none-eabi/lib/armv7e-m/fpu/libm.a(lib_a-s_fpclassify.o)
                0x080098fc                __fpclassifyd
 .text.matherr  0x08009950        0x4 /home/user/gcc-arm-none-eabi-4_8-2013q4/bin/../lib/gcc/arm-none-eabi/4.8.3/../../../../arm-none-eabi/lib/armv7e-m/fpu/libm.a(lib_a-s_matherr.o)
                0x08009950                matherr
 *fill*         0x08009954        0x4 
 .text.nan      0x08009958       0x10 /home/user/gcc-arm-none-eabi-4_8-2013q4/bin/../lib/gcc/arm-none-eabi/4.8.3/../../../../arm-none-eabi/lib/armv7e-m/fpu/libm.a(lib_a-s_nan.o)
                0x08009958                nan
 .text.atanf    0x08009968      0x1b0 /home/user/gcc-arm-none-eabi-4_8-2013q4/bin/../lib/gcc/arm-none-eabi/4.8.3/../../../../arm-none-eabi/lib/armv7e-m/fpu/libm.a(lib_a-sf_atan.o)
                0x08009968                atanf
 .text.fabsf    0x08009b18       0x10 /home/user/gcc-arm-none-eabi-4_8-2013q4/bin/../lib/gcc/arm-none-eabi/4.8.3/../../../../arm-none-eabi/lib/armv7e-m/fpu/libm.a(lib_a-sf_fabs.o)
                0x08009b18                fabsf
 .text.floorf   0x08009b28       0xa0 /home/user/gcc-arm-none-eabi-4_8-2013q4/bin/../lib/gcc/arm-none-eabi/4.8.3/../../../../arm-none-eabi/lib/armv7e-m/fpu/libm.a(lib_a-sf_floor.o)
                0x08009b28                floorf
 .text.__fpclassifyf
                0x08009bc8       0x38 /home/user/gcc-arm-none-eabi-4_8-2013q4/bin/../lib/gcc/arm-none-eabi/4.8.3/../../../../arm-none-eabi/lib/armv7e-m/fpu/libm.a(lib_a-sf_fpclassify.o)
                0x08009bc8                __fpclassifyf
 .text.scalbnf  0x08009c00       0xd8 /home/user/gcc-arm-none-eabi-4_8-2013q4/bin/../lib/gcc/arm-none-eabi/4.8.3/../../../../arm-none-eabi/lib/armv7e-m/fpu/libm.a(lib_a-sf_scalbn.o)
                0x08009c00                scalbnf
 .text.copysignf
                0x08009cd8       0x18 /home/user/gcc-arm-none-eabi-4_8-2013q4/bin/../lib/gcc/arm-none-eabi/4.8.3/../../../../arm-none-eabi/lib/armv7e-m/fpu/libm.a(lib_a-sf_copysign.o)
                0x08009cd8                copysignf
 .text.__errno  0x08009cf0        0xc /home/user/gcc-arm-none-eabi-4_8-2013q4/bin/../lib/gcc/arm-none-eabi/4.8.3/../../../../arm-none-eabi/lib/armv7e-m/fpu/libc.a(lib_a-errno.o)
                0x08009cf0                __errno
 *(.rodata)
 .rodata        0x08009cfc       0x14 ./src/FreeRTOS/Source/tasks.o
 *(.rodata*)
 .rodata.str1.1
                0x08009d10       0x13 ./src/project_src/Tasks.o
 .rodata.str1.1
                0x08009d23       0x13 ./src/project_src/main.o
 .rodata.str1.1
                0x08009d36        0x7 ./src/project_src/printf_stdarg.o
 .rodata.str1.1
                0x08009d3d        0x5 ./src/FreeRTOS/Source/tasks.o
 .rodata.str1.1
                0x08009d42        0x8 ./src/FreeRTOS/Source/timers.o
 *fill*         0x08009d4a        0x2 
 .rodata.str1.4
                0x08009d4c        0x5 /home/user/gcc-arm-none-eabi-4_8-2013q4/bin/../lib/gcc/arm-none-eabi/4.8.3/../../../../arm-none-eabi/lib/armv7e-m/fpu/libm.a(lib_a-w_sqrt.o)
                                  0x8 (size before relaxing)
 *fill*         0x08009d51        0x3 
 .rodata.str1.4
                0x08009d54        0x6 /home/user/gcc-arm-none-eabi-4_8-2013q4/bin/../lib/gcc/arm-none-eabi/4.8.3/../../../../arm-none-eabi/lib/armv7e-m/fpu/libm.a(lib_a-wf_asin.o)
                                  0xc (size before relaxing)
 *fill*         0x08009d5a        0x2 
 .rodata.str1.4
                0x08009d5c        0x6 /home/user/gcc-arm-none-eabi-4_8-2013q4/bin/../lib/gcc/arm-none-eabi/4.8.3/../../../../arm-none-eabi/lib/armv7e-m/fpu/libm.a(lib_a-wf_sqrt.o)
                                  0x8 (size before relaxing)
 *fill*         0x08009d62        0x2 
 .rodata.npio2_hw
                0x08009d64       0x80 /home/user/gcc-arm-none-eabi-4_8-2013q4/bin/../lib/gcc/arm-none-eabi/4.8.3/../../../../arm-none-eabi/lib/armv7e-m/fpu/libm.a(lib_a-ef_rem_pio2.o)
 .rodata.two_over_pi
                0x08009de4      0x318 /home/user/gcc-arm-none-eabi-4_8-2013q4/bin/../lib/gcc/arm-none-eabi/4.8.3/../../../../arm-none-eabi/lib/armv7e-m/fpu/libm.a(lib_a-ef_rem_pio2.o)
 .rodata.init_jk
                0x0800a0fc        0xc /home/user/gcc-arm-none-eabi-4_8-2013q4/bin/../lib/gcc/arm-none-eabi/4.8.3/../../../../arm-none-eabi/lib/armv7e-m/fpu/libm.a(lib_a-kf_rem_pio2.o)
 .rodata.PIo2   0x0800a108       0x2c /home/user/gcc-arm-none-eabi-4_8-2013q4/bin/../lib/gcc/arm-none-eabi/4.8.3/../../../../arm-none-eabi/lib/armv7e-m/fpu/libm.a(lib_a-kf_rem_pio2.o)
 *fill*         0x0800a134        0x4 
 .rodata.atanlo
                0x0800a138       0x20 /home/user/gcc-arm-none-eabi-4_8-2013q4/bin/../lib/gcc/arm-none-eabi/4.8.3/../../../../arm-none-eabi/lib/armv7e-m/fpu/libm.a(lib_a-s_atan.o)
 .rodata.atanhi
                0x0800a158       0x20 /home/user/gcc-arm-none-eabi-4_8-2013q4/bin/../lib/gcc/arm-none-eabi/4.8.3/../../../../arm-none-eabi/lib/armv7e-m/fpu/libm.a(lib_a-s_atan.o)
 .rodata.atanlo
                0x0800a178       0x10 /home/user/gcc-arm-none-eabi-4_8-2013q4/bin/../lib/gcc/arm-none-eabi/4.8.3/../../../../arm-none-eabi/lib/armv7e-m/fpu/libm.a(lib_a-sf_atan.o)
 .rodata.atanhi
                0x0800a188       0x10 /home/user/gcc-arm-none-eabi-4_8-2013q4/bin/../lib/gcc/arm-none-eabi/4.8.3/../../../../arm-none-eabi/lib/armv7e-m/fpu/libm.a(lib_a-sf_atan.o)
 .rodata.str1.4
                0x0800a198        0x4 /home/user/gcc-arm-none-eabi-4_8-2013q4/bin/../lib/gcc/arm-none-eabi/4.8.3/../../../../arm-none-eabi/lib/armv7e-m/fpu/libc.a(lib_a-impure.o)
 *(.glue_7)
 .glue_7        0x00000000        0x0 linker stubs
 *(.glue_7t)
 .glue_7t       0x00000000        0x0 linker stubs
 *(.eh_frame)
 *(.init)
 *(.fini)
                0x0800a19c                . = ALIGN (0x4)
                0x0800a19c                _etext = .

.vfp11_veneer   0x0800a19c        0x0
 .vfp11_veneer  0x00000000        0x0 linker stubs

.v4_bx          0x0800a19c        0x0
 .v4_bx         0x00000000        0x0 linker stubs

.iplt           0x0800a19c        0x0
 .iplt          0x00000000        0x0 ./src/project_src/ADXL345_Lib.o

.rel.dyn        0x0800a19c        0x0
 .rel.iplt      0x00000000        0x0 ./src/project_src/ADXL345_Lib.o

.ARM.extab
 *(.ARM.extab* .gnu.linkonce.armextab.*)

.ARM            0x0800a19c        0x0
                0x0800a19c                __exidx_start = .
 *(.ARM.exidx*)
                0x0800a19c                __exidx_end = .

.preinit_array  0x0800a19c        0x0
                0x0800a19c                PROVIDE (__preinit_array_start, .)
 *(.preinit_array*)
                0x0800a19c                PROVIDE (__preinit_array_end, .)

.init_array     0x0800a19c        0x0
                0x0800a19c                PROVIDE (__init_array_start, .)
 *(SORT(.init_array.*))
 *(.init_array*)
                0x0800a19c                PROVIDE (__init_array_end, .)

.fini_array     0x0800a19c        0x0
                0x0800a19c                PROVIDE (__fini_array_start, .)
 *(SORT(.fini_array.*))
 *(.fini_array*)
                0x0800a19c                PROVIDE (__fini_array_end, .)
                0x0800a19c                _sidata = LOADADDR (.data)

.data           0x20000000      0x47c load address 0x0800a19c
                0x20000000                . = ALIGN (0x4)
                0x20000000                _sdata = .
 *(.data)
 .data          0x20000000        0x1 ./src/project_src/Tasks.o
 *fill*         0x20000001        0x1 
 .data          0x20000002       0x2a ./src/STM32F30x_StdPeriph_Driver/src/stm32f30x_rcc.o
 .data          0x2000002c        0x4 ./src/FreeRTOS/Source/portable/GCC/ARM_CM4F/port.o
 .data          0x20000030        0x4 ./src/FreeRTOS/Source/tasks.o
 .data          0x20000034       0x14 ./src/CMSIS/Device/ST/STM32F30x/Source/Templates/system_stm32f30x.o
                0x20000034                SystemCoreClock
                0x20000038                AHBPrescTable
 *(.data*)
 .data.__fdlib_version
                0x20000048        0x1 /home/user/gcc-arm-none-eabi-4_8-2013q4/bin/../lib/gcc/arm-none-eabi/4.8.3/../../../../arm-none-eabi/lib/armv7e-m/fpu/libm.a(lib_a-s_lib_ver.o)
                0x20000048                __fdlib_version
 *fill*         0x20000049        0x7 
 .data.impure_data
                0x20000050      0x428 /home/user/gcc-arm-none-eabi-4_8-2013q4/bin/../lib/gcc/arm-none-eabi/4.8.3/../../../../arm-none-eabi/lib/armv7e-m/fpu/libc.a(lib_a-impure.o)
 .data._impure_ptr
                0x20000478        0x4 /home/user/gcc-arm-none-eabi-4_8-2013q4/bin/../lib/gcc/arm-none-eabi/4.8.3/../../../../arm-none-eabi/lib/armv7e-m/fpu/libc.a(lib_a-impure.o)
                0x20000478                _impure_ptr
                0x2000047c                . = ALIGN (0x4)
                0x2000047c                _edata = .
                0x0800a618                _siccmram = LOADADDR (.ccmram)

.igot.plt       0x2000047c        0x0 load address 0x0800a618
 .igot.plt      0x00000000        0x0 ./src/project_src/ADXL345_Lib.o

.ccmram         0x10000000        0x0 load address 0x0800a618
                0x10000000                . = ALIGN (0x4)
                0x10000000                _sccmram = .
 *(.ccmram)
 *(.ccmram*)
                0x10000000                . = ALIGN (0x4)
                0x10000000                _eccmram = .
                0x10000000                . = ALIGN (0x4)

.bss            0x2000047c     0x2f60
                0x2000047c                _sbss = .
                0x2000047c                __bss_start__ = _sbss
 *(.bss)
 .bss           0x2000047c        0x6 ./src/project_src/LSM303DLHC_Lib_I2C.o
 *fill*         0x20000482        0x2 
 .bss           0x20000484        0xc ./src/project_src/PID_control.o
 .bss           0x20000490       0x44 ./src/project_src/Tasks.o
                0x20000490                gyroOffset
                0x20000496                i
                0x20000498                gyroXYZ
                0x200004a0                accXYZ
                0x200004ac                magXYZ
                0x200004b2                accCount
                0x200004b3                magCount
                0x200004b4                xMagFiltered
                0x200004bc                yMagFiltered
                0x200004c4                Setpoint_Y
                0x200004c8                Setpoint_Z
                0x200004cc                MOT0
                0x200004ce                MOT1
 .bss           0x200004d4       0x24 ./src/project_src/remote_control.o
 .bss           0x200004f8       0x30 ./src/project_src/stm32_configuration.o
 .bss           0x20000528        0x6 ./src/project_src/stm32f30x_it.o
 *fill*         0x2000052e        0x2 
 .bss           0x20000530        0x4 ./src/project_src/usart.o
 .bss           0x20000534     0x2808 ./src/FreeRTOS/Source/portable/MemMang/heap_1.o
 .bss           0x20002d3c        0x8 ./src/FreeRTOS/Source/portable/GCC/ARM_CM4F/port.o
 .bss           0x20002d44       0x80 ./src/FreeRTOS/Source/croutine.o
                0x20002d44                pxCurrentCoRoutine
 .bss           0x20002dc4       0xfc ./src/FreeRTOS/Source/tasks.o
                0x20002dc4                pxCurrentTCB
 .bss           0x20002ec0       0x38 ./src/FreeRTOS/Source/timers.o
 *(.bss*)
 *(COMMON)
 COMMON         0x20002ef8       0x78 ./src/project_src/ADXL345_Lib.o
                0x20002ef8                XYZ
                0x20002f04                GlobalSettings
                0x20002f64                CtrlStates
 COMMON         0x20002f70      0x46c ./src/project_src/Tasks.o
                0x20002f70                yGyroFiltered_float
                0x20002f9c                eulerTemp
                0x20002fa8                zAccFiltered_float
                0x20002fd4                yTemp
                0x20002fd8                accBuffer
                0x20002fe0                It_Com
                0x200031f4                xTemp
                0x200031f8                IMU
                0x20003270                zGyroFiltered_float
                0x2000329c                xAccFiltered_float
                0x200032c8                xGyroFiltered_float
                0x200032f4                loopcnt
                0x200032f8                yAccFiltered_float
                0x20003324                Smith_Position
                0x20003388                PID_Y
                0x200033b0                zTemp
                0x200033b4                PID_Z
                0x200033dc                . = ALIGN (0x4)
                0x200033dc                _ebss = .
                0x200033dc                __bss_end__ = _ebss

._user_heap_stack
                0x200033dc      0x200
                0x200033dc                . = ALIGN (0x4)
                0x200033dc                PROVIDE (end, .)
                0x200033dc                PROVIDE (_end, .)
                0x200033dc                . = (. + _Min_Heap_Size)
                0x200035dc                . = (. + _Min_Stack_Size)
 *fill*         0x200033dc      0x200 
                0x200035dc                . = ALIGN (0x4)

.memory_b1_text
 *(.mb1text)
 *(.mb1text*)
 *(.mb1rodata)
 *(.mb1rodata*)

/DISCARD/
 libm.a(*)
 libc.a(*)
 libgcc.a(*)

.ARM.attributes
                0x00000000       0x37
 *(.ARM.attributes)
 .ARM.attributes
                0x00000000       0x39 ./src/project_src/ADXL345_Lib.o
 .ARM.attributes
                0x00000039       0x39 ./src/project_src/IMU_algorithm.o
 .ARM.attributes
                0x00000072       0x39 ./src/project_src/L3GD20_Lib_SPI.o
 .ARM.attributes
                0x000000ab       0x39 ./src/project_src/LSM303DLHC_Lib_I2C.o
 .ARM.attributes
                0x000000e4       0x39 ./src/project_src/MotorPWM.o
 .ARM.attributes
                0x0000011d       0x39 ./src/project_src/PID_control.o
 .ARM.attributes
                0x00000156       0x39 ./src/project_src/Tasks.o
 .ARM.attributes
                0x0000018f       0x39 ./src/project_src/Vector_math.o
 .ARM.attributes
                0x000001c8       0x39 ./src/project_src/filter_Lib.o
 .ARM.attributes
                0x00000201       0x39 ./src/project_src/helperFunctions.o
 .ARM.attributes
                0x0000023a       0x39 ./src/project_src/main.o
 .ARM.attributes
                0x00000273       0x39 ./src/project_src/printf_stdarg.o
 .ARM.attributes
                0x000002ac       0x39 ./src/project_src/remote_control.o
 .ARM.attributes
                0x000002e5       0x39 ./src/project_src/stm32_configuration.o
 .ARM.attributes
                0x0000031e       0x39 ./src/project_src/stm32f30x_it.o
 .ARM.attributes
                0x00000357       0x39 ./src/project_src/usart.o
 .ARM.attributes
                0x00000390       0x39 ./src/project_src/vertibot_settings.o
 .ARM.attributes
                0x000003c9       0x39 ./src/project_src/xBee_Lib.o
 .ARM.attributes
                0x00000402       0x39 ./src/STM32F30x_StdPeriph_Driver/src/stm32f30x_adc.o
 .ARM.attributes
                0x0000043b       0x39 ./src/STM32F30x_StdPeriph_Driver/src/stm32f30x_dma.o
 .ARM.attributes
                0x00000474       0x39 ./src/STM32F30x_StdPeriph_Driver/src/stm32f30x_exti.o
 .ARM.attributes
                0x000004ad       0x39 ./src/STM32F30x_StdPeriph_Driver/src/stm32f30x_gpio.o
 .ARM.attributes
                0x000004e6       0x39 ./src/STM32F30x_StdPeriph_Driver/src/stm32f30x_i2c.o
 .ARM.attributes
                0x0000051f       0x39 ./src/STM32F30x_StdPeriph_Driver/src/stm32f30x_misc.o
 .ARM.attributes
                0x00000558       0x39 ./src/STM32F30x_StdPeriph_Driver/src/stm32f30x_rcc.o
 .ARM.attributes
                0x00000591       0x39 ./src/STM32F30x_StdPeriph_Driver/src/stm32f30x_spi.o
 .ARM.attributes
                0x000005ca       0x39 ./src/STM32F30x_StdPeriph_Driver/src/stm32f30x_tim.o
 .ARM.attributes
                0x00000603       0x39 ./src/STM32F30x_StdPeriph_Driver/src/stm32f30x_usart.o
 .ARM.attributes
                0x0000063c       0x39 ./src/FreeRTOS/Source/portable/MemMang/heap_1.o
 .ARM.attributes
                0x00000675       0x39 ./src/FreeRTOS/Source/portable/GCC/ARM_CM4F/port.o
 .ARM.attributes
                0x000006ae       0x39 ./src/FreeRTOS/Source/croutine.o
 .ARM.attributes
                0x000006e7       0x39 ./src/FreeRTOS/Source/list.o
 .ARM.attributes
                0x00000720       0x39 ./src/FreeRTOS/Source/queue.o
 .ARM.attributes
                0x00000759       0x39 ./src/FreeRTOS/Source/tasks.o
 .ARM.attributes
                0x00000792       0x39 ./src/FreeRTOS/Source/timers.o
 .ARM.attributes
                0x000007cb       0x21 ./src/CMSIS/Device/ST/STM32F30x/Source/Templates/gcc_ride7/startup_stm32f30x.o
 .ARM.attributes
                0x000007ec       0x39 ./src/CMSIS/Device/ST/STM32F30x/Source/Templates/system_stm32f30x.o
 .ARM.attributes
                0x00000825       0x22 /home/user/gcc-arm-none-eabi-4_8-2013q4/bin/../lib/gcc/arm-none-eabi/4.8.3/armv7e-m/fpu/libgcc.a(_arm_addsubdf3.o)
 .ARM.attributes
                0x00000847       0x22 /home/user/gcc-arm-none-eabi-4_8-2013q4/bin/../lib/gcc/arm-none-eabi/4.8.3/armv7e-m/fpu/libgcc.a(_arm_fixdfsi.o)
 .ARM.attributes
                0x00000869       0x22 /home/user/gcc-arm-none-eabi-4_8-2013q4/bin/../lib/gcc/arm-none-eabi/4.8.3/armv7e-m/fpu/libgcc.a(_arm_truncdfsf2.o)
 .ARM.attributes
                0x0000088b       0x34 /home/user/gcc-arm-none-eabi-4_8-2013q4/bin/../lib/gcc/arm-none-eabi/4.8.3/../../../../arm-none-eabi/lib/armv7e-m/fpu/libg.a(lib_a-memcmp.o)
 .ARM.attributes
                0x000008bf       0x20 /home/user/gcc-arm-none-eabi-4_8-2013q4/bin/../lib/gcc/arm-none-eabi/4.8.3/../../../../arm-none-eabi/lib/armv7e-m/fpu/libg.a(lib_a-memcpy.o)
 .ARM.attributes
                0x000008df       0x34 /home/user/gcc-arm-none-eabi-4_8-2013q4/bin/../lib/gcc/arm-none-eabi/4.8.3/../../../../arm-none-eabi/lib/armv7e-m/fpu/libg.a(lib_a-memset.o)
OUTPUT(STM32F3_Vertibot.elf elf32-littlearm)

.debug_info     0x00000000    0x16f06
 .debug_info    0x00000000      0x384 ./src/project_src/ADXL345_Lib.o
 .debug_info    0x00000384      0x7e1 ./src/project_src/IMU_algorithm.o
 .debug_info    0x00000b65      0x8fd ./src/project_src/L3GD20_Lib_SPI.o
 .debug_info    0x00001462      0xcb6 ./src/project_src/LSM303DLHC_Lib_I2C.o
 .debug_info    0x00002118      0x53c ./src/project_src/MotorPWM.o
 .debug_info    0x00002654      0x54e ./src/project_src/PID_control.o
 .debug_info    0x00002ba2     0x1440 ./src/project_src/Tasks.o
 .debug_info    0x00003fe2      0x1fb ./src/project_src/Vector_math.o
 .debug_info    0x000041dd      0x47e ./src/project_src/filter_Lib.o
 .debug_info    0x0000465b      0x157 ./src/project_src/helperFunctions.o
 .debug_info    0x000047b2      0xf53 ./src/project_src/main.o
 .debug_info    0x00005705      0x618 ./src/project_src/printf_stdarg.o
 .debug_info    0x00005d1d      0x4df ./src/project_src/remote_control.o
 .debug_info    0x000061fc     0x2232 ./src/project_src/stm32_configuration.o
 .debug_info    0x0000842e      0x77e ./src/project_src/stm32f30x_it.o
 .debug_info    0x00008bac      0x542 ./src/project_src/usart.o
 .debug_info    0x000090ee      0x424 ./src/project_src/vertibot_settings.o
 .debug_info    0x00009512       0x45 ./src/project_src/xBee_Lib.o
 .debug_info    0x00009557     0x14ca ./src/STM32F30x_StdPeriph_Driver/src/stm32f30x_adc.o
 .debug_info    0x0000aa21      0x4a4 ./src/STM32F30x_StdPeriph_Driver/src/stm32f30x_dma.o
 .debug_info    0x0000aec5      0x3f3 ./src/STM32F30x_StdPeriph_Driver/src/stm32f30x_exti.o
 .debug_info    0x0000b2b8      0x6ff ./src/STM32F30x_StdPeriph_Driver/src/stm32f30x_gpio.o
 .debug_info    0x0000b9b7      0xcc5 ./src/STM32F30x_StdPeriph_Driver/src/stm32f30x_i2c.o
 .debug_info    0x0000c67c      0x592 ./src/STM32F30x_StdPeriph_Driver/src/stm32f30x_misc.o
 .debug_info    0x0000cc0e      0xb9b ./src/STM32F30x_StdPeriph_Driver/src/stm32f30x_rcc.o
 .debug_info    0x0000d7a9      0xd09 ./src/STM32F30x_StdPeriph_Driver/src/stm32f30x_spi.o
 .debug_info    0x0000e4b2     0x2767 ./src/STM32F30x_StdPeriph_Driver/src/stm32f30x_tim.o
 .debug_info    0x00010c19     0x10a8 ./src/STM32F30x_StdPeriph_Driver/src/stm32f30x_usart.o
 .debug_info    0x00011cc1      0x1d3 ./src/FreeRTOS/Source/portable/MemMang/heap_1.o
 .debug_info    0x00011e94      0x3ae ./src/FreeRTOS/Source/portable/GCC/ARM_CM4F/port.o
 .debug_info    0x00012242      0x775 ./src/FreeRTOS/Source/croutine.o
 .debug_info    0x000129b7      0x29d ./src/FreeRTOS/Source/list.o
 .debug_info    0x00012c54     0x1556 ./src/FreeRTOS/Source/queue.o
 .debug_info    0x000141aa     0x18b8 ./src/FreeRTOS/Source/tasks.o
 .debug_info    0x00015a62      0xecc ./src/FreeRTOS/Source/timers.o
 .debug_info    0x0001692e       0xe2 ./src/CMSIS/Device/ST/STM32F30x/Source/Templates/gcc_ride7/startup_stm32f30x.o
 .debug_info    0x00016a10      0x4f6 ./src/CMSIS/Device/ST/STM32F30x/Source/Templates/system_stm32f30x.o

.debug_abbrev   0x00000000     0x42c8
 .debug_abbrev  0x00000000       0xaf ./src/project_src/ADXL345_Lib.o
 .debug_abbrev  0x000000af      0x188 ./src/project_src/IMU_algorithm.o
 .debug_abbrev  0x00000237      0x24b ./src/project_src/L3GD20_Lib_SPI.o
 .debug_abbrev  0x00000482      0x21e ./src/project_src/LSM303DLHC_Lib_I2C.o
 .debug_abbrev  0x000006a0      0x171 ./src/project_src/MotorPWM.o
 .debug_abbrev  0x00000811      0x159 ./src/project_src/PID_control.o
 .debug_abbrev  0x0000096a      0x293 ./src/project_src/Tasks.o
 .debug_abbrev  0x00000bfd       0xd2 ./src/project_src/Vector_math.o
 .debug_abbrev  0x00000ccf      0x191 ./src/project_src/filter_Lib.o
 .debug_abbrev  0x00000e60       0xb5 ./src/project_src/helperFunctions.o
 .debug_abbrev  0x00000f15      0x308 ./src/project_src/main.o
 .debug_abbrev  0x0000121d      0x205 ./src/project_src/printf_stdarg.o
 .debug_abbrev  0x00001422      0x130 ./src/project_src/remote_control.o
 .debug_abbrev  0x00001552      0x236 ./src/project_src/stm32_configuration.o
 .debug_abbrev  0x00001788      0x24d ./src/project_src/stm32f30x_it.o
 .debug_abbrev  0x000019d5      0x22a ./src/project_src/usart.o
 .debug_abbrev  0x00001bff      0x147 ./src/project_src/vertibot_settings.o
 .debug_abbrev  0x00001d46       0x38 ./src/project_src/xBee_Lib.o
 .debug_abbrev  0x00001d7e      0x235 ./src/STM32F30x_StdPeriph_Driver/src/stm32f30x_adc.o
 .debug_abbrev  0x00001fb3      0x181 ./src/STM32F30x_StdPeriph_Driver/src/stm32f30x_dma.o
 .debug_abbrev  0x00002134      0x1a6 ./src/STM32F30x_StdPeriph_Driver/src/stm32f30x_exti.o
 .debug_abbrev  0x000022da      0x20e ./src/STM32F30x_StdPeriph_Driver/src/stm32f30x_gpio.o
 .debug_abbrev  0x000024e8      0x214 ./src/STM32F30x_StdPeriph_Driver/src/stm32f30x_i2c.o
 .debug_abbrev  0x000026fc      0x153 ./src/STM32F30x_StdPeriph_Driver/src/stm32f30x_misc.o
 .debug_abbrev  0x0000284f      0x242 ./src/STM32F30x_StdPeriph_Driver/src/stm32f30x_rcc.o
 .debug_abbrev  0x00002a91      0x23e ./src/STM32F30x_StdPeriph_Driver/src/stm32f30x_spi.o
 .debug_abbrev  0x00002ccf      0x2ca ./src/STM32F30x_StdPeriph_Driver/src/stm32f30x_tim.o
 .debug_abbrev  0x00002f99      0x217 ./src/STM32F30x_StdPeriph_Driver/src/stm32f30x_usart.o
 .debug_abbrev  0x000031b0      0x15c ./src/FreeRTOS/Source/portable/MemMang/heap_1.o
 .debug_abbrev  0x0000330c      0x213 ./src/FreeRTOS/Source/portable/GCC/ARM_CM4F/port.o
 .debug_abbrev  0x0000351f      0x275 ./src/FreeRTOS/Source/croutine.o
 .debug_abbrev  0x00003794       0xf7 ./src/FreeRTOS/Source/list.o
 .debug_abbrev  0x0000388b      0x2b2 ./src/FreeRTOS/Source/queue.o
 .debug_abbrev  0x00003b3d      0x33c ./src/FreeRTOS/Source/tasks.o
 .debug_abbrev  0x00003e79      0x2f7 ./src/FreeRTOS/Source/timers.o
 .debug_abbrev  0x00004170       0x12 ./src/CMSIS/Device/ST/STM32F30x/Source/Templates/gcc_ride7/startup_stm32f30x.o
 .debug_abbrev  0x00004182      0x146 ./src/CMSIS/Device/ST/STM32F30x/Source/Templates/system_stm32f30x.o

.debug_aranges  0x00000000      0x4a8
 .debug_aranges
                0x00000000       0x18 ./src/project_src/ADXL345_Lib.o
 .debug_aranges
                0x00000018       0x20 ./src/project_src/IMU_algorithm.o
 .debug_aranges
                0x00000038       0x20 ./src/project_src/L3GD20_Lib_SPI.o
 .debug_aranges
                0x00000058       0x20 ./src/project_src/LSM303DLHC_Lib_I2C.o
 .debug_aranges
                0x00000078       0x20 ./src/project_src/MotorPWM.o
 .debug_aranges
                0x00000098       0x20 ./src/project_src/PID_control.o
 .debug_aranges
                0x000000b8       0x20 ./src/project_src/Tasks.o
 .debug_aranges
                0x000000d8       0x20 ./src/project_src/Vector_math.o
 .debug_aranges
                0x000000f8       0x20 ./src/project_src/filter_Lib.o
 .debug_aranges
                0x00000118       0x20 ./src/project_src/helperFunctions.o
 .debug_aranges
                0x00000138       0x28 ./src/project_src/main.o
 .debug_aranges
                0x00000160       0x20 ./src/project_src/printf_stdarg.o
 .debug_aranges
                0x00000180       0x20 ./src/project_src/remote_control.o
 .debug_aranges
                0x000001a0       0x20 ./src/project_src/stm32_configuration.o
 .debug_aranges
                0x000001c0       0x20 ./src/project_src/stm32f30x_it.o
 .debug_aranges
                0x000001e0       0x20 ./src/project_src/usart.o
 .debug_aranges
                0x00000200       0x20 ./src/project_src/vertibot_settings.o
 .debug_aranges
                0x00000220       0x20 ./src/project_src/xBee_Lib.o
 .debug_aranges
                0x00000240       0x20 ./src/STM32F30x_StdPeriph_Driver/src/stm32f30x_adc.o
 .debug_aranges
                0x00000260       0x20 ./src/STM32F30x_StdPeriph_Driver/src/stm32f30x_dma.o
 .debug_aranges
                0x00000280       0x20 ./src/STM32F30x_StdPeriph_Driver/src/stm32f30x_exti.o
 .debug_aranges
                0x000002a0       0x20 ./src/STM32F30x_StdPeriph_Driver/src/stm32f30x_gpio.o
 .debug_aranges
                0x000002c0       0x20 ./src/STM32F30x_StdPeriph_Driver/src/stm32f30x_i2c.o
 .debug_aranges
                0x000002e0       0x20 ./src/STM32F30x_StdPeriph_Driver/src/stm32f30x_misc.o
 .debug_aranges
                0x00000300       0x20 ./src/STM32F30x_StdPeriph_Driver/src/stm32f30x_rcc.o
 .debug_aranges
                0x00000320       0x20 ./src/STM32F30x_StdPeriph_Driver/src/stm32f30x_spi.o
 .debug_aranges
                0x00000340       0x20 ./src/STM32F30x_StdPeriph_Driver/src/stm32f30x_tim.o
 .debug_aranges
                0x00000360       0x20 ./src/STM32F30x_StdPeriph_Driver/src/stm32f30x_usart.o
 .debug_aranges
                0x00000380       0x20 ./src/FreeRTOS/Source/portable/MemMang/heap_1.o
 .debug_aranges
                0x000003a0       0x20 ./src/FreeRTOS/Source/portable/GCC/ARM_CM4F/port.o
 .debug_aranges
                0x000003c0       0x20 ./src/FreeRTOS/Source/croutine.o
 .debug_aranges
                0x000003e0       0x20 ./src/FreeRTOS/Source/list.o
 .debug_aranges
                0x00000400       0x20 ./src/FreeRTOS/Source/queue.o
 .debug_aranges
                0x00000420       0x20 ./src/FreeRTOS/Source/tasks.o
 .debug_aranges
                0x00000440       0x20 ./src/FreeRTOS/Source/timers.o
 .debug_aranges
                0x00000460       0x28 ./src/CMSIS/Device/ST/STM32F30x/Source/Templates/gcc_ride7/startup_stm32f30x.o
 .debug_aranges
                0x00000488       0x20 ./src/CMSIS/Device/ST/STM32F30x/Source/Templates/system_stm32f30x.o

.debug_macro    0x00000000    0x13b84
 .debug_macro   0x00000000      0x26c ./src/project_src/ADXL345_Lib.o
 .debug_macro   0x0000026c      0x862 ./src/project_src/ADXL345_Lib.o
 .debug_macro   0x00000ace       0x6e ./src/project_src/ADXL345_Lib.o
 .debug_macro   0x00000b3c       0x3b ./src/project_src/ADXL345_Lib.o
 .debug_macro   0x00000b77       0x52 ./src/project_src/ADXL345_Lib.o
 .debug_macro   0x00000bc9       0x16 ./src/project_src/ADXL345_Lib.o
 .debug_macro   0x00000bdf       0x35 ./src/project_src/ADXL345_Lib.o
 .debug_macro   0x00000c14       0xa2 ./src/project_src/ADXL345_Lib.o
 .debug_macro   0x00000cb6      0x20e ./src/project_src/ADXL345_Lib.o
 .debug_macro   0x00000ec4       0x18 ./src/project_src/ADXL345_Lib.o
 .debug_macro   0x00000edc       0x42 ./src/project_src/ADXL345_Lib.o
 .debug_macro   0x00000f1e      0xc91 ./src/project_src/ADXL345_Lib.o
 .debug_macro   0x00001baf     0x769b ./src/project_src/ADXL345_Lib.o
 .debug_macro   0x0000924a      0x5a6 ./src/project_src/ADXL345_Lib.o
 .debug_macro   0x000097f0      0x231 ./src/project_src/ADXL345_Lib.o
 .debug_macro   0x00009a21      0x3a8 ./src/project_src/ADXL345_Lib.o
 .debug_macro   0x00009dc9      0x114 ./src/project_src/ADXL345_Lib.o
 .debug_macro   0x00009edd      0x1e4 ./src/project_src/ADXL345_Lib.o
 .debug_macro   0x0000a0c1      0x1b6 ./src/project_src/ADXL345_Lib.o
 .debug_macro   0x0000a277      0x1df ./src/project_src/ADXL345_Lib.o
 .debug_macro   0x0000a456      0x29a ./src/project_src/ADXL345_Lib.o
 .debug_macro   0x0000a6f0       0xb8 ./src/project_src/ADXL345_Lib.o
 .debug_macro   0x0000a7a8      0x5c6 ./src/project_src/ADXL345_Lib.o
 .debug_macro   0x0000ad6e      0x3ab ./src/project_src/ADXL345_Lib.o
 .debug_macro   0x0000b119      0x8d8 ./src/project_src/ADXL345_Lib.o
 .debug_macro   0x0000b9f1      0x364 ./src/project_src/ADXL345_Lib.o
 .debug_macro   0x0000bd55       0x89 ./src/project_src/ADXL345_Lib.o
 .debug_macro   0x0000bdde       0x35 ./src/project_src/ADXL345_Lib.o
 .debug_macro   0x0000be13       0x58 ./src/project_src/ADXL345_Lib.o
 .debug_macro   0x0000be6b       0x2e ./src/project_src/ADXL345_Lib.o
 .debug_macro   0x0000be99       0x16 ./src/project_src/ADXL345_Lib.o
 .debug_macro   0x0000beaf       0x97 ./src/project_src/ADXL345_Lib.o
 .debug_macro   0x0000bf46       0x10 ./src/project_src/ADXL345_Lib.o
 .debug_macro   0x0000bf56       0xef ./src/project_src/ADXL345_Lib.o
 .debug_macro   0x0000c045       0x3a ./src/project_src/ADXL345_Lib.o
 .debug_macro   0x0000c07f       0x52 ./src/project_src/ADXL345_Lib.o
 .debug_macro   0x0000c0d1       0x16 ./src/project_src/ADXL345_Lib.o
 .debug_macro   0x0000c0e7       0x43 ./src/project_src/ADXL345_Lib.o
 .debug_macro   0x0000c12a      0x180 ./src/project_src/ADXL345_Lib.o
 .debug_macro   0x0000c2aa       0x10 ./src/project_src/ADXL345_Lib.o
 .debug_macro   0x0000c2ba       0x22 ./src/project_src/ADXL345_Lib.o
 .debug_macro   0x0000c2dc       0xbd ./src/project_src/ADXL345_Lib.o
 .debug_macro   0x0000c399       0x16 ./src/project_src/ADXL345_Lib.o
 .debug_macro   0x0000c3af      0x16c ./src/project_src/ADXL345_Lib.o
 .debug_macro   0x0000c51b       0x16 ./src/project_src/ADXL345_Lib.o
 .debug_macro   0x0000c531       0x35 ./src/project_src/ADXL345_Lib.o
 .debug_macro   0x0000c566       0x16 ./src/project_src/ADXL345_Lib.o
 .debug_macro   0x0000c57c       0x29 ./src/project_src/ADXL345_Lib.o
 .debug_macro   0x0000c5a5       0xac ./src/project_src/ADXL345_Lib.o
 .debug_macro   0x0000c651      0x1e1 ./src/project_src/ADXL345_Lib.o
 .debug_macro   0x0000c832      0x10c ./src/project_src/IMU_algorithm.o
 .debug_macro   0x0000c93e      0x166 ./src/project_src/IMU_algorithm.o
 .debug_macro   0x0000caa4       0x1c ./src/project_src/IMU_algorithm.o
 .debug_macro   0x0000cac0      0x259 ./src/project_src/L3GD20_Lib_SPI.o
 .debug_macro   0x0000cd19      0x112 ./src/project_src/L3GD20_Lib_SPI.o
 .debug_macro   0x0000ce2b      0x259 ./src/project_src/LSM303DLHC_Lib_I2C.o
 .debug_macro   0x0000d084      0x3a9 ./src/project_src/LSM303DLHC_Lib_I2C.o
 .debug_macro   0x0000d42d      0x154 ./src/project_src/MotorPWM.o
 .debug_macro   0x0000d581       0x26 ./src/project_src/PID_control.o
 .debug_macro   0x0000d5a7       0x10 ./src/project_src/PID_control.o
 .debug_macro   0x0000d5b7      0x3a2 ./src/project_src/Tasks.o
 .debug_macro   0x0000d959      0x2a6 ./src/project_src/Tasks.o
 .debug_macro   0x0000dbff       0x10 ./src/project_src/Tasks.o
 .debug_macro   0x0000dc0f       0x1f ./src/project_src/Tasks.o
 .debug_macro   0x0000dc2e       0x16 ./src/project_src/Tasks.o
 .debug_macro   0x0000dc44       0x46 ./src/project_src/Tasks.o
 .debug_macro   0x0000dc8a      0x114 ./src/project_src/Tasks.o
 .debug_macro   0x0000dd9e       0xb2 ./src/project_src/Tasks.o
 .debug_macro   0x0000de50       0x12 ./src/project_src/Tasks.o
 .debug_macro   0x0000de62       0x1f ./src/project_src/Tasks.o
 .debug_macro   0x0000de81      0x257 ./src/project_src/Tasks.o
 .debug_macro   0x0000e0d8       0x64 ./src/project_src/Tasks.o
 .debug_macro   0x0000e13c       0x57 ./src/project_src/Tasks.o
 .debug_macro   0x0000e193       0xb0 ./src/project_src/Tasks.o
 .debug_macro   0x0000e243       0x5b ./src/project_src/Tasks.o
 .debug_macro   0x0000e29e       0x77 ./src/project_src/Tasks.o
 .debug_macro   0x0000e315       0x49 ./src/project_src/Tasks.o
 .debug_macro   0x0000e35e       0x1c ./src/project_src/Tasks.o
 .debug_macro   0x0000e37a       0x5e ./src/project_src/Tasks.o
 .debug_macro   0x0000e3d8       0x58 ./src/project_src/Tasks.o
 .debug_macro   0x0000e430      0x118 ./src/project_src/Tasks.o
 .debug_macro   0x0000e548      0x3af ./src/project_src/Tasks.o
 .debug_macro   0x0000e8f7       0x28 ./src/project_src/Tasks.o
 .debug_macro   0x0000e91f       0x1b ./src/project_src/Vector_math.o
 .debug_macro   0x0000e93a       0xb7 ./src/project_src/filter_Lib.o
 .debug_macro   0x0000e9f1      0x244 ./src/project_src/helperFunctions.o
 .debug_macro   0x0000ec35      0x214 ./src/project_src/helperFunctions.o
 .debug_macro   0x0000ee49      0x3b4 ./src/project_src/main.o
 .debug_macro   0x0000f1fd      0x174 ./src/project_src/printf_stdarg.o
 .debug_macro   0x0000f371       0x58 ./src/project_src/printf_stdarg.o
 .debug_macro   0x0000f3c9      0x176 ./src/project_src/remote_control.o
 .debug_macro   0x0000f53f      0x260 ./src/project_src/stm32_configuration.o
 .debug_macro   0x0000f79f      0x277 ./src/project_src/stm32f30x_it.o
 .debug_macro   0x0000fa16      0x153 ./src/project_src/usart.o
 .debug_macro   0x0000fb69      0x2a8 ./src/project_src/vertibot_settings.o
 .debug_macro   0x0000fe11       0x11 ./src/project_src/xBee_Lib.o
 .debug_macro   0x0000fe22      0x16c ./src/STM32F30x_StdPeriph_Driver/src/stm32f30x_adc.o
 .debug_macro   0x0000ff8e      0x22b ./src/STM32F30x_StdPeriph_Driver/src/stm32f30x_adc.o
 .debug_macro   0x000101b9      0x1a8 ./src/STM32F30x_StdPeriph_Driver/src/stm32f30x_dma.o
 .debug_macro   0x00010361      0x3a2 ./src/STM32F30x_StdPeriph_Driver/src/stm32f30x_dma.o
 .debug_macro   0x00010703      0x15a ./src/STM32F30x_StdPeriph_Driver/src/stm32f30x_exti.o
 .debug_macro   0x0001085d      0x10e ./src/STM32F30x_StdPeriph_Driver/src/stm32f30x_exti.o
 .debug_macro   0x0001096b      0x154 ./src/STM32F30x_StdPeriph_Driver/src/stm32f30x_gpio.o
 .debug_macro   0x00010abf      0x1b0 ./src/STM32F30x_StdPeriph_Driver/src/stm32f30x_gpio.o
 .debug_macro   0x00010c6f      0x172 ./src/STM32F30x_StdPeriph_Driver/src/stm32f30x_i2c.o
 .debug_macro   0x00010de1      0x294 ./src/STM32F30x_StdPeriph_Driver/src/stm32f30x_i2c.o
 .debug_macro   0x00011075      0x15a ./src/STM32F30x_StdPeriph_Driver/src/stm32f30x_misc.o
 .debug_macro   0x000111cf       0x83 ./src/STM32F30x_StdPeriph_Driver/src/stm32f30x_misc.o
 .debug_macro   0x00011252      0x1f1 ./src/STM32F30x_StdPeriph_Driver/src/stm32f30x_rcc.o
 .debug_macro   0x00011443      0x5c0 ./src/STM32F30x_StdPeriph_Driver/src/stm32f30x_rcc.o
 .debug_macro   0x00011a03      0x169 ./src/STM32F30x_StdPeriph_Driver/src/stm32f30x_spi.o
 .debug_macro   0x00011b6c      0x3a5 ./src/STM32F30x_StdPeriph_Driver/src/stm32f30x_spi.o
 .debug_macro   0x00011f11      0x17e ./src/STM32F30x_StdPeriph_Driver/src/stm32f30x_tim.o
 .debug_macro   0x0001208f      0x8d2 ./src/STM32F30x_StdPeriph_Driver/src/stm32f30x_tim.o
 .debug_macro   0x00012961      0x16c ./src/STM32F30x_StdPeriph_Driver/src/stm32f30x_usart.o
 .debug_macro   0x00012acd      0x35e ./src/STM32F30x_StdPeriph_Driver/src/stm32f30x_usart.o
 .debug_macro   0x00012e2b      0x147 ./src/FreeRTOS/Source/portable/MemMang/heap_1.o
 .debug_macro   0x00012f72      0x10e ./src/FreeRTOS/Source/portable/MemMang/heap_1.o
 .debug_macro   0x00013080       0x7f ./src/FreeRTOS/Source/portable/MemMang/heap_1.o
 .debug_macro   0x000130ff      0x114 ./src/FreeRTOS/Source/portable/MemMang/heap_1.o
 .debug_macro   0x00013213      0x125 ./src/FreeRTOS/Source/portable/GCC/ARM_CM4F/port.o
 .debug_macro   0x00013338       0x91 ./src/FreeRTOS/Source/croutine.o
 .debug_macro   0x000133c9      0x126 ./src/FreeRTOS/Source/list.o
 .debug_macro   0x000134ef      0x1cc ./src/FreeRTOS/Source/queue.o
 .debug_macro   0x000136bb      0x1ff ./src/FreeRTOS/Source/tasks.o
 .debug_macro   0x000138ba       0x17 ./src/FreeRTOS/Source/tasks.o
 .debug_macro   0x000138d1      0x163 ./src/FreeRTOS/Source/timers.o
 .debug_macro   0x00013a34      0x150 ./src/CMSIS/Device/ST/STM32F30x/Source/Templates/system_stm32f30x.o

.debug_line     0x00000000     0xc105
 .debug_line    0x00000000      0x596 ./src/project_src/ADXL345_Lib.o
 .debug_line    0x00000596      0x37c ./src/project_src/IMU_algorithm.o
 .debug_line    0x00000912      0x622 ./src/project_src/L3GD20_Lib_SPI.o
 .debug_line    0x00000f34      0x6ae ./src/project_src/LSM303DLHC_Lib_I2C.o
 .debug_line    0x000015e2      0x4ae ./src/project_src/MotorPWM.o
 .debug_line    0x00001a90      0x1c0 ./src/project_src/PID_control.o
 .debug_line    0x00001c50      0xa44 ./src/project_src/Tasks.o
 .debug_line    0x00002694      0x13c ./src/project_src/Vector_math.o
 .debug_line    0x000027d0      0x325 ./src/project_src/filter_Lib.o
 .debug_line    0x00002af5      0x579 ./src/project_src/helperFunctions.o
 .debug_line    0x0000306e      0x89c ./src/project_src/main.o
 .debug_line    0x0000390a      0x5ac ./src/project_src/printf_stdarg.o
 .debug_line    0x00003eb6      0x525 ./src/project_src/remote_control.o
 .debug_line    0x000043db      0x751 ./src/project_src/stm32_configuration.o
 .debug_line    0x00004b2c      0x61b ./src/project_src/stm32f30x_it.o
 .debug_line    0x00005147      0x4db ./src/project_src/usart.o
 .debug_line    0x00005622      0x68f ./src/project_src/vertibot_settings.o
 .debug_line    0x00005cb1       0x79 ./src/project_src/xBee_Lib.o
 .debug_line    0x00005d2a      0x720 ./src/STM32F30x_StdPeriph_Driver/src/stm32f30x_adc.o
 .debug_line    0x0000644a      0x52d ./src/STM32F30x_StdPeriph_Driver/src/stm32f30x_dma.o
 .debug_line    0x00006977      0x505 ./src/STM32F30x_StdPeriph_Driver/src/stm32f30x_exti.o
 .debug_line    0x00006e7c      0x526 ./src/STM32F30x_StdPeriph_Driver/src/stm32f30x_gpio.o
 .debug_line    0x000073a2      0x60a ./src/STM32F30x_StdPeriph_Driver/src/stm32f30x_i2c.o
 .debug_line    0x000079ac      0x4da ./src/STM32F30x_StdPeriph_Driver/src/stm32f30x_misc.o
 .debug_line    0x00007e86      0x62f ./src/STM32F30x_StdPeriph_Driver/src/stm32f30x_rcc.o
 .debug_line    0x000084b5      0x655 ./src/STM32F30x_StdPeriph_Driver/src/stm32f30x_spi.o
 .debug_line    0x00008b0a      0x985 ./src/STM32F30x_StdPeriph_Driver/src/stm32f30x_tim.o
 .debug_line    0x0000948f      0x688 ./src/STM32F30x_StdPeriph_Driver/src/stm32f30x_usart.o
 .debug_line    0x00009b17      0x3cb ./src/FreeRTOS/Source/portable/MemMang/heap_1.o
 .debug_line    0x00009ee2      0x283 ./src/FreeRTOS/Source/portable/GCC/ARM_CM4F/port.o
 .debug_line    0x0000a165      0x2c6 ./src/FreeRTOS/Source/croutine.o
 .debug_line    0x0000a42b      0x3b7 ./src/FreeRTOS/Source/list.o
 .debug_line    0x0000a7e2      0x6e2 ./src/FreeRTOS/Source/queue.o
 .debug_line    0x0000aec4      0x7e2 ./src/FreeRTOS/Source/tasks.o
 .debug_line    0x0000b6a6      0x485 ./src/FreeRTOS/Source/timers.o
 .debug_line    0x0000bb2b       0xd6 ./src/CMSIS/Device/ST/STM32F30x/Source/Templates/gcc_ride7/startup_stm32f30x.o
 .debug_line    0x0000bc01      0x504 ./src/CMSIS/Device/ST/STM32F30x/Source/Templates/system_stm32f30x.o

.debug_str      0x00000000    0x5dea1
 .debug_str     0x00000000    0x4f004 ./src/project_src/ADXL345_Lib.o
                              0x4f1f2 (size before relaxing)
 .debug_str     0x0004f004      0x249 ./src/project_src/IMU_algorithm.o
                               0x538e (size before relaxing)
 .debug_str     0x0004f24d      0x825 ./src/project_src/L3GD20_Lib_SPI.o
                              0x4f662 (size before relaxing)
 .debug_str     0x0004fa72     0x1444 ./src/project_src/LSM303DLHC_Lib_I2C.o
                              0x502db (size before relaxing)
 .debug_str     0x00050eb6      0x166 ./src/project_src/MotorPWM.o
                              0x4c2c2 (size before relaxing)
 .debug_str     0x0005101c      0x1ce ./src/project_src/PID_control.o
                               0x25f2 (size before relaxing)
 .debug_str     0x000511ea     0x52d3 ./src/project_src/Tasks.o
                              0x55f97 (size before relaxing)
 .debug_str     0x000564bd       0x99 ./src/project_src/Vector_math.o
                               0x24e8 (size before relaxing)
 .debug_str     0x00056556       0xfc ./src/project_src/filter_Lib.o
                               0x4758 (size before relaxing)
 .debug_str     0x00056652       0x5b ./src/project_src/helperFunctions.o
                              0x4ee76 (size before relaxing)
 .debug_str     0x000566ad      0x4c4 ./src/project_src/main.o
                              0x55f1d (size before relaxing)
 .debug_str     0x00056b71      0x1e0 ./src/project_src/printf_stdarg.o
                              0x4c3f1 (size before relaxing)
 .debug_str     0x00056d51       0xc1 ./src/project_src/remote_control.o
                              0x4c52f (size before relaxing)
 .debug_str     0x00056e12     0x105b ./src/project_src/stm32_configuration.o
                              0x5018e (size before relaxing)
 .debug_str     0x00057e6d      0x177 ./src/project_src/stm32f30x_it.o
                              0x4f1cf (size before relaxing)
 .debug_str     0x00057fe4       0xa4 ./src/project_src/usart.o
                              0x4c31f (size before relaxing)
 .debug_str     0x00058088       0x62 ./src/project_src/vertibot_settings.o
                              0x50137 (size before relaxing)
 .debug_str     0x000580ea       0x49 ./src/project_src/xBee_Lib.o